 DVM_Hirtle_sfun

 Timestamp is 4f25ad3c (Sun Jan 29 12:34:04 2012)

 Preferred load address is 0000000180000000

 Start         Length     Name                   Class
 0001:00000000 00043824H .text                   CODE
 0001:00043830 00000092H .text$x                 CODE
 0002:00000000 00000460H .idata$5                DATA
 0002:00000460 00000008H .CRT$XCA                DATA
 0002:00000468 00000008H .CRT$XCZ                DATA
 0002:00000470 00000008H .CRT$XIA                DATA
 0002:00000478 00000008H .CRT$XIAA               DATA
 0002:00000480 00000008H .CRT$XIZ                DATA
 0002:00000490 00004b5cH .rdata                  DATA
 0002:00004ff0 00000008H .rtc$IAA                DATA
 0002:00004ff8 00000008H .rtc$IZZ                DATA
 0002:00005000 00000008H .rtc$TAA                DATA
 0002:00005008 00000008H .rtc$TZZ                DATA
 0002:00005010 0000452cH .xdata                  DATA
 0002:0000953c 000000a0H .idata$2                DATA
 0002:000095dc 00000014H .idata$3                DATA
 0002:000095f0 00000460H .idata$4                DATA
 0002:00009a50 000009e0H .idata$6                DATA
 0002:0000a430 00000055H .edata                  DATA
 0003:00000000 00004378H .data                   DATA
 0003:00004380 00002678H .bss                    DATA
 0004:00000000 00003348H .pdata                  DATA

  Address         Publics by Value              Rva+Base               Lib:Object

 0000:00000000       ___safe_se_handler_count   0000000000000000     <absolute>
 0000:00000000       ___safe_se_handler_table   0000000000000000     <absolute>
 0000:00000000       __ImageBase                0000000180000000     <linker-defined>
 0001:00000000       sf_c2_DVM_Hirtle_get_eml_resolved_functions_info 0000000180001000 f   c2_DVM_Hirtle.obj
 0001:00001f00       sf_c2_DVM_Hirtle_get_check_sum 0000000180002f00 f   c2_DVM_Hirtle.obj
 0001:00001f80       sf_c2_DVM_Hirtle_get_autoinheritance_info 0000000180002f80 f   c2_DVM_Hirtle.obj
 0001:00002a40       c2_DVM_Hirtle_method_dispatcher 0000000180003a40 f   c2_DVM_Hirtle.obj
 0001:0000ee00       sf_process_check_sum_call  000000018000fe00 f   DVM_Hirtle_sfun_registry.obj
 0001:0000ee50       sf_process_autoinheritance_call 000000018000fe50 f   DVM_Hirtle_sfun_registry.obj
 0001:0000eea0       sf_process_get_eml_resolved_functions_info_call 000000018000fea0 f   DVM_Hirtle_sfun_registry.obj
 0001:0000f020       sf_mex_unlock_call         0000000180010020 f   DVM_Hirtle_sfun_registry.obj
 0001:0000f0d0       sf_machine_global_initializer_called 00000001800100d0 f   DVM_Hirtle_sfun_registry.obj
 0001:0000f100       sf_machine_global_method_dispatcher 0000000180010100 f   DVM_Hirtle_sfun_registry.obj
 0001:0000f160       sf_machine_global_terminator 0000000180010160 f   DVM_Hirtle_sfun_registry.obj
 0001:0000f1a0       sf_register_machine_exported_symbols 00000001800101a0 f   DVM_Hirtle_sfun_registry.obj
 0001:0000f1c0       callCustomFcn              00000001800101c0 f   DVM_Hirtle_sfun_registry.obj
 0001:0000f1d0       sf_machine_global_initializer 00000001800101d0 f   DVM_Hirtle_sfun_registry.obj
 0001:0000f240       _ssSetInputPortMatrixDimensions 0000000180010240 f   DVM_Hirtle_sfun_registry.obj
 0001:0000f350       _ssSetOutputPortMatrixDimensions 0000000180010350 f   DVM_Hirtle_sfun_registry.obj
 0001:0000f460       _ssSetInputPortVectorDimension 0000000180010460 f   DVM_Hirtle_sfun_registry.obj
 0001:0000f530       _ssSetOutputPortVectorDimension 0000000180010530 f   DVM_Hirtle_sfun_registry.obj
 0001:0000f600       ssIsRunTimeParamTunable    0000000180010600 f   DVM_Hirtle_sfun_registry.obj
 0001:0000f670       ssGetSFuncBlockHandle      0000000180010670 f   DVM_Hirtle_sfun_registry.obj
 0001:0000f6e0       _ssGetCurrentInputPortWidth 00000001800106e0 f   DVM_Hirtle_sfun_registry.obj
 0001:0000f800       _ssGetCurrentOutputPortWidth 0000000180010800 f   DVM_Hirtle_sfun_registry.obj
 0001:0000f920       _ssGetCallSystemNumFcnCallDestinations 0000000180010920 f   DVM_Hirtle_sfun_registry.obj
 0001:0000f990       ssWarning                  0000000180010990 f   DVM_Hirtle_sfun_registry.obj
 0001:0000faa0       ssGetIsZeroCrossControlDisabled 0000000180010aa0 f   DVM_Hirtle_sfun_registry.obj
 0001:0000fb10       ssSetIsInputPortUsedForContZcSignal 0000000180010b10 f   DVM_Hirtle_sfun_registry.obj
 0001:0000fb80       ssSetZcSignalIsZcElementDisc 0000000180010b80 f   DVM_Hirtle_sfun_registry.obj
 0001:0000fc30       ssSetZcSignalName          0000000180010c30 f   DVM_Hirtle_sfun_registry.obj
 0001:0000fca0       ssSetZcSignalWidth         0000000180010ca0 f   DVM_Hirtle_sfun_registry.obj
 0001:0000fd10       ssSetZcSignalZcEventType   0000000180010d10 f   DVM_Hirtle_sfun_registry.obj
 0001:0000fd80       ssSetZcSignalType          0000000180010d80 f   DVM_Hirtle_sfun_registry.obj
 0001:0000fdf0       ssSetZcSignalZcTol         0000000180010df0 f   DVM_Hirtle_sfun_registry.obj
 0001:0000fe60       ssSetZcSignalNeedsEventNotification 0000000180010e60 f   DVM_Hirtle_sfun_registry.obj
 0001:0000fed0       ssCreateAndAddZcSignalInfo 0000000180010ed0 f   DVM_Hirtle_sfun_registry.obj
 0001:0000ff40       ssCloneAndAddZcSignalInfo  0000000180010f40 f   DVM_Hirtle_sfun_registry.obj
 0001:0000ffb0       ssGetNumZcSignals          0000000180010fb0 f   DVM_Hirtle_sfun_registry.obj
 0001:00010020       ssGetZcSignalVector        0000000180011020 f   DVM_Hirtle_sfun_registry.obj
 0001:00010090       ssGetZcSignalZcEvents      0000000180011090 f   DVM_Hirtle_sfun_registry.obj
 0001:00010100       ssGetZcSignalName          0000000180011100 f   DVM_Hirtle_sfun_registry.obj
 0001:00010170       ssGetZcSignalWidth         0000000180011170 f   DVM_Hirtle_sfun_registry.obj
 0001:000101e0       ssGetZcSignalZcEventType   00000001800111e0 f   DVM_Hirtle_sfun_registry.obj
 0001:00010250       ssGetZcSignalType          0000000180011250 f   DVM_Hirtle_sfun_registry.obj
 0001:000102c0       ssGetZcSignalZcTol         00000001800112c0 f   DVM_Hirtle_sfun_registry.obj
 0001:00010340       ssGetZcSignalNeedsEventNotification 0000000180011340 f   DVM_Hirtle_sfun_registry.obj
 0001:000103b0       ssGetZcSignalIsZcElementDisc 00000001800113b0 f   DVM_Hirtle_sfun_registry.obj
 0001:00010450       ssGetIsInputPortElementContinuous 0000000180011450 f   DVM_Hirtle_sfun_registry.obj
 0001:000104f0       _ssGetInputPortSignalPtrsFcn 00000001800114f0 f   DVM_Hirtle_sfun_registry.obj
 0001:000107b0       _ssGetInputPortSignalFcn   00000001800117b0 f   DVM_Hirtle_sfun_registry.obj
 0001:000109d0       _ssSetInputPortDirectFeedThroughFcn 00000001800119d0 f   DVM_Hirtle_sfun_registry.obj
 0001:00010b30       _ssSetInputPortReusableFcn 0000000180011b30 f   DVM_Hirtle_sfun_registry.obj
 0001:00010c20       _ssSetOutputPortReusableFcn 0000000180011c20 f   DVM_Hirtle_sfun_registry.obj
 0001:00010d00       ssGetDTypeIdFromMxArray    0000000180011d00 f   DVM_Hirtle_sfun_registry.obj
 0001:00010e20       ssWriteRTWStr              0000000180011e20 f   DVM_Hirtle_sfun_registry.obj
 0001:00010e80       ssWriteRTWMxVectParam      0000000180011e80 f   DVM_Hirtle_sfun_registry.obj
 0001:00010ee0       ssWriteRTWMx2dMatParam     0000000180011ee0 f   DVM_Hirtle_sfun_registry.obj
 0001:00010f60       ssWriteRTWNameValuePair    0000000180011f60 f   DVM_Hirtle_sfun_registry.obj
 0001:00011450       ssWriteRTWParameters       0000000180012450 f   DVM_Hirtle_sfun_registry.obj
 0001:00011a50       ssWriteRTWParamSettings    0000000180012a50 f   DVM_Hirtle_sfun_registry.obj
 0001:00012120       ssWriteRTWWorkVect         0000000180013120 f   DVM_Hirtle_sfun_registry.obj
 0001:00012620       mexFunction                0000000180013620 f   DVM_Hirtle_sfun_registry.obj
 0001:00014260       ProcessMexSfunctionEveryCall 0000000180015260 f   DVM_Hirtle_sfun_registry.obj
 0001:000143d0       DVM_Hirtle_initializer     00000001800153d0 f   DVM_Hirtle_sfun.obj
 0001:000143f0       DVM_Hirtle_terminator      00000001800153f0 f   DVM_Hirtle_sfun.obj
 0001:00014400       sf_DVM_Hirtle_method_dispatcher 0000000180015400 f   DVM_Hirtle_sfun.obj
 0001:00014450       sf_DVM_Hirtle_process_check_sum_call 0000000180015450 f   DVM_Hirtle_sfun.obj
 0001:00014860       sf_DVM_Hirtle_autoinheritance_info 0000000180015860 f   DVM_Hirtle_sfun.obj
 0001:00014960       sf_DVM_Hirtle_get_eml_resolved_functions_info 0000000180015960 f   DVM_Hirtle_sfun.obj
 0001:00014a90       DVM_Hirtle_debug_initialize 0000000180015a90 f   DVM_Hirtle_sfun.obj
 0001:00014b00       DVM_Hirtle_register_exported_symbols 0000000180015b00 f   DVM_Hirtle_sfun.obj
 0001:00014bb0       sf_mex_mx_is_numeric       0000000180015bb0 f   sfc_mex:sfc_mex.obj
 0001:00014bf0       strcmp_ignore_ws           0000000180015bf0 f   sfc_mex:sfc_mex.obj
 0001:00014d30       sf_mex_duplicatearraysafe  0000000180015d30 f   sfc_mex:sfc_mex.obj
 0001:00014e90       sf_set_error_debugger_context_message_fcn 0000000180015e90 f   sfc_mex:sfc_mex.obj
 0001:00014ea0       sf_set_debugger_matlab_error_fcn 0000000180015ea0 f   sfc_mex:sfc_mex.obj
 0001:00014ed0       sf_set_error_prefix_string 0000000180015ed0 f   sfc_mex:sfc_mex.obj
 0001:00014f00       sf_get_error_prefix_string 0000000180015f00 f   sfc_mex:sfc_mex.obj
 0001:00014f10       sf_get_current_jmp_buf_ptr 0000000180015f10 f   sfc_mex:sfc_mex.obj
 0001:00014f20       sf_set_current_jmp_buf_ptr 0000000180015f20 f   sfc_mex:sfc_mex.obj
 0001:00014f30       sf_mex_set_halt_simulation 0000000180015f30 f   sfc_mex:sfc_mex.obj
 0001:00014f40       sf_mex_get_halt_simulation 0000000180015f40 f   sfc_mex:sfc_mex.obj
 0001:00014f50       sf_mex_clear_error_message 0000000180015f50 f   sfc_mex:sfc_mex.obj
 0001:00014f70       sf_mex_get_error_message_for_read 0000000180015f70 f   sfc_mex:sfc_mex.obj
 0001:00014f80       sf_mex_get_error_message_buffer_length 0000000180015f80 f   sfc_mex:sfc_mex.obj
 0001:00015070       sf_mex_warning_message     0000000180016070 f   sfc_mex:sfc_mex.obj
 0001:000150e0       sf_mex_v_errbuf_createf    00000001800160e0 f   sfc_mex:sfc_mex.obj
 0001:000150f0       sf_mex_errbuf_createf      00000001800160f0 f   sfc_mex:sfc_mex.obj
 0001:00015120       sf_mex_v_errbuf_catf       0000000180016120 f   sfc_mex:sfc_mex.obj
 0001:00015160       sf_mex_errbuf_catf         0000000180016160 f   sfc_mex:sfc_mex.obj
 0001:000151b0       sf_mex_errbuf_copy         00000001800161b0 f   sfc_mex:sfc_mex.obj
 0001:000151c0       sf_mex_errbuf_clear        00000001800161c0 f   sfc_mex:sfc_mex.obj
 0001:000151d0       sf_mex_errbuf_isempty      00000001800161d0 f   sfc_mex:sfc_mex.obj
 0001:000152e0       sf_mex_set_error_status    00000001800162e0 f   sfc_mex:sfc_mex.obj
 0001:00015330       sf_mex_error_direct_call   0000000180016330 f   sfc_mex:sfc_mex.obj
 0001:00015350       sf_mex_long_jump_on_error  0000000180016350 f   sfc_mex:sfc_mex.obj
 0001:00015380       sf_mex_call_matlab         0000000180016380 f   sfc_mex:sfc_mex.obj
 0001:000154a0       sf_mex_check_builtin       00000001800164a0 f   sfc_mex:sfc_mex.obj
 0001:000154e0       sf_mex_check_builtin_vs    00000001800164e0 f   sfc_mex:sfc_mex.obj
 0001:00015540       sf_mex_check_enum          0000000180016540 f   sfc_mex:sfc_mex.obj
 0001:00015570       sf_mex_create_enum         0000000180016570 f   sfc_mex:sfc_mex.obj
 0001:00015590       sf_mex_get_enum_element    0000000180016590 f   sfc_mex:sfc_mex.obj
 0001:000155a0       sf_mex_createcellarray     00000001800165a0 f   sfc_mex:sfc_mex.obj
 0001:000155b0       sf_mex_setcell             00000001800165b0 f   sfc_mex:sfc_mex.obj
 0001:000155c0       sf_mex_getcell             00000001800165c0 f   sfc_mex:sfc_mex.obj
 0001:000155d0       sf_mex_dup                 00000001800165d0 f   sfc_mex:sfc_mex.obj
 0001:000155f0       sf_mex_assign              00000001800165f0 f   sfc_mex:sfc_mex.obj
 0001:00015650       sf_mex_destroy             0000000180016650 f   sfc_mex:sfc_mex.obj
 0001:00015680       mx_array_has_fi_type       0000000180016680 f   sfc_mex:sfc_mex.obj
 0001:000156b0       sf_mex_convert_from_fi     00000001800166b0 f   sfc_mex:sfc_mex.obj
 0001:00015810       sf_mex_convert_to_double   0000000180016810 f   sfc_mex:sfc_mex.obj
 0001:00015930       sf_mex_import_fi_vs        0000000180016930 f   sfc_mex:sfc_mex.obj
 0001:00015b60       sf_matrix_matrix_index_ok  0000000180016b60 f   sfc_mex:sfc_mex.obj
 0001:00015bf0       sf_vector_vector_index_ok  0000000180016bf0 f   sfc_mex:sfc_mex.obj
 0001:00015c20       ssGetCurrentInputPortDimensions_wrapper 0000000180016c20 f   sfc_mex:sfc_mex.obj
 0001:00015c40       ssGetCurrentOutputPortDimensions_wrapper 0000000180016c40 f   sfc_mex:sfc_mex.obj
 0001:00015c60       sf_mex_emlrt_context_is_debug_mode 0000000180016c60 f   sfc_mex:sfc_mex.obj
 0001:00015c70       sf_mex_emlrt_context_set_debug_mode 0000000180016c70 f   sfc_mex:sfc_mex.obj
 0001:00015c80       sf_clear_error_manager_info 0000000180016c80 f   sfc_mex:sfc_mex.obj
 0001:00015cd0       sf_mex_stop_simulation_abruptly_wo_error 0000000180016cd0 f   sfc_mex:sfc_mex.obj
 0001:00015d10       sf_mex_error_message       0000000180016d10 f   sfc_mex:sfc_mex.obj
 0001:00015d70       sf_react_to_error_in_matlab_call 0000000180016d70 f   sfc_mex:sfc_mex.obj
 0001:00015da0       sf_mex_addfield            0000000180016da0 f   sfc_mex:sfc_mex.obj
 0001:00015e40       sf_mex_getfield            0000000180016e40 f   sfc_mex:sfc_mex.obj
 0001:000160f0       sf_mex_check_class         00000001800170f0 f   sfc_mex:sfc_mex.obj
 0001:00016180       sf_mex_is_real             0000000180017180 f   sfc_mex:sfc_mex.obj
 0001:000162a0       sf_mex_check_complex       00000001800172a0 f   sfc_mex:sfc_mex.obj
 0001:00016300       sf_mex_check_sparse        0000000180017300 f   sfc_mex:sfc_mex.obj
 0001:00016370       sf_mex_check_numerictype   0000000180017370 f   sfc_mex:sfc_mex.obj
 0001:000165d0       sf_mex_check_fimath        00000001800175d0 f   sfc_mex:sfc_mex.obj
 0001:00016830       sf_mex_decode_encoded_mx_struct_array 0000000180017830 f   sfc_mex:sfc_mex.obj
 0001:00016b00       sf_mex_lw_bounds_check     0000000180017b00 f   sfc_mex:sfc_mex.obj
 0001:00016b30       sf_mex_lw_size_eq_check_1d 0000000180017b30 f   sfc_mex:sfc_mex.obj
 0001:00016b50       sf_mex_lw_size_eq_check_nd 0000000180017b50 f   sfc_mex:sfc_mex.obj
 0001:00016d40       sf_mex_lw_dim_size_eq_check 0000000180017d40 f   sfc_mex:sfc_mex.obj
 0001:00016d70       sf_mex_lw_dim_size_geq_check 0000000180017d70 f   sfc_mex:sfc_mex.obj
 0001:00016da0       sf_mex_lw_sub_assign_size_check_nd 0000000180017da0 f   sfc_mex:sfc_mex.obj
 0001:00016fe0       sf_mex_lw_matrix_matrix_index_check 0000000180017fe0 f   sfc_mex:sfc_mex.obj
 0001:00017070       sf_mex_lw_vector_vector_index_check 0000000180018070 f   sfc_mex:sfc_mex.obj
 0001:000170b0       sf_mex_lw_non_negative_check 00000001800180b0 f   sfc_mex:sfc_mex.obj
 0001:000170f0       sf_mex_overflow_error      00000001800180f0 f   sfc_mex:sfc_mex.obj
 0001:00017100       sf_mex_dividebyzero_error  0000000180018100 f   sfc_mex:sfc_mex.obj
 0001:00017110       sf_mex_unsafe_enum_error   0000000180018110 f   sfc_mex:sfc_mex.obj
 0001:00017120       sf_emlrtErrHandler         0000000180018120 f   sfc_mex:sfc_mex.obj
 0001:00017150       sf_mex_printf              0000000180018150 f   sfc_mex:sfc_mex.obj
 0001:00017380       sf_mex_check_size          0000000180018380 f   sfc_mex:sfc_mex.obj
 0001:00017680       sf_mex_check_struct        0000000180018680 f   sfc_mex:sfc_mex.obj
 0001:00017840       sf_mex_check_struct_vs     0000000180018840 f   sfc_mex:sfc_mex.obj
 0001:000178d0       sf_mex_check_fi            00000001800188d0 f   sfc_mex:sfc_mex.obj
 0001:00017b30       sf_mex_check_fi_vs         0000000180018b30 f   sfc_mex:sfc_mex.obj
 0001:00017bd0       sf_echo_expression         0000000180018bd0 f   sfc_mex:sfc_mex.obj
 0001:00017c30       sf_assertion_failed        0000000180018c30 f   sfc_mex:sfc_mex.obj
 0001:00017e00       sf_mex_evalin              0000000180018e00 f   sfc_mex:sfc_mex.obj
 0001:00018120       sf_mex_export              0000000180019120 f   sfc_mex:sfc_mex.obj
 0001:000181c0       sf_mex_get_ml_var_no_error 00000001800191c0 f   sfc_mex:sfc_mex.obj
 0001:00018440       sf_mex_get_ml_var          0000000180019440 f   sfc_mex:sfc_mex.obj
 0001:000187c0       ml_set_element_value_in_array 00000001800197c0 f   sfc_mex:sfc_mex.obj
 0001:00019c50       sf_mex_call_impl           000000018001ac50 f   sfc_mex:sfc_mex.obj
 0001:0001a210       sf_mex_call_debug          000000018001b210 f   sfc_mex:sfc_mex.obj
 0001:0001a240       sf_mex_call                000000018001b240 f   sfc_mex:sfc_mex.obj
 0001:0001a850       sf_mex_createstruct        000000018001b850 f   sfc_mex:sfc_mex.obj
 0001:0001a940       sf_mex_createstructarray   000000018001b940 f   sfc_mex:sfc_mex.obj
 0001:0001a9c0       sf_mex_get_mx_datatype_from_sf_datatype 000000018001b9c0 f   sfc_mex:sfc_mex.obj
 0001:0001acd0       sf_mex_ml_var_sub          000000018001bcd0 f   sfc_mex:sfc_mex.obj
 0001:0001aea0       sf_mex_ml_var_subsasgn     000000018001bea0 f   sfc_mex:sfc_mex.obj
 0001:0001b2b0       sf_mex_sub                 000000018001c2b0 f   sfc_mex:sfc_mex.obj
 0001:0001b4d0       sf_mex_subsasgn            000000018001c4d0 f   sfc_mex:sfc_mex.obj
 0001:0001c080       sf_mex_create              000000018001d080 f   sfc_mex:sfc_mex.obj
 0001:0001cf00       sf_mex_import              000000018001df00 f   sfc_mex:sfc_mex.obj
 0001:0001d010       sf_mex_import_vs           000000018001e010 f   sfc_mex:sfc_mex.obj
 0001:0001d120       sf_mex_lower_fixpt_mx_array 000000018001e120 f   sfc_mex:sfc_mex.obj
 0001:0001d760       sim_mode_is_rtw_gen        000000018001e760 f   sfc_mex:sfc_sf.obj
 0001:0001d790       sim_mode_is_external       000000018001e790 f   sfc_mex:sfc_sf.obj
 0001:0001d7a0       mdlInitializeSizes         000000018001e7a0 f   sfc_mex:sfc_sf.obj
 0001:0001d7c0       mdlInitializeSampleTimes   000000018001e7c0 f   sfc_mex:sfc_sf.obj
 0001:0001d800       mdlZeroCrossings           000000018001e800 f   sfc_mex:sfc_sf.obj
 0001:0001d8e0       mdlDerivatives             000000018001e8e0 f   sfc_mex:sfc_sf.obj
 0001:0001d990       mdl_initialize_conditions_processing 000000018001e990 f   sfc_mex:sfc_sf.obj
 0001:0001d9c0       mdlInitializeConditions    000000018001e9c0 f   sfc_mex:sfc_sf.obj
 0001:0001da80       mdlGetSimState             000000018001ea80 f   sfc_mex:sfc_sf.obj
 0001:0001da90       mdlSetSimState             000000018001ea90 f   sfc_mex:sfc_sf.obj
 0001:0001daa0       mdl_ext_mode_exec_processing 000000018001eaa0 f   sfc_mex:sfc_sf.obj
 0001:0001dac0       mdlExtModeExec             000000018001eac0 f   sfc_mex:sfc_sf.obj
 0001:0001dd20       mdlTerminate               000000018001ed20 f   sfc_mex:sfc_sf.obj
 0001:0001dd90       mdlRTW                     000000018001ed90 f   sfc_mex:sfc_sf.obj
 0001:0001ddc0       mdlSetWorkWidths           000000018001edc0 f   sfc_mex:sfc_sf.obj
 0001:0001ddd0       mdlProcessParameters       000000018001edd0 f   sfc_mex:sfc_sf.obj
 0001:0001dde0       mdl_start_processing       000000018001ede0 f   sfc_mex:sfc_sf.obj
 0001:0001de20       mdlStart                   000000018001ee20 f   sfc_mex:sfc_sf.obj
 0001:0001df10       mdlEnable                  000000018001ef10 f   sfc_mex:sfc_sf.obj
 0001:0001dfe0       mdlDisable                 000000018001efe0 f   sfc_mex:sfc_sf.obj
 0001:0001e090       sf_get_chart_instance_ptr  000000018001f090 f   sfc_mex:sfc_sf.obj
 0001:0001e0b0       sf_rtw_info_uint_prop      000000018001f0b0 f   sfc_mex:sfc_sf.obj
 0001:0001e290       sf_is_chart_inlinable      000000018001f290 f   sfc_mex:sfc_sf.obj
 0001:0001e2b0       sf_mark_output_events_with_multiple_callers 000000018001f2b0 f   sfc_mex:sfc_sf.obj
 0001:0001e4d0       sf_mark_chart_reusable_outputs 000000018001f4d0 f   sfc_mex:sfc_sf.obj
 0001:0001e7b0       sf_mark_chart_expressionable_inputs 000000018001f7b0 f   sfc_mex:sfc_sf.obj
 0001:0001eb80       sf_get_subchart_simstruct  000000018001fb80 f   sfc_mex:sfc_sf.obj
 0001:0001ebd0       sf_write_symbol_mapping    000000018001fbd0 f   sfc_mex:sfc_sf.obj
 0001:0001ee80       sf_get_fixpt_data_type_id  000000018001fe80 f   sfc_mex:sfc_sf.obj
 0001:0001eec0       sf_get_enum_data_type_id   000000018001fec0 f   sfc_mex:sfc_sf.obj
 0001:0001ef00       sf_get_param_data_type_id  000000018001ff00 f   sfc_mex:sfc_sf.obj
 0001:0001ef30       sf_mex_listen_for_ctrl_c_force 000000018001ff30 f   sfc_mex:sfc_sf.obj
 0001:0001f040       sf_mex_draw_now            0000000180020040 f   sfc_mex:sfc_sf.obj
 0001:0001f080       sf_mex_set_debugger_sim_status_listener_fcn 0000000180020080 f   sfc_mex:sfc_sf.obj
 0001:0001f090       sf_mex_listen_for_ctrl_c   0000000180020090 f   sfc_mex:sfc_sf.obj
 0001:0001f120       sf_mex_get_sfun_param      0000000180020120 f   sfc_mex:sfc_sf.obj
 0001:0001f170       sf_get_runtime_param_data  0000000180020170 f   sfc_mex:sfc_sf.obj
 0001:0001f1b0       sf_call_output_fcn_call    00000001800201b0 f   sfc_mex:sfc_sf.obj
 0001:0001f2f0       sf_call_output_fcn_enable  00000001800202f0 f   sfc_mex:sfc_sf.obj
 0001:0001f380       sf_call_output_fcn_disable 0000000180020380 f   sfc_mex:sfc_sf.obj
 0001:0001f410       sf_clear_rtw_identifier    0000000180020410 f   sfc_mex:sfc_sf.obj
 0001:0001fbe0       sf_set_encoded_dwork_info  0000000180020be0 f   sfc_mex:sfc_sf.obj
 0001:0001fe80       sf_set_rtw_dwork_info      0000000180020e80 f   sfc_mex:sfc_sf.obj
 0001:00020150       mdlOutputs                 0000000180021150 f   sfc_mex:sfc_sf.obj
 0001:00020290       sf_debug_disp              0000000180021290 f   sfc_debug:sfcdebug.obj
 0001:00020560       sf_debug_data_runtime_size_mismatch_error_check 0000000180021560 f   sfc_debug:sfcdebug.obj
 0001:00020600       sf_debug_try_loading_machine 0000000180021600 f   sfc_debug:sfcdebug.obj
 0001:00020700       sf_debug_reset_current_state_configuration 0000000180021700 f   sfc_debug:sfcdebug.obj
 0001:00020790       sf_debug_store_current_state_configuration 0000000180021790 f   sfc_debug:sfcdebug.obj
 0001:00020820       sf_debug_restore_previous_state_configuration 0000000180021820 f   sfc_debug:sfcdebug.obj
 0001:000208b0       sf_debug_restore_previous_state_configuration2 00000001800218b0 f   sfc_debug:sfcdebug.obj
 0001:00020940       sf_debug_get_event_scope   0000000180021940 f   sfc_debug:sfcdebug.obj
 0001:00020ab0       use_debugger_step_animation 0000000180021ab0 f   sfc_debug:sfcdebug.obj
 0001:00020ad0       sf_debug_get_script_id     0000000180021ad0 f   sfc_debug:sfcdebug.obj
 0001:00020b60       sf_debug_set_script_translation 0000000180021b60 f   sfc_debug:sfcdebug.obj
 0001:00020c20       sf_debug_get_current_machine_id 0000000180021c20 f   sfc_debug:sfcdebug.obj
 0001:00020c40       sf_debug_get_current_optional_integer 0000000180021c40 f   sfc_debug:sfcdebug.obj
 0001:00020c50       sf_debug_get_current_machine_number 0000000180021c50 f   sfc_debug:sfcdebug.obj
 0001:00020c70       sf_debug_get_current_machine_name 0000000180021c70 f   sfc_debug:sfcdebug.obj
 0001:00020c90       sf_debug_get_current_chart_id 0000000180021c90 f   sfc_debug:sfcdebug.obj
 0001:00020ce0       sf_debug_get_current_chart_number 0000000180021ce0 f   sfc_debug:sfcdebug.obj
 0001:00020cf0       sf_debug_get_current_instance_number 0000000180021cf0 f   sfc_debug:sfcdebug.obj
 0001:00020d00       sf_debug_get_current_is_minor_time_step 0000000180021d00 f   sfc_debug:sfcdebug.obj
 0001:00020d80       sf_debug_get_current_object_type 0000000180021d80 f   sfc_debug:sfcdebug.obj
 0001:00020d90       sf_debug_get_current_instance_handle 0000000180021d90 f   sfc_debug:sfcdebug.obj
 0001:00020df0       sf_debug_get_current_event_type 0000000180021df0 f   sfc_debug:sfcdebug.obj
 0001:00020e00       sf_debug_get_current_object_id 0000000180021e00 f   sfc_debug:sfcdebug.obj
 0001:00020e40       sf_debug_get_current_active_event_type 0000000180021e40 f   sfc_debug:sfcdebug.obj
 0001:00020e50       sf_debug_get_current_active_event_id 0000000180021e50 f   sfc_debug:sfcdebug.obj
 0001:00020e90       sf_debug_get_current_tag_type 0000000180021e90 f   sfc_debug:sfcdebug.obj
 0001:00020ea0       sf_debug_get_current_simulation_time 0000000180021ea0 f   sfc_debug:sfcdebug.obj
 0001:00020eb0       sf_debug_get_current_coverage_percentage 0000000180021eb0 f   sfc_debug:sfcdebug.obj
 0001:00020ec0       sf_debug_current_statement_context 0000000180021ec0 f   sfc_debug:sfcdebug.obj
 0001:00020f50       sf_debug_get_current_statement_info 0000000180021f50 f   sfc_debug:sfcdebug.obj
 0001:000210d0       sf_debug_terminate_instance 00000001800220d0 f   sfc_debug:sfcdebug.obj
 0001:000213f0       sf_debug_assertion_failed  00000001800223f0 f   sfc_debug:sfcdebug.obj
 0001:000215a0       sf_debug_set_number_of_data_with_change_event_for_machine 00000001800225a0 f   sfc_debug:sfcdebug.obj
 0001:000215e0       sf_debug_set_machine_event_thresholds 00000001800225e0 f   sfc_debug:sfcdebug.obj
 0001:00021600       sf_debug_set_machine_event_scope 0000000180022600 f   sfc_debug:sfcdebug.obj
 0001:00021640       sf_debug_set_machine_data_thresholds 0000000180022640 f   sfc_debug:sfcdebug.obj
 0001:00021680       sf_debug_set_machine_data_scope 0000000180022680 f   sfc_debug:sfcdebug.obj
 0001:00021710       sf_debug_set_machine_data_name 0000000180022710 f   sfc_debug:sfcdebug.obj
 0001:000217b0       sf_debug_set_machine_data_size 00000001800227b0 f   sfc_debug:sfcdebug.obj
 0001:000218f0       sf_debug_set_machine_data_type 00000001800228f0 f   sfc_debug:sfcdebug.obj
 0001:00021a60       sf_debug_get_chart_data_number 0000000180022a60 f   sfc_debug:sfcdebug.obj
 0001:00021a80       sf_debug_get_chart_event_number 0000000180022a80 f   sfc_debug:sfcdebug.obj
 0001:00021aa0       sf_debug_set_chart_state_info 0000000180022aa0 f   sfc_debug:sfcdebug.obj
 0001:00021b20       sf_debug_set_chart_decomposition 0000000180022b20 f   sfc_debug:sfcdebug.obj
 0001:00021b90       sf_debug_set_chart_substate_count 0000000180022b90 f   sfc_debug:sfcdebug.obj
 0001:00021c70       sf_debug_set_chart_substate_index 0000000180022c70 f   sfc_debug:sfcdebug.obj
 0001:00021ce0       sf_debug_set_chart_state_substate_count 0000000180022ce0 f   sfc_debug:sfcdebug.obj
 0001:00021df0       sf_debug_set_chart_state_substate_index 0000000180022df0 f   sfc_debug:sfcdebug.obj
 0001:00021e70       sf_debug_set_number_of_data_with_change_event_for_chart 0000000180022e70 f   sfc_debug:sfcdebug.obj
 0001:00021ef0       sf_debug_set_number_of_states_with_entry_event_for_chart 0000000180022ef0 f   sfc_debug:sfcdebug.obj
 0001:00021f60       sf_debug_set_number_of_states_with_exit_event_for_chart 0000000180022f60 f   sfc_debug:sfcdebug.obj
 0001:00021fd0       sf_debug_set_chart_disable_implicit_casting 0000000180022fd0 f   sfc_debug:sfcdebug.obj
 0001:00022040       sf_debug_set_chart_event_thresholds 0000000180023040 f   sfc_debug:sfcdebug.obj
 0001:000220b0       sf_debug_set_chart_data_compiled_props 00000001800230b0 f   sfc_debug:sfcdebug.obj
 0001:000223f0       sf_debug_set_chart_data_props 00000001800233f0 f   sfc_debug:sfcdebug.obj
 0001:00022720       sf_debug_check_fi_license  0000000180023720 f   sfc_debug:sfcdebug.obj
 0001:00022910       sf_debug_symbol_scope_push 0000000180023910 f   sfc_debug:sfcdebug.obj
 0001:000229f0       sf_debug_symbol_scope_push_eml 00000001800239f0 f   sfc_debug:sfcdebug.obj
 0001:00022ad0       sf_debug_symbol_scope_pop  0000000180023ad0 f   sfc_debug:sfcdebug.obj
 0001:00022b10       sf_debug_symbol_scope_add  0000000180023b10 f   sfc_debug:sfcdebug.obj
 0001:00022b90       sf_debug_symbol_scope_add_eml 0000000180023b90 f   sfc_debug:sfcdebug.obj
 0001:00022bd0       sf_debug_symbol_scope_add_dyn 0000000180023bd0 f   sfc_debug:sfcdebug.obj
 0001:00022c80       sf_debug_symbol_scope_add_eml_dyn 0000000180023c80 f   sfc_debug:sfcdebug.obj
 0001:00022ce0       sf_debug_symbol_switch     0000000180023ce0 f   sfc_debug:sfcdebug.obj
 0001:00022d00       sf_debug_symbol_scope_add_verbose 0000000180023d00 f   sfc_debug:sfcdebug.obj
 0001:00022dd0       sf_debug_set_machine_data_value_ptr 0000000180023dd0 f   sfc_debug:sfcdebug.obj
 0001:00022e10       sf_debug_set_instance_data_value_ptr 0000000180023e10 f   sfc_debug:sfcdebug.obj
 0001:00022ed0       sf_debug_unset_instance_data_value_ptr 0000000180023ed0 f   sfc_debug:sfcdebug.obj
 0001:00022f80       sf_debug_set_chart_event_scope 0000000180023f80 f   sfc_debug:sfcdebug.obj
 0001:00023000       sf_debug_set_chart_transition_coverage_maps 0000000180024000 f   sfc_debug:sfcdebug.obj
 0001:00023110       sf_debug_set_chart_state_coverage_maps 0000000180024110 f   sfc_debug:sfcdebug.obj
 0001:000231f0       sf_debug_set_instance_transition_coverage_weights 00000001800241f0 f   sfc_debug:sfcdebug.obj
 0001:00023290       sf_debug_set_instance_state_coverage_weights 0000000180024290 f   sfc_debug:sfcdebug.obj
 0001:000234e0       sf_debug_unload_machine    00000001800244e0 f   sfc_debug:sfcdebug.obj
 0001:00023530       sf_debug_load_machine      0000000180024530 f   sfc_debug:sfcdebug.obj
 0001:00023640       sf_debug_set_active_instance_in_data_dictionary 0000000180024640 f   sfc_debug:sfcdebug.obj
 0001:00023820       sf_debug_set_active_instance 0000000180024820 f   sfc_debug:sfcdebug.obj
 0001:00023970       sf_debug_chart_visiblity_change 0000000180024970 f   sfc_debug:sfcdebug.obj
 0001:00023a50       sf_debug_select_chart      0000000180024a50 f   sfc_debug:sfcdebug.obj
 0001:00023b30       sf_debug_set_instance_cv_ids 0000000180024b30 f   sfc_debug:sfcdebug.obj
 0001:00023e50       sf_debug_select_charts     0000000180024e50 f   sfc_debug:sfcdebug.obj
 0001:00023f90       sf_debug_initialized       0000000180024f90 f   sfc_debug:sfcdebug.obj
 0001:00023fa0       sf_debug_is_uninterruptible 0000000180024fa0 f   sfc_debug:sfcdebug.obj
 0001:00023fd0       sf_debug_initialize_debugger_gui 0000000180024fd0 f   sfc_debug:sfcdebug.obj
 0001:000243b0       sf_debug_resume            00000001800253b0 f   sfc_debug:sfcdebug.obj
 0001:000243d0       sf_debug_go                00000001800253d0 f   sfc_debug:sfcdebug.obj
 0001:000243e0       sf_debug_break             00000001800253e0 f   sfc_debug:sfcdebug.obj
 0001:000243f0       sf_debug_step_over         00000001800253f0 f   sfc_debug:sfcdebug.obj
 0001:00024400       sf_debug_step_out          0000000180025400 f   sfc_debug:sfcdebug.obj
 0001:00024410       sf_debug_set_disable_all_breakpoints 0000000180025410 f   sfc_debug:sfcdebug.obj
 0001:00024420       sf_debug_disable_all_breakpoints_and_go 0000000180025420 f   sfc_debug:sfcdebug.obj
 0001:00024430       sf_debug_break_on_chart_entry 0000000180025430 f   sfc_debug:sfcdebug.obj
 0001:00024440       sf_debug_break_on_event_broadcast 0000000180025440 f   sfc_debug:sfcdebug.obj
 0001:00024450       sf_debug_break_on_state_entry 0000000180025450 f   sfc_debug:sfcdebug.obj
 0001:00024460       sf_debug_break_between_times 0000000180025460 f   sfc_debug:sfcdebug.obj
 0001:00024480       sf_debug_browse_data       0000000180025480 f   sfc_debug:sfcdebug.obj
 0001:000244a0       sf_debug_watch_data        00000001800254a0 f   sfc_debug:sfcdebug.obj
 0001:000244c0       sf_debug_whos              00000001800254c0 f   sfc_debug:sfcdebug.obj
 0001:000244e0       sf_debug_get_consistency_info 00000001800254e0 f   sfc_debug:sfcdebug.obj
 0001:000244f0       sf_debug_browse_trace      00000001800254f0 f   sfc_debug:sfcdebug.obj
 0001:00024500       sf_debug_set_breakpoints   0000000180025500 f   sfc_debug:sfcdebug.obj
 0001:00024650       sf_debug_set_eml_breakpoints 0000000180025650 f   sfc_debug:sfcdebug.obj
 0001:000247b0       sf_debug_set_script_breakpoints 00000001800257b0 f   sfc_debug:sfcdebug.obj
 0001:00024830       sf_debug_add_script_breakpoints 0000000180025830 f   sfc_debug:sfcdebug.obj
 0001:000248a0       sf_debug_clear_script_breakpoints 00000001800258a0 f   sfc_debug:sfcdebug.obj
 0001:00024910       sf_debug_query_script_breakpoints 0000000180025910 f   sfc_debug:sfcdebug.obj
 0001:000249d0       sf_debug_get_eml_script_id 00000001800259d0 f   sfc_debug:sfcdebug.obj
 0001:00024a90       sf_debug_set_watch         0000000180025a90 f   sfc_debug:sfcdebug.obj
 0001:00024cb0       sf_debug_get_coverage      0000000180025cb0 f   sfc_debug:sfcdebug.obj
 0001:00024cc0       sf_debug_get_instance_handle 0000000180025cc0 f   sfc_debug:sfcdebug.obj
 0001:00024d50       sf_debug_get_active_states 0000000180025d50 f   sfc_debug:sfcdebug.obj
 0001:00024d60       sf_debug_get_animation     0000000180025d60 f   sfc_debug:sfcdebug.obj
 0001:00024d70       sf_debug_set_animation     0000000180025d70 f   sfc_debug:sfcdebug.obj
 0001:00024d80       sf_debug_animate           0000000180025d80 f   sfc_debug:sfcdebug.obj
 0001:00024db0       sf_debug_cycle_detection_check 0000000180025db0 f   sfc_debug:sfcdebug.obj
 0001:00024dc0       sf_debug_data_range_check  0000000180025dc0 f   sfc_debug:sfcdebug.obj
 0001:00024dd0       sf_debug_transition_conflict_check 0000000180025dd0 f   sfc_debug:sfcdebug.obj
 0001:00024de0       sf_debug_state_consistency_check 0000000180025de0 f   sfc_debug:sfcdebug.obj
 0001:00024df0       sf_debug_data_range_check_enabled 0000000180025df0 f   sfc_debug:sfcdebug.obj
 0001:00024e10       sf_debug_transition_conflict_check_enabled 0000000180025e10 f   sfc_debug:sfcdebug.obj
 0001:00024e30       sf_debug_transition_conflict_check_begin 0000000180025e30 f   sfc_debug:sfcdebug.obj
 0001:00024e50       sf_debug_transition_conflict_check_end 0000000180025e50 f   sfc_debug:sfcdebug.obj
 0001:00024e70       sf_debug_stop_debugging    0000000180025e70 f   sfc_debug:sfcdebug.obj
 0001:00024ea0       sf_debug_is_cycle_detected 0000000180025ea0 f   sfc_debug:sfcdebug.obj
 0001:00024eb0       sf_debug_is_array_bounds_detected 0000000180025eb0 f   sfc_debug:sfcdebug.obj
 0001:00024ec0       sf_debug_get_state_vectors_data_size 0000000180025ec0 f   sfc_debug:sfcdebug.obj
 0001:00024f00       sf_debug_get_state_vectors_data 0000000180025f00 f   sfc_debug:sfcdebug.obj
 0001:00025010       sf_debug_set_state_vectors_data 0000000180026010 f   sfc_debug:sfcdebug.obj
 0001:000252f0       sf_debug_get_script_index  00000001800262f0 f   sfc_debug:sfcdebug.obj
 0001:00025470       sf_debug_add_script        0000000180026470 f   sfc_debug:sfcdebug.obj
 0001:00025650       cv_eval_point              0000000180026650 f   sfc_debug:sfcdebug.obj
 0001:000257c0       sf_debug_cv_init_state     00000001800267c0 f   sfc_debug:sfcdebug.obj
 0001:000258e0       sf_debug_cv_init_chart     00000001800268e0 f   sfc_debug:sfcdebug.obj
 0001:000259c0       sf_debug_cv_init_trans     00000001800269c0 f   sfc_debug:sfcdebug.obj
 0001:00025b30       cv_eml_init_script         0000000180026b30 f   sfc_debug:sfcdebug.obj
 0001:00025c60       cv_eml_init_fcn            0000000180026c60 f   sfc_debug:sfcdebug.obj
 0001:00025d60       cv_eml_init_testobjective  0000000180026d60 f   sfc_debug:sfcdebug.obj
 0001:00025e60       cv_eml_init_if             0000000180026e60 f   sfc_debug:sfcdebug.obj
 0001:00025f60       cv_eml_init_for            0000000180026f60 f   sfc_debug:sfcdebug.obj
 0001:00026050       cv_eml_init_while          0000000180027050 f   sfc_debug:sfcdebug.obj
 0001:00026140       cv_eml_init_mcdc           0000000180027140 f   sfc_debug:sfcdebug.obj
 0001:00026280       cv_eml_init_switch         0000000180027280 f   sfc_debug:sfcdebug.obj
 0001:000263a0       cv_eml_eval                00000001800273a0 f   sfc_debug:sfcdebug.obj
 0001:000264a0       sf_debug_bm_is_a_eml_breakpoint 00000001800274a0 f   sfc_debug:sfcdebug.obj
 0001:00026690       sf_debug_temporal_threshold 0000000180027690 f   sfc_debug:sfcdebug.obj
 0001:00026a30       sf_debug_transition_conflict_error 0000000180027a30 f   sfc_debug:sfcdebug.obj
 0001:00026d90       sf_debug_state_inconsistency_error 0000000180027d90 f   sfc_debug:sfcdebug.obj
 0001:00026ea0       sf_debug_check_for_state_inconsistency 0000000180027ea0 f   sfc_debug:sfcdebug.obj
 0001:00026ed0       sf_debug_cycle_detecton_error 0000000180027ed0 f   sfc_debug:sfcdebug.obj
 0001:00027670       sf_debug_size_eq_check_1d  0000000180028670 f   sfc_debug:sfcdebug.obj
 0001:00027690       sf_debug_size_eq_check_nd  0000000180028690 f   sfc_debug:sfcdebug.obj
 0001:00027880       sf_debug_dim_size_eq_check 0000000180028880 f   sfc_debug:sfcdebug.obj
 0001:000278b0       sf_debug_dim_size_geq_check 00000001800288b0 f   sfc_debug:sfcdebug.obj
 0001:000278e0       sf_debug_sub_assign_size_check_nd 00000001800288e0 f   sfc_debug:sfcdebug.obj
 0001:00027b30       sf_debug_matrix_matrix_index_check 0000000180028b30 f   sfc_debug:sfcdebug.obj
 0001:00027b60       sf_debug_vector_vector_index_check 0000000180028b60 f   sfc_debug:sfcdebug.obj
 0001:00027b90       sf_debug_data_array_bounds_error_check 0000000180028b90 f   sfc_debug:sfcdebug.obj
 0001:00027ca0       sf_debug_eml_data_array_bounds_error_check 0000000180028ca0 f   sfc_debug:sfcdebug.obj
 0001:00028160       sf_debug_integer_check     0000000180029160 f   sfc_debug:sfcdebug.obj
 0001:00028230       sf_debug_not_nan_check     0000000180029230 f   sfc_debug:sfcdebug.obj
 0001:000282f0       sf_debug_non_negative_check 00000001800292f0 f   sfc_debug:sfcdebug.obj
 0001:000283b0       sf_debug_overflow_detection 00000001800293b0 f   sfc_debug:sfcdebug.obj
 0001:00028a70       sf_debug_cast_to_real32_T  0000000180029a70 f   sfc_debug:sfcdebug.obj
 0001:00028b30       sf_debug_cast_to_int8_T    0000000180029b30 f   sfc_debug:sfcdebug.obj
 0001:00028bf0       sf_debug_cast_to_uint8_T   0000000180029bf0 f   sfc_debug:sfcdebug.obj
 0001:00028cb0       sf_debug_cast_to_int16_T   0000000180029cb0 f   sfc_debug:sfcdebug.obj
 0001:00028d70       sf_debug_cast_to_uint16_T  0000000180029d70 f   sfc_debug:sfcdebug.obj
 0001:00028e30       sf_debug_cast_to_int32_T   0000000180029e30 f   sfc_debug:sfcdebug.obj
 0001:00028ee0       sf_debug_cast_to_uint32_T  0000000180029ee0 f   sfc_debug:sfcdebug.obj
 0001:00028fa0       sf_debug_data_range_error  0000000180029fa0 f   sfc_debug:sfcdebug.obj
 0001:00029400       sf_debug_data_range_error_wrapper_min_max 000000018002a400 f   sfc_debug:sfcdebug.obj
 0001:000294f0       sf_debug_data_range_error_wrapper_min 000000018002a4f0 f   sfc_debug:sfcdebug.obj
 0001:000295d0       sf_debug_data_range_error_wrapper_max 000000018002a5d0 f   sfc_debug:sfcdebug.obj
 0001:000296b0       sf_debug_data_range_wrapper 000000018002a6b0 f   sfc_debug:sfcdebug.obj
 0001:00029760       sf_debug_set_current_status_info 000000018002a760 f   sfc_debug:sfcdebug.obj
 0001:00029c30       sf_debug_call              000000018002ac30 f   sfc_debug:sfcdebug.obj
 0001:0002aae0       sf_debug_initialize_machine 000000018002bae0 f   sfc_debug:sfcdebug.obj
 0001:0002af60       sf_debug_initialize_chart  000000018002bf60 f   sfc_debug:sfcdebug.obj
 0001:0002b440       sf_debug_ensure_script     000000018002c440 f   sfc_debug:sfcdebug.obj
 0001:0002b5b0       cv_script_init_script      000000018002c5b0 f   sfc_debug:sfcdebug.obj
 0001:0002b730       cv_script_init_fcn         000000018002c730 f   sfc_debug:sfcdebug.obj
 0001:0002b880       cv_script_init_testobjective 000000018002c880 f   sfc_debug:sfcdebug.obj
 0001:0002b9d0       cv_script_init_if          000000018002c9d0 f   sfc_debug:sfcdebug.obj
 0001:0002bb20       cv_script_init_for         000000018002cb20 f   sfc_debug:sfcdebug.obj
 0001:0002bc70       cv_script_init_while       000000018002cc70 f   sfc_debug:sfcdebug.obj
 0001:0002bdc0       cv_script_init_mcdc        000000018002cdc0 f   sfc_debug:sfcdebug.obj
 0001:0002bf60       cv_script_init_switch      000000018002cf60 f   sfc_debug:sfcdebug.obj
 0001:0002c0d0       cv_script_eval             000000018002d0d0 f   sfc_debug:sfcdebug.obj
 0001:0002c230       eml_debug_line_call        000000018002d230 f   sfc_debug:sfcdebug.obj
 0001:0002c3e0       sf_debug_terminate         000000018002d3e0 f   sfc_debug:sfcdebug.obj
 0001:0002c620       sf_debug_set_script_cv_ids 000000018002d620 f   sfc_debug:sfcdebug.obj
 0001:0002c7f0       sf_debug_api               000000018002d7f0 f   sfc_debug:sfc_api.obj
 0001:0002e090       sf_debug_sm_terminate      000000018002f090 f   sfc_debug:sfdb_animation.obj
 0001:0002e250       sf_debug_reset_path_objects 000000018002f250 f   sfc_debug:sfdb_animation.obj
 0001:0002e2d0       sf_debug_sm_reset_object_selection_status 000000018002f2d0 f   sfc_debug:sfdb_animation.obj
 0001:0002e370       sf_debug_sm_reset_state_buffer 000000018002f370 f   sfc_debug:sfdb_animation.obj
 0001:0002e450       sf_debug_sm_store_state_buffer 000000018002f450 f   sfc_debug:sfdb_animation.obj
 0001:0002e4d0       sf_debug_sm_restore_state_buffer1 000000018002f4d0 f   sfc_debug:sfdb_animation.obj
 0001:0002e540       sf_debug_sm_restore_state_buffer2 000000018002f540 f   sfc_debug:sfdb_animation.obj
 0001:0002e5b0       sf_debug_sm_chart_active   000000018002f5b0 f   sfc_debug:sfdb_animation.obj
 0001:0002e600       sf_debug_sm_select_active_objects 000000018002f600 f   sfc_debug:sfdb_animation.obj
 0001:0002ea90       sf_debug_sm_is_chart_active 000000018002fa90 f   sfc_debug:sfdb_animation.obj
 0001:0002ead0       sf_debug_sm_is_state_active 000000018002fad0 f   sfc_debug:sfdb_animation.obj
 0001:0002ed10       sf_debug_sm_get_active_states 000000018002fd10 f   sfc_debug:sfdb_animation.obj
 0001:0002f2c0       sf_debug_sm_initialize_instance 00000001800302c0 f   sfc_debug:sfdb_animation.obj
 0001:0002f570       sf_debug_sm_change_object_selection_status 0000000180030570 f   sfc_debug:sfdb_animation.obj
 0001:0002f860       cv_create_interface        0000000180030860 f   sfc_debug:cv_sfinterface.obj
 0001:0002fbb0       cv_init_trans              0000000180030bb0 f   sfc_debug:cv_sfinterface.obj
 0001:0002fc00       cv_init_state              0000000180030c00 f   sfc_debug:cv_sfinterface.obj
 0001:0002fc70       cv_init_chart              0000000180030c70 f   sfc_debug:cv_sfinterface.obj
 0001:0002fcc0       cv_dec_update_call         0000000180030cc0 f   sfc_debug:cv_sfinterface.obj
 0001:0002fd00       cv_cond_update_call        0000000180030d00 f   sfc_debug:cv_sfinterface.obj
 0001:0002fd40       cv_sigrange_update         0000000180030d40 f   sfc_debug:cv_sfinterface.obj
 0001:0002fd80       cvsf_eml_eval              0000000180030d80 f   sfc_debug:cv_sfinterface.obj
 0001:0002fe60       cvsf_eml_init_script       0000000180030e60 f   sfc_debug:cv_sfinterface.obj
 0001:0002fee0       cvsf_eml_init_fcn          0000000180030ee0 f   sfc_debug:cv_sfinterface.obj
 0001:0002ff40       cvsf_eml_init_testobjective 0000000180030f40 f   sfc_debug:cv_sfinterface.obj
 0001:0002ffa0       cvsf_eml_init_if           0000000180030fa0 f   sfc_debug:cv_sfinterface.obj
 0001:00030000       cvsf_eml_init_for          0000000180031000 f   sfc_debug:cv_sfinterface.obj
 0001:00030050       cvsf_eml_init_while        0000000180031050 f   sfc_debug:cv_sfinterface.obj
 0001:000300a0       cvsf_eml_init_mcdc         00000001800310a0 f   sfc_debug:cv_sfinterface.obj
 0001:00030130       cvsf_eml_init_switch       0000000180031130 f   sfc_debug:cv_sfinterface.obj
 0001:000301a0       cvsf_script_eval           00000001800311a0 f   sfc_debug:cv_sfinterface.obj
 0001:00030280       cvsf_script_init_script    0000000180031280 f   sfc_debug:cv_sfinterface.obj
 0001:00030300       cvsf_script_init_fcn       0000000180031300 f   sfc_debug:cv_sfinterface.obj
 0001:00030360       cvsf_script_init_testobjective 0000000180031360 f   sfc_debug:cv_sfinterface.obj
 0001:000303c0       cvsf_script_init_if        00000001800313c0 f   sfc_debug:cv_sfinterface.obj
 0001:00030420       cvsf_script_init_for       0000000180031420 f   sfc_debug:cv_sfinterface.obj
 0001:00030470       cvsf_script_init_while     0000000180031470 f   sfc_debug:cv_sfinterface.obj
 0001:000304c0       cvsf_script_init_mcdc      00000001800314c0 f   sfc_debug:cv_sfinterface.obj
 0001:00030550       cvsf_script_init_switch    0000000180031550 f   sfc_debug:cv_sfinterface.obj
 0001:000305c0       cv_destroy_interface       00000001800315c0 f   sfc_debug:cv_sfinterface.obj
 0001:000305e0       cv_create_instance_objects 00000001800315e0 f   sfc_debug:cv_sfinterface.obj
 0001:00030a90       cv_is_enabled              0000000180031a90 f   sfc_debug:cv_sfinterface.obj
 0001:00030aa0       sf_debug_cv_initialize_script 0000000180031aa0 f   sfc_debug:cv_sfinterface.obj
 0001:00030c40       sf_debug_cv_initialize_instance 0000000180031c40 f   sfc_debug:cv_sfinterface.obj
 0001:00030fd0       sf_debug_cv_terminate_chart 0000000180031fd0 f   sfc_debug:cv_sfinterface.obj
 0001:00031110       cv_call_trans_test         0000000180032110 f   sfc_debug:cv_sfinterface.obj
 0001:00031120       cv_call_sub_cond_test      0000000180032120 f   sfc_debug:cv_sfinterface.obj
 0001:00031250       sf_debug_hm_initialize_instance 0000000180032250 f   sfc_debug:sfdb_handle_management.obj
 0001:00031870       sf_debug_hm_get_object_id  0000000180032870 f   sfc_debug:sfdb_handle_management.obj
 0001:00033780       sf_debug_object_is_eml_function 0000000180034780 f   sfc_debug:sfdb_handle_management.obj
 0001:000337f0       sf_debug_hm_initialize_ids_in_machine 00000001800347f0 f   sfc_debug:sfdb_handle_management.obj
 0001:00033960       sf_debug_hm_initialize_ids_in_chart 0000000180034960 f   sfc_debug:sfdb_handle_management.obj
 0001:00033aa0       sf_debug_hm_initialize_chart 0000000180034aa0 f   sfc_debug:sfdb_handle_management.obj
 0001:00034350       sf_debug_hm_terminate      0000000180035350 f   sfc_debug:sfdb_handle_management.obj
 0001:000343b0       sf_debug_hm_initialize_machine 00000001800353b0 f   sfc_debug:sfdb_handle_management.obj
 0001:00034c60       sf_debug_st_initialize_machine 0000000180035c60 f   sfc_debug:sfdb_data_browse.obj
 0001:00034d20       sf_debug_st_initialize_instance 0000000180035d20 f   sfc_debug:sfdb_data_browse.obj
 0001:00035130       sf_debug_st_terminate      0000000180036130 f   sfc_debug:sfdb_data_browse.obj
 0001:000354e0       sf_debug_st_set_data_value_ptr_in_machine 00000001800364e0 f   sfc_debug:sfdb_data_browse.obj
 0001:00035570       sf_debug_st_set_data_value_ptr_in_instance 0000000180036570 f   sfc_debug:sfdb_data_browse.obj
 0001:00035650       sf_debug_st_unset_data_value_ptr_in_machine 0000000180036650 f   sfc_debug:sfdb_data_browse.obj
 0001:000356c0       sf_debug_st_unset_data_value_ptr_in_instance 00000001800366c0 f   sfc_debug:sfdb_data_browse.obj
 0001:00035980       sf_debug_mx_value          0000000180036980 f   sfc_debug:sfdb_data_browse.obj
 0001:000359e0       sf_debug_mx_packed_vector  00000001800369e0 f   sfc_debug:sfdb_data_browse.obj
 0001:00035ac0       sf_debug_mx_uint_vector    0000000180036ac0 f   sfc_debug:sfdb_data_browse.obj
 0001:00035b70       sf_debug_st_get_double_value_from_void_ptr_vector 0000000180036b70 f   sfc_debug:sfdb_data_browse.obj
 0001:000366d0       sf_debug_st_browse_data    00000001800376d0 f   sfc_debug:sfdb_data_browse.obj
 0001:00036e70       sf_debug_ss_initialize     0000000180037e70 f   sfc_debug:sfdb_symbol_scope.obj
 0001:00036e90       sf_debug_ss_terminate      0000000180037e90 f   sfc_debug:sfdb_symbol_scope.obj
 0001:00036f20       sf_debug_ss_push_symbol_scope 0000000180037f20 f   sfc_debug:sfdb_symbol_scope.obj
 0001:00037020       sf_debug_ss_push_symbol_scope_eml 0000000180038020 f   sfc_debug:sfdb_symbol_scope.obj
 0001:00037080       sf_debug_ss_pop_symbol_scope 0000000180038080 f   sfc_debug:sfdb_symbol_scope.obj
 0001:00037130       sf_debug_ss_add_symbol     0000000180038130 f   sfc_debug:sfdb_symbol_scope.obj
 0001:00037280       sf_debug_ss_add_symbol_eml 0000000180038280 f   sfc_debug:sfdb_symbol_scope.obj
 0001:000382e0       sf_debug_ss_watch_data     00000001800392e0 f   sfc_debug:sfdb_symbol_scope.obj
 0001:00038d10       get_data_entry_name        0000000180039d10 f   sfc_debug:sfdb_symbol_scope.obj
 0001:00038d60       sf_debug_ss_whos           0000000180039d60 f   sfc_debug:sfdb_symbol_scope.obj
 0001:00039600       sf_debug_cc_initialize_chart 000000018003a600 f   sfc_debug:sfdb_coverage.obj
 0001:00039ff0       sf_debug_cc_initialize_instance 000000018003aff0 f   sfc_debug:sfdb_coverage.obj
 0001:0003adf0       sf_debug_cc_terminate      000000018003bdf0 f   sfc_debug:sfdb_coverage.obj
 0001:0003aee0       sf_debug_cc_set_transition_maps 000000018003bee0 f   sfc_debug:sfdb_coverage.obj
 0001:0003b010       sf_debug_cc_set_state_maps 000000018003c010 f   sfc_debug:sfdb_coverage.obj
 0001:0003b0f0       sf_debug_cc_set_transition_weights 000000018003c0f0 f   sfc_debug:sfdb_coverage.obj
 0001:0003b3c0       sf_debug_cc_set_state_weights 000000018003c3c0 f   sfc_debug:sfdb_coverage.obj
 0001:0003b6a0       sf_debug_cc_mark_transition_guard 000000018003c6a0 f   sfc_debug:sfdb_coverage.obj
 0001:0003b7c0       sf_debug_cc_mark_transition_trigger 000000018003c7c0 f   sfc_debug:sfdb_coverage.obj
 0001:0003b8e0       sf_debug_cc_mark_transition_decision 000000018003c8e0 f   sfc_debug:sfdb_coverage.obj
 0001:0003b950       sf_debug_cc_mark_transition_condition_action 000000018003c950 f   sfc_debug:sfdb_coverage.obj
 0001:0003ba20       sf_debug_cc_mark_transition_transition_action 000000018003ca20 f   sfc_debug:sfdb_coverage.obj
 0001:0003baf0       sf_debug_cc_mark_state_entry 000000018003caf0 f   sfc_debug:sfdb_coverage.obj
 0001:0003bbc0       sf_debug_cc_mark_state_during 000000018003cbc0 f   sfc_debug:sfdb_coverage.obj
 0001:0003bc90       sf_debug_cc_mark_state_exit 000000018003cc90 f   sfc_debug:sfdb_coverage.obj
 0001:0003c550       sf_debug_cc_get_coverage   000000018003d550 f   sfc_debug:sfdb_coverage.obj
 0001:0003cae0       sf_debug_bm_clear_script_breakpoints 000000018003dae0 f   sfc_debug:sfdb_breakpoints.obj
 0001:0003cb10       sf_debug_bm_set_script_breakpoint 000000018003db10 f   sfc_debug:sfdb_breakpoints.obj
 0001:0003cb90       sf_debug_bm_clear_single_script_breakpoint 000000018003db90 f   sfc_debug:sfdb_breakpoints.obj
 0001:0003cc10       sf_debug_bm_query_script_breakpoint 000000018003dc10 f   sfc_debug:sfdb_breakpoints.obj
 0001:0003cc60       sf_debug_bm_initialize_scripts 000000018003dc60 f   sfc_debug:sfdb_breakpoints.obj
 0001:0003d380       sf_debug_bm_terminate      000000018003e380 f   sfc_debug:sfdb_breakpoints.obj
 0001:0003d680       sf_debug_bm_remove_all_breakpoints_in_machine 000000018003e680 f   sfc_debug:sfdb_breakpoints.obj
 0001:0003d6f0       sf_debug_bm_remove_all_breakpoints_in_chart 000000018003e6f0 f   sfc_debug:sfdb_breakpoints.obj
 0001:0003d840       sf_debug_bm_initialize_global_breakpoints 000000018003e840 f   sfc_debug:sfdb_breakpoints.obj
 0001:0003d9c0       sf_debug_bm_set_breakpoint 000000018003e9c0 f   sfc_debug:sfdb_breakpoints.obj
 0001:0003dfc0       sf_debug_bm_set_eml_breakpoint 000000018003efc0 f   sfc_debug:sfdb_breakpoints.obj
 0001:0003e060       sf_debug_bm_initialize_machine_breakpoint_map 000000018003f060 f   sfc_debug:sfdb_breakpoints.obj
 0001:0003e550       sf_debug_bm_is_a_breakpoint 000000018003f550 f   sfc_debug:sfdb_breakpoints.obj
 0001:0003ea70       sf_debug_bm_get_all_breakpoints_in_machine 000000018003fa70 f   sfc_debug:sfdb_breakpoints.obj
 0001:0003ed70       sf_debug_bm_get_all_breakpoints_in_chart 000000018003fd70 f   sfc_debug:sfdb_breakpoints.obj
 0001:0003fa20       sf_debug_bm_initialize_machine 0000000180040a20 f   sfc_debug:sfdb_breakpoints.obj
 0001:0003faf0       sf_debug_bm_initialize_chart 0000000180040af0 f   sfc_debug:sfdb_breakpoints.obj
 0001:00040030       sf_debug_sc_terminate      0000000180041030 f   sfc_debug:sfdb_state_consistency.obj
 0001:00040360       sf_debug_sc_is_chart_consistent 0000000180041360 f   sfc_debug:sfdb_state_consistency.obj
 0001:00040600       sf_debug_sc_get_consistency_error_info 0000000180041600 f   sfc_debug:sfdb_state_consistency.obj
 0001:00040a30       sf_debug_tm_terminate      0000000180041a30 f   sfc_debug:sfdb_call_stack.obj
 0001:00040af0       sf_debug_tm_push_chart_instance 0000000180041af0 f   sfc_debug:sfdb_call_stack.obj
 0001:00040c50       sf_debug_tm_pop_chart_instance 0000000180041c50 f   sfc_debug:sfdb_call_stack.obj
 0001:00040cb0       sf_debug_tm_push_trace_node 0000000180041cb0 f   sfc_debug:sfdb_call_stack.obj
 0001:00040e40       sf_debug_tm_pop_trace_node 0000000180041e40 f   sfc_debug:sfdb_call_stack.obj
 0001:00040ec0       sf_debug_tm_get_current_global_trace_index 0000000180041ec0 f   sfc_debug:sfdb_call_stack.obj
 0001:00040ed0       sf_debug_tm_get_current_local_trace_index 0000000180041ed0 f   sfc_debug:sfdb_call_stack.obj
 0001:00040f00       sf_debug_tm_set_cycle_detected_flag 0000000180041f00 f   sfc_debug:sfdb_call_stack.obj
 0001:00040f40       sf_debug_tm_set_cycle_started_flag 0000000180041f40 f   sfc_debug:sfdb_call_stack.obj
 0001:00040f80       sf_debug_tm_get_chart_number_from_stack 0000000180041f80 f   sfc_debug:sfdb_call_stack.obj
 0001:00041160       sf_debug_tm_browse_trace   0000000180042160 f   sfc_debug:sfdb_call_stack.obj
 0001:00041490       sf_debug_cd_initialize_instance 0000000180042490 f   sfc_debug:sfdb_cycle_detection.obj
 0001:00041740       sf_debug_cd_mark_processed_transition_in_instance 0000000180042740 f   sfc_debug:sfdb_cycle_detection.obj
 0001:000417e0       sf_debug_cd_checksum_push  00000001800427e0 f   sfc_debug:sfdb_cycle_detection.obj
 0001:00041aa0       sf_debug_cd_checksum_pop   0000000180042aa0 f   sfc_debug:sfdb_cycle_detection.obj
 0001:00041b10       sf_debug_cd_turn_off_cycle_detection 0000000180042b10 f   sfc_debug:sfdb_cycle_detection.obj
 0001:00041b60       sf_debug_cd_terminate      0000000180042b60 f   sfc_debug:sfdb_cycle_detection.obj
 0001:00041da0       md5_initialize_state       0000000180042da0 f   sfc_debug:ckmd5.obj
 0001:00042920       md5_update_state           0000000180043920 f   sfc_debug:ckmd5.obj
 0001:00042a00       md5_get_hash               0000000180043a00 f   sfc_debug:ckmd5.obj
 0001:00042a30       md5_get_hash_for_a_single_string 0000000180043a30 f   sfc_debug:ckmd5.obj
 0001:00042b8a       mxGetPr                    0000000180043b8a f   libmx:libmx.dll
 0001:00042b90       mxCreateDoubleScalar       0000000180043b90 f   libmx:libmx.dll
 0001:00042b96       mxSetField_730             0000000180043b96 f   libmx:libmx.dll
 0001:00042b9c       mxCreateDoubleMatrix_730   0000000180043b9c f   libmx:libmx.dll
 0001:00042ba2       mxCreateStructMatrix_730   0000000180043ba2 f   libmx:libmx.dll
 0001:00042ba8       mxDestroyArray             0000000180043ba8 f   libmx:libmx.dll
 0001:00042bae       mxCreateString             0000000180043bae f   libmx:libmx.dll
 0001:00042bb4       mxDuplicateArray           0000000180043bb4 f   libmx:libmx.dll
 0001:00042bba       mxGetString_730            0000000180043bba f   libmx:libmx.dll
 0001:00042bc0       mxIsChar                   0000000180043bc0 f   libmx:libmx.dll
 0001:00042bc6       mxGetClassID               0000000180043bc6 f   libmx:libmx.dll
 0001:00042bcc       mxIsNumeric                0000000180043bcc f   libmx:libmx.dll
 0001:00042bd2       mxIsComplex                0000000180043bd2 f   libmx:libmx.dll
 0001:00042bd8       mxGetN                     0000000180043bd8 f   libmx:libmx.dll
 0001:00042bde       mxGetM                     0000000180043bde f   libmx:libmx.dll
 0001:00042be4       mxCalloc                   0000000180043be4 f   libmx:libmx.dll
 0001:00042bea       mxGetScalar                0000000180043bea f   libmx:libmx.dll
 0001:00042bf0       mxIsLogical                0000000180043bf0 f   libmx:libmx.dll
 0001:00042bf6       mxCreateDoubleMatrix_700   0000000180043bf6 f   libmx:libmx.dll
 0001:00042bfc       mxFree                     0000000180043bfc f   libmx:libmx.dll
 0001:00042c02       mxArrayToString            0000000180043c02 f   libmx:libmx.dll
 0001:00042c08       mxCreateCellMatrix_700     0000000180043c08 f   libmx:libmx.dll
 0001:00042c0e       mxSetCell_700              0000000180043c0e f   libmx:libmx.dll
 0001:00042c14       mxGetCell_700              0000000180043c14 f   libmx:libmx.dll
 0001:00042c1a       mxGetClassName             0000000180043c1a f   libmx:libmx.dll
 0001:00042c20       mxSetField_700             0000000180043c20 f   libmx:libmx.dll
 0001:00042c26       mxAddField                 0000000180043c26 f   libmx:libmx.dll
 0001:00042c2c       mxGetField_700             0000000180043c2c f   libmx:libmx.dll
 0001:00042c32       mxGetNumberOfElements      0000000180043c32 f   libmx:libmx.dll
 0001:00042c38       mxIsStruct                 0000000180043c38 f   libmx:libmx.dll
 0001:00042c3e       mxIsClass                  0000000180043c3e f   libmx:libmx.dll
 0001:00042c44       mxGetLogicals              0000000180043c44 f   libmx:libmx.dll
 0001:00042c4a       mxIsSparse                 0000000180043c4a f   libmx:libmx.dll
 0001:00042c50       mxSetFieldByNumber_700     0000000180043c50 f   libmx:libmx.dll
 0001:00042c56       mxGetFieldByNumber_700     0000000180043c56 f   libmx:libmx.dll
 0001:00042c5c       mxGetFieldNameByNumber     0000000180043c5c f   libmx:libmx.dll
 0001:00042c62       mxGetNumberOfFields        0000000180043c62 f   libmx:libmx.dll
 0001:00042c68       mxCreateStructMatrix_700   0000000180043c68 f   libmx:libmx.dll
 0001:00042c6e       mxGetFieldNumber           0000000180043c6e f   libmx:libmx.dll
 0001:00042c74       mxIsNaN                    0000000180043c74 f   libmx:libmx.dll
 0001:00042c7a       mxIsEmpty                  0000000180043c7a f   libmx:libmx.dll
 0001:00042c80       mxGetData                  0000000180043c80 f   libmx:libmx.dll
 0001:00042c86       mxGetImagData              0000000180043c86 f   libmx:libmx.dll
 0001:00042c8c       mxArrayClassIDName         0000000180043c8c f   libmx:libmx.dll
 0001:00042c92       mxCreateNumericMatrix_700  0000000180043c92 f   libmx:libmx.dll
 0001:00042c98       mxCreateStructArray_700    0000000180043c98 f   libmx:libmx.dll
 0001:00042c9e       mxCalcSingleSubscript_700  0000000180043c9e f   libmx:libmx.dll
 0001:00042ca4       mxGetDimensions_700        0000000180043ca4 f   libmx:libmx.dll
 0001:00042caa       mxGetNumberOfDimensions_700 0000000180043caa f   libmx:libmx.dll
 0001:00042cb0       mxCreateNumericArray_700   0000000180043cb0 f   libmx:libmx.dll
 0001:00042cb6       mxGetElementSize           0000000180043cb6 f   libmx:libmx.dll
 0001:00042cbc       mxCreateStringFromNChars_700 0000000180043cbc f   libmx:libmx.dll
 0001:00042cc2       mxGetString_700            0000000180043cc2 f   libmx:libmx.dll
 0001:00042cc8       mxIsLogicalScalarTrue      0000000180043cc8 f   libmx:libmx.dll
 0001:00042cce       mxCreateLogicalScalar      0000000180043cce f   libmx:libmx.dll
 0001:00042cd4       mexUnlock                  0000000180043cd4 f   libmex:libmex.dll
 0001:00042cda       mexIsLocked                0000000180043cda f   libmex:libmex.dll
 0001:00042ce0       mexWarnMsgTxt              0000000180043ce0 f   libmex:libmex.dll
 0001:00042ce6       mexCallMATLAB              0000000180043ce6 f   libmex:libmex.dll
 0001:00042cec       mexErrMsgTxt               0000000180043cec f   libmex:libmex.dll
 0001:00042cf2       mexSetTrapFlag             0000000180043cf2 f   libmex:libmex.dll
 0001:00042cf8       mexMakeArrayPersistent     0000000180043cf8 f   libmex:libmex.dll
 0001:00042cfe       mexPutVariable             0000000180043cfe f   libmex:libmex.dll
 0001:00042d04       mexGetVariable             0000000180043d04 f   libmex:libmex.dll
 0001:00042d0a       mexLock                    0000000180043d0a f   libmex:libmex.dll
 0001:00042d10       mexMakeMemoryPersistent    0000000180043d10 f   libmex:libmex.dll
 0001:00042d16       mexFunctionName            0000000180043d16 f   libmex:libmex.dll
 0001:00042d1c       ssRegisterDataTypeFxpFSlopeFixExpBias 0000000180043d1c f   libfixedpoint:libfixedpoint.dll
 0001:00042d22       utVSNprintf                0000000180043d22 f   libut:libut.dll
 0001:00042d28       utCPUtime                  0000000180043d28 f   libut:libut.dll
 0001:00042d2e       utFree                     0000000180043d2e f   libut:libut.dll
 0001:00042d34       utMalloc                   0000000180043d34 f   libut:libut.dll
 0001:00042d3a       muDoubleScalarAtan         0000000180043d3a f   libmwmathutil:libmwmathutil.dll
 0001:00042d40       muDoubleScalarSin          0000000180043d40 f   libmwmathutil:libmwmathutil.dll
 0001:00042d46       muDoubleScalarCos          0000000180043d46 f   libmwmathutil:libmwmathutil.dll
 0001:00042d4c       muDoubleScalarPower        0000000180043d4c f   libmwmathutil:libmwmathutil.dll
 0001:00042d52       muDoubleScalarFloor        0000000180043d52 f   libmwmathutil:libmwmathutil.dll
 0001:00042d58       emlrtCheckBuiltInR2009a    0000000180043d58 f   libemlrt:libemlrt.dll
 0001:00042d5e       emlrtCheckVsBuiltInR2009a  0000000180043d5e f   libemlrt:libemlrt.dll
 0001:00042d64       emlrtCheckEnumR2009a       0000000180043d64 f   libemlrt:libemlrt.dll
 0001:00042d6a       emlrtCreateEnumR2010a      0000000180043d6a f   libemlrt:libemlrt.dll
 0001:00042d70       emlrtGetEnumElementR2009a  0000000180043d70 f   libemlrt:libemlrt.dll
 0001:00042d76       emlrtImportVsFiArrayR2009b 0000000180043d76 f   libemlrt:libemlrt.dll
 0001:00042d7c       emlrtGetEnumUnderlyingArrayR2009a 0000000180043d7c f   libemlrt:libemlrt.dll
 0001:00042d82       emlrtIsEnumR2009a          0000000180043d82 f   libemlrt:libemlrt.dll
 0001:00042d88       __GSHandlerCheckCommon     0000000180043d88 f   MSVCRT:gshandler.obj
 0001:00042dec       __GSHandlerCheck           0000000180043dec f   MSVCRT:gshandler.obj
 0001:00042e0a       strlen                     0000000180043e0a f   MSVCRT:MSVCR100.dll
 0001:00042e20       __security_check_cookie    0000000180043e20 f   MSVCRT:amdsecgs.obj
 0001:00042e40       memset                     0000000180043e40 f   MSVCRT:MSVCR100.dll
 0001:00042e46       malloc                     0000000180043e46 f   MSVCRT:MSVCR100.dll
 0001:00042e60       __chkstk                   0000000180043e60 f   MSVCRT:chkstk.obj
 0001:00042e60       _alloca_probe              0000000180043e60     MSVCRT:chkstk.obj
 0001:00042eae       free                       0000000180043eae f   MSVCRT:MSVCR100.dll
 0001:00042eb4       strcmp                     0000000180043eb4 f   MSVCRT:MSVCR100.dll
 0001:00042eba       sprintf                    0000000180043eba f   MSVCRT:MSVCR100.dll
 0001:00042ec0       strcat                     0000000180043ec0 f   MSVCRT:MSVCR100.dll
 0001:00042ec6       memcpy                     0000000180043ec6 f   MSVCRT:MSVCR100.dll
 0001:00042ecc       NtCurrentTeb               0000000180043ecc f i MSVCRT:crtdll.obj
 0001:00042f38       _CRT_INIT                  0000000180043f38 f   MSVCRT:crtdll.obj
 0001:000432d0       _DllMainCRTStartup         00000001800442d0 f   MSVCRT:crtdll.obj
 0001:0004330e       strncpy                    000000018004430e f   MSVCRT:MSVCR100.dll
 0001:00043314       longjmp                    0000000180044314 f   MSVCRT:MSVCR100.dll
 0001:0004331a       strncmp                    000000018004431a f   MSVCRT:MSVCR100.dll
 0001:00043320       ceil                       0000000180044320 f   MSVCRT:MSVCR100.dll
 0001:00043326       strrchr                    0000000180044326 f   MSVCRT:MSVCR100.dll
 0001:0004332c       _setjmp                    000000018004432c f   MSVCRT:MSVCR100.dll
 0001:00043332       calloc                     0000000180044332 f   MSVCRT:MSVCR100.dll
 0001:00043338       realloc                    0000000180044338 f   MSVCRT:MSVCR100.dll
 0001:0004333e       ldexp                      000000018004433e f   MSVCRT:MSVCR100.dll
 0001:00043344       __report_gsfailure         0000000180044344 f   MSVCRT:gs_report.obj
 0001:00043490       __clean_type_info_names    0000000180044490 f   MSVCRT:tncleanup.obj
 0001:0004349c       _onexit                    000000018004449c f   MSVCRT:atonexit.obj
 0001:0004354c       atexit                     000000018004454c f   MSVCRT:atonexit.obj
 0001:00043564       _RTC_Initialize            0000000180044564 f   MSVCRT:_initsect_.obj
 0001:0004359c       _RTC_Terminate             000000018004459c f   MSVCRT:_initsect_.obj
 0001:000435d4       _malloc_crt                00000001800445d4 f   MSVCRT:MSVCR100.dll
 0001:000435e0       _ValidateImageBase         00000001800445e0 f   MSVCRT:pesect.obj
 0001:00043610       _FindPESection             0000000180044610 f   MSVCRT:pesect.obj
 0001:00043660       _IsNonwritableInCurrentImage 0000000180044660 f   MSVCRT:pesect.obj
 0001:000436a2       _initterm                  00000001800446a2 f   MSVCRT:MSVCR100.dll
 0001:000436a8       _initterm_e                00000001800446a8 f   MSVCRT:MSVCR100.dll
 0001:000436ae       _encoded_null              00000001800446ae f   MSVCRT:MSVCR100.dll
 0001:000436b4       _amsg_exit                 00000001800446b4 f   MSVCRT:MSVCR100.dll
 0001:000436ba       __C_specific_handler       00000001800446ba f   MSVCRT:MSVCR100.dll
 0001:000436c0       __CppXcptFilter            00000001800446c0 f   MSVCRT:MSVCR100.dll
 0001:000436c8       DllMain                    00000001800446c8 f   MSVCRT:dllmain.obj
 0001:000436ec       __security_init_cookie     00000001800446ec f   MSVCRT:gs_support.obj
 0001:000437a0       __crt_debugger_hook        00000001800447a0 f   MSVCRT:MSVCR100.dll
 0001:000437a6       __clean_type_info_names_internal 00000001800447a6 f   MSVCRT:MSVCR100.dll
 0001:000437ac       _unlock                    00000001800447ac f   MSVCRT:MSVCR100.dll
 0001:000437b2       __dllonexit                00000001800447b2 f   MSVCRT:MSVCR100.dll
 0001:000437b8       _lock                      00000001800447b8 f   MSVCRT:MSVCR100.dll
 0001:000437be       EncodePointer              00000001800447be f   kernel32:KERNEL32.dll
 0001:000437c4       DecodePointer              00000001800447c4 f   kernel32:KERNEL32.dll
 0001:000437ca       Sleep                      00000001800447ca f   kernel32:KERNEL32.dll
 0001:000437d0       TerminateProcess           00000001800447d0 f   kernel32:KERNEL32.dll
 0001:000437d6       GetCurrentProcess          00000001800447d6 f   kernel32:KERNEL32.dll
 0001:000437dc       UnhandledExceptionFilter   00000001800447dc f   kernel32:KERNEL32.dll
 0001:000437e2       SetUnhandledExceptionFilter 00000001800447e2 f   kernel32:KERNEL32.dll
 0001:000437e8       IsDebuggerPresent          00000001800447e8 f   kernel32:KERNEL32.dll
 0001:000437ee       RtlVirtualUnwind           00000001800447ee f   kernel32:KERNEL32.dll
 0001:000437f4       RtlLookupFunctionEntry     00000001800447f4 f   kernel32:KERNEL32.dll
 0001:000437fa       RtlCaptureContext          00000001800447fa f   kernel32:KERNEL32.dll
 0001:00043800       DisableThreadLibraryCalls  0000000180044800 f   kernel32:KERNEL32.dll
 0001:00043806       QueryPerformanceCounter    0000000180044806 f   kernel32:KERNEL32.dll
 0001:0004380c       GetTickCount               000000018004480c f   kernel32:KERNEL32.dll
 0001:00043812       GetCurrentThreadId         0000000180044812 f   kernel32:KERNEL32.dll
 0001:00043818       GetCurrentProcessId        0000000180044818 f   kernel32:KERNEL32.dll
 0001:0004381e       GetSystemTimeAsFileTime    000000018004481e f   kernel32:KERNEL32.dll
 0002:00000000       __imp_GetSystemTimeAsFileTime 0000000180045000     kernel32:KERNEL32.dll
 0002:00000008       __imp_GetCurrentProcessId  0000000180045008     kernel32:KERNEL32.dll
 0002:00000010       __imp_GetCurrentThreadId   0000000180045010     kernel32:KERNEL32.dll
 0002:00000018       __imp_GetTickCount         0000000180045018     kernel32:KERNEL32.dll
 0002:00000020       __imp_QueryPerformanceCounter 0000000180045020     kernel32:KERNEL32.dll
 0002:00000028       __imp_DisableThreadLibraryCalls 0000000180045028     kernel32:KERNEL32.dll
 0002:00000030       __imp_RtlCaptureContext    0000000180045030     kernel32:KERNEL32.dll
 0002:00000038       __imp_RtlLookupFunctionEntry 0000000180045038     kernel32:KERNEL32.dll
 0002:00000040       __imp_RtlVirtualUnwind     0000000180045040     kernel32:KERNEL32.dll
 0002:00000048       __imp_IsDebuggerPresent    0000000180045048     kernel32:KERNEL32.dll
 0002:00000050       __imp_SetUnhandledExceptionFilter 0000000180045050     kernel32:KERNEL32.dll
 0002:00000058       __imp_UnhandledExceptionFilter 0000000180045058     kernel32:KERNEL32.dll
 0002:00000060       __imp_GetCurrentProcess    0000000180045060     kernel32:KERNEL32.dll
 0002:00000068       __imp_TerminateProcess     0000000180045068     kernel32:KERNEL32.dll
 0002:00000070       __imp_Sleep                0000000180045070     kernel32:KERNEL32.dll
 0002:00000078       __imp_DecodePointer        0000000180045078     kernel32:KERNEL32.dll
 0002:00000080       __imp_EncodePointer        0000000180045080     kernel32:KERNEL32.dll
 0002:00000088       \177KERNEL32_NULL_THUNK_DATA 0000000180045088     kernel32:KERNEL32.dll
 0002:00000090       __imp__onexit              0000000180045090     MSVCRT:MSVCR100.dll
 0002:00000098       __imp__lock                0000000180045098     MSVCRT:MSVCR100.dll
 0002:000000a0       __imp___dllonexit          00000001800450a0     MSVCRT:MSVCR100.dll
 0002:000000a8       __imp__unlock              00000001800450a8     MSVCRT:MSVCR100.dll
 0002:000000b0       __imp___clean_type_info_names_internal 00000001800450b0     MSVCRT:MSVCR100.dll
 0002:000000b8       __imp___crt_debugger_hook  00000001800450b8     MSVCRT:MSVCR100.dll
 0002:000000c0       __imp___CppXcptFilter      00000001800450c0     MSVCRT:MSVCR100.dll
 0002:000000c8       __imp___C_specific_handler 00000001800450c8     MSVCRT:MSVCR100.dll
 0002:000000d0       __imp__amsg_exit           00000001800450d0     MSVCRT:MSVCR100.dll
 0002:000000d8       __imp__encoded_null        00000001800450d8     MSVCRT:MSVCR100.dll
 0002:000000e0       __imp__initterm_e          00000001800450e0     MSVCRT:MSVCR100.dll
 0002:000000e8       __imp__initterm            00000001800450e8     MSVCRT:MSVCR100.dll
 0002:000000f0       __imp__malloc_crt          00000001800450f0     MSVCRT:MSVCR100.dll
 0002:000000f8       __imp_ldexp                00000001800450f8     MSVCRT:MSVCR100.dll
 0002:00000100       __imp_realloc              0000000180045100     MSVCRT:MSVCR100.dll
 0002:00000108       __imp_calloc               0000000180045108     MSVCRT:MSVCR100.dll
 0002:00000110       __imp__setjmp              0000000180045110     MSVCRT:MSVCR100.dll
 0002:00000118       __imp_strrchr              0000000180045118     MSVCRT:MSVCR100.dll
 0002:00000120       __imp_ceil                 0000000180045120     MSVCRT:MSVCR100.dll
 0002:00000128       __imp_strncmp              0000000180045128     MSVCRT:MSVCR100.dll
 0002:00000130       __imp_longjmp              0000000180045130     MSVCRT:MSVCR100.dll
 0002:00000138       __imp_strncpy              0000000180045138     MSVCRT:MSVCR100.dll
 0002:00000140       __imp_memcpy               0000000180045140     MSVCRT:MSVCR100.dll
 0002:00000148       __imp_strcat               0000000180045148     MSVCRT:MSVCR100.dll
 0002:00000150       __imp_sprintf              0000000180045150     MSVCRT:MSVCR100.dll
 0002:00000158       __imp_strcmp               0000000180045158     MSVCRT:MSVCR100.dll
 0002:00000160       __imp_free                 0000000180045160     MSVCRT:MSVCR100.dll
 0002:00000168       __imp_malloc               0000000180045168     MSVCRT:MSVCR100.dll
 0002:00000170       __imp_memset               0000000180045170     MSVCRT:MSVCR100.dll
 0002:00000178       __imp_strlen               0000000180045178     MSVCRT:MSVCR100.dll
 0002:00000180       \177MSVCR100_NULL_THUNK_DATA 0000000180045180     MSVCRT:MSVCR100.dll
 0002:00000188       __imp_emlrtIsEnumR2009a    0000000180045188     libemlrt:libemlrt.dll
 0002:00000190       __imp_emlrtGetEnumUnderlyingArrayR2009a 0000000180045190     libemlrt:libemlrt.dll
 0002:00000198       __imp_emlrtImportVsFiArrayR2009b 0000000180045198     libemlrt:libemlrt.dll
 0002:000001a0       __imp_emlrtGetEnumElementR2009a 00000001800451a0     libemlrt:libemlrt.dll
 0002:000001a8       __imp_emlrtCreateEnumR2010a 00000001800451a8     libemlrt:libemlrt.dll
 0002:000001b0       __imp_emlrtCheckEnumR2009a 00000001800451b0     libemlrt:libemlrt.dll
 0002:000001b8       __imp_emlrtCheckVsBuiltInR2009a 00000001800451b8     libemlrt:libemlrt.dll
 0002:000001c0       __imp_emlrtCheckBuiltInR2009a 00000001800451c0     libemlrt:libemlrt.dll
 0002:000001c8       \177libemlrt_NULL_THUNK_DATA 00000001800451c8     libemlrt:libemlrt.dll
 0002:000001d0       __imp_ssRegisterDataTypeFxpFSlopeFixExpBias 00000001800451d0     libfixedpoint:libfixedpoint.dll
 0002:000001d8       \177libfixedpoint_NULL_THUNK_DATA 00000001800451d8     libfixedpoint:libfixedpoint.dll
 0002:000001e0       __imp_mexErrMsgTxt         00000001800451e0     libmex:libmex.dll
 0002:000001e8       __imp_mexSetTrapFlag       00000001800451e8     libmex:libmex.dll
 0002:000001f0       __imp_mexMakeArrayPersistent 00000001800451f0     libmex:libmex.dll
 0002:000001f8       __imp_mexPutVariable       00000001800451f8     libmex:libmex.dll
 0002:00000200       __imp_mexGetVariable       0000000180045200     libmex:libmex.dll
 0002:00000208       __imp_mexLock              0000000180045208     libmex:libmex.dll
 0002:00000210       __imp_mexMakeMemoryPersistent 0000000180045210     libmex:libmex.dll
 0002:00000218       __imp_mexFunctionName      0000000180045218     libmex:libmex.dll
 0002:00000220       __imp_mexCallMATLAB        0000000180045220     libmex:libmex.dll
 0002:00000228       __imp_mexWarnMsgTxt        0000000180045228     libmex:libmex.dll
 0002:00000230       __imp_mexIsLocked          0000000180045230     libmex:libmex.dll
 0002:00000238       __imp_mexUnlock            0000000180045238     libmex:libmex.dll
 0002:00000240       \177libmex_NULL_THUNK_DATA 0000000180045240     libmex:libmex.dll
 0002:00000248       __imp_muDoubleScalarCos    0000000180045248     libmwmathutil:libmwmathutil.dll
 0002:00000250       __imp_muDoubleScalarFloor  0000000180045250     libmwmathutil:libmwmathutil.dll
 0002:00000258       __imp_muDoubleScalarPower  0000000180045258     libmwmathutil:libmwmathutil.dll
 0002:00000260       __imp_muDoubleScalarAtan   0000000180045260     libmwmathutil:libmwmathutil.dll
 0002:00000268       __imp_muDoubleScalarSin    0000000180045268     libmwmathutil:libmwmathutil.dll
 0002:00000270       \177libmwmathutil_NULL_THUNK_DATA 0000000180045270     libmwmathutil:libmwmathutil.dll
 0002:00000278       __imp_mxCreateStructMatrix_730 0000000180045278     libmx:libmx.dll
 0002:00000280       __imp_mxDestroyArray       0000000180045280     libmx:libmx.dll
 0002:00000288       __imp_mxCreateDoubleMatrix_730 0000000180045288     libmx:libmx.dll
 0002:00000290       __imp_mxCreateDoubleScalar 0000000180045290     libmx:libmx.dll
 0002:00000298       __imp_mxSetField_730       0000000180045298     libmx:libmx.dll
 0002:000002a0       __imp_mxCreateLogicalScalar 00000001800452a0     libmx:libmx.dll
 0002:000002a8       __imp_mxIsLogicalScalarTrue 00000001800452a8     libmx:libmx.dll
 0002:000002b0       __imp_mxGetString_700      00000001800452b0     libmx:libmx.dll
 0002:000002b8       __imp_mxCreateStringFromNChars_700 00000001800452b8     libmx:libmx.dll
 0002:000002c0       __imp_mxGetElementSize     00000001800452c0     libmx:libmx.dll
 0002:000002c8       __imp_mxCreateNumericArray_700 00000001800452c8     libmx:libmx.dll
 0002:000002d0       __imp_mxGetNumberOfDimensions_700 00000001800452d0     libmx:libmx.dll
 0002:000002d8       __imp_mxGetDimensions_700  00000001800452d8     libmx:libmx.dll
 0002:000002e0       __imp_mxCalcSingleSubscript_700 00000001800452e0     libmx:libmx.dll
 0002:000002e8       __imp_mxCreateStructArray_700 00000001800452e8     libmx:libmx.dll
 0002:000002f0       __imp_mxCreateNumericMatrix_700 00000001800452f0     libmx:libmx.dll
 0002:000002f8       __imp_mxArrayClassIDName   00000001800452f8     libmx:libmx.dll
 0002:00000300       __imp_mxGetImagData        0000000180045300     libmx:libmx.dll
 0002:00000308       __imp_mxGetData            0000000180045308     libmx:libmx.dll
 0002:00000310       __imp_mxIsEmpty            0000000180045310     libmx:libmx.dll
 0002:00000318       __imp_mxIsNaN              0000000180045318     libmx:libmx.dll
 0002:00000320       __imp_mxGetFieldNumber     0000000180045320     libmx:libmx.dll
 0002:00000328       __imp_mxCreateStructMatrix_700 0000000180045328     libmx:libmx.dll
 0002:00000330       __imp_mxGetNumberOfFields  0000000180045330     libmx:libmx.dll
 0002:00000338       __imp_mxGetFieldNameByNumber 0000000180045338     libmx:libmx.dll
 0002:00000340       __imp_mxGetFieldByNumber_700 0000000180045340     libmx:libmx.dll
 0002:00000348       __imp_mxSetFieldByNumber_700 0000000180045348     libmx:libmx.dll
 0002:00000350       __imp_mxIsSparse           0000000180045350     libmx:libmx.dll
 0002:00000358       __imp_mxGetLogicals        0000000180045358     libmx:libmx.dll
 0002:00000360       __imp_mxIsClass            0000000180045360     libmx:libmx.dll
 0002:00000368       __imp_mxIsStruct           0000000180045368     libmx:libmx.dll
 0002:00000370       __imp_mxGetNumberOfElements 0000000180045370     libmx:libmx.dll
 0002:00000378       __imp_mxGetField_700       0000000180045378     libmx:libmx.dll
 0002:00000380       __imp_mxAddField           0000000180045380     libmx:libmx.dll
 0002:00000388       __imp_mxSetField_700       0000000180045388     libmx:libmx.dll
 0002:00000390       __imp_mxGetClassName       0000000180045390     libmx:libmx.dll
 0002:00000398       __imp_mxGetCell_700        0000000180045398     libmx:libmx.dll
 0002:000003a0       __imp_mxSetCell_700        00000001800453a0     libmx:libmx.dll
 0002:000003a8       __imp_mxCreateCellMatrix_700 00000001800453a8     libmx:libmx.dll
 0002:000003b0       __imp_mxArrayToString      00000001800453b0     libmx:libmx.dll
 0002:000003b8       __imp_mxFree               00000001800453b8     libmx:libmx.dll
 0002:000003c0       __imp_mxCreateDoubleMatrix_700 00000001800453c0     libmx:libmx.dll
 0002:000003c8       __imp_mxIsLogical          00000001800453c8     libmx:libmx.dll
 0002:000003d0       __imp_mxGetScalar          00000001800453d0     libmx:libmx.dll
 0002:000003d8       __imp_mxCalloc             00000001800453d8     libmx:libmx.dll
 0002:000003e0       __imp_mxGetM               00000001800453e0     libmx:libmx.dll
 0002:000003e8       __imp_mxGetN               00000001800453e8     libmx:libmx.dll
 0002:000003f0       __imp_mxIsComplex          00000001800453f0     libmx:libmx.dll
 0002:000003f8       __imp_mxIsNumeric          00000001800453f8     libmx:libmx.dll
 0002:00000400       __imp_mxGetClassID         0000000180045400     libmx:libmx.dll
 0002:00000408       __imp_mxIsChar             0000000180045408     libmx:libmx.dll
 0002:00000410       __imp_mxGetString_730      0000000180045410     libmx:libmx.dll
[...]
 0001:000184d0       ml_generic_out_of_bounds_check 00000001800194d0 f   sfc_mex:sfc_mex.obj
 0001:00018620       ml_get_element_value_from_array 0000000180019620 f   sfc_mex:sfc_mex.obj
 0001:00018920       _ml_generic_castability_check 0000000180019920 f   sfc_mex:sfc_mex.obj
 0001:000194f0       ml_generic_castability_check 000000018001a4f0 f   sfc_mex:sfc_mex.obj
 0001:00019590       ml_check_mx_array_for_single_castability 000000018001a590 f   sfc_mex:sfc_mex.obj
 0001:00019630       ml_check_mx_array_for_logical_castability 000000018001a630 f   sfc_mex:sfc_mex.obj
 0001:000196d0       ml_check_mx_array_for_int8_castability 000000018001a6d0 f   sfc_mex:sfc_mex.obj
 0001:00019780       ml_check_mx_array_for_uint8_castability 000000018001a780 f   sfc_mex:sfc_mex.obj
 0001:00019820       ml_check_mx_array_for_int16_castability 000000018001a820 f   sfc_mex:sfc_mex.obj
 0001:000198c0       ml_check_mx_array_for_uint16_castability 000000018001a8c0 f   sfc_mex:sfc_mex.obj
 0001:00019960       ml_check_mx_array_for_int32_castability 000000018001a960 f   sfc_mex:sfc_mex.obj
 0001:00019a00       ml_check_mx_array_for_uint32_castability 000000018001aa00 f   sfc_mex:sfc_mex.obj
 0001:00019aa0       ml_check_mx_array_for_castability 000000018001aaa0 f   sfc_mex:sfc_mex.obj
 0001:0001a270       set_data_value             000000018001b270 f   sfc_mex:sfc_mex.obj
 0001:0001a5c0       get_data_value             000000018001b5c0 f   sfc_mex:sfc_mex.obj
 0001:0001a6b0       get_next_element_address   000000018001b6b0 f   sfc_mex:sfc_mex.obj
 0001:0001a780       sf_normalize_index         000000018001b780 f   sfc_mex:sfc_mex.obj
 0001:0001ab10       ml_array_index_bound_check 000000018001bb10 f   sfc_mex:sfc_mex.obj
 0001:0001b720       mx_value                   000000018001c720 f   sfc_mex:sfc_mex.obj
 0001:0001b770       sf_create_numeric_array    000000018001c770 f   sfc_mex:sfc_mex.obj
 0001:0001b810       sf_mex_assign_to_mx_array  000000018001c810 f   sfc_mex:sfc_mex.obj
 0001:0001c180       assign_from_mx_array       000000018001d180 f   sfc_mex:sfc_mex.obj
 0001:0001d400       get_machine_and_chart_file_number 000000018001e400 f   sfc_mex:sfc_sf.obj
 0001:0001d4f0       get_sfun_block_specialization 000000018001e4f0 f   sfc_mex:sfc_sf.obj
 0001:0001d570       call_sf_machine_global_method_dispatcher 000000018001e570 f   sfc_mex:sfc_sf.obj
 0001:0001d7e0       mdl_zeroCrossings_processing 000000018001e7e0 f   sfc_mex:sfc_sf.obj
 0001:0001d8b0       mdl_derivatives_processing 000000018001e8b0 f   sfc_mex:sfc_sf.obj
 0001:0001db70       mdl_outputs_continuous_legacy 000000018001eb70 f   sfc_mex:sfc_sf.obj
 0001:0001dbf0       mdl_outputs_processing     000000018001ebf0 f   sfc_mex:sfc_sf.obj
 0001:0001def0       mdl_enable_processing      000000018001eef0 f   sfc_mex:sfc_sf.obj
 0001:0001dfc0       mdl_disable_processing     000000018001efc0 f   sfc_mex:sfc_sf.obj
 0001:0001eab0       write_symbol_mapping       000000018001fab0 f   sfc_mex:sfc_sf.obj
 0001:0001f230       sf_call_output_fcn_enable_disable 0000000180020230 f   sfc_mex:sfc_sf.obj
 0001:0001f4b0       set_dwork_information_from_mx_array 00000001800204b0 f   sfc_mex:sfc_sf.obj
 0001:0001fc30       get_dwork_info_from_mat_file 0000000180020c30 f   sfc_mex:sfc_sf.obj
 0001:0001fde0       ptr2mxStruct               0000000180020de0 f   sfc_mex:sfc_sf.obj
 0001:000201f0       SNPRINTF_WRAPPER           00000001800211f0 f   sfc_debug:sfcdebug.obj
 0001:00020210       sf_debug_chart_instance_initialized_quick 0000000180021210 f   sfc_debug:sfcdebug.obj
 0001:00020220       sf_debug_chart_instance_initialized 0000000180021220 f   sfc_debug:sfcdebug.obj
 0001:000203c0       sfrtAddSize                00000001800213c0 f   sfc_debug:sfcdebug.obj
 0001:00020480       sfrtGenSizeString          0000000180021480 f   sfc_debug:sfcdebug.obj
 0001:00020c00       sf_debug_sim_status_listener 0000000180021c00 f   sfc_debug:sfcdebug.obj
 0001:00021170       sf_debug_form_mask_bits    0000000180022170 f   sfc_debug:sfcdebug.obj
 0001:000211b0       sf_debug_form_sf_data_type_offsets 00000001800221b0 f   sfc_debug:sfcdebug.obj
 0001:00021270       sf_debug_free_all          0000000180022270 f   sfc_debug:sfcdebug.obj
 0001:00021400       sf_debug_append_debugger_context 0000000180022400 f   sfc_debug:sfcdebug.obj
 0001:000216c0       local_strdup               00000001800226c0 f   sfc_debug:sfcdebug.obj
 0001:000225a0       sf_debug_em_terminate      00000001800235a0 f   sfc_debug:sfcdebug.obj
 0001:000225e0       sf_debug_push_eml_function 00000001800235e0 f   sfc_debug:sfcdebug.obj
 0001:00022680       sf_debug_pop_eml_function  0000000180023680 f   sfc_debug:sfcdebug.obj
 0001:00023340       sf_debug_get_machine_number_from_id_or_name 0000000180024340 f   sfc_debug:sfcdebug.obj
 0001:00023490       sf_debug_get_chart_number_from_id 0000000180024490 f   sfc_debug:sfcdebug.obj
 0001:00024140       sf_debug_transfer_control_to_debugger_GUI 0000000180025140 f   sfc_debug:sfcdebug.obj
 0001:00025120       sf_debug_scripts_rehash    0000000180026120 f   sfc_debug:sfcdebug.obj
 0001:00025370       sf_debug_get_script_line_count 0000000180026370 f   sfc_debug:sfcdebug.obj
 0001:00025ac0       cv_eml_state_cvId          0000000180026ac0 f   sfc_debug:sfcdebug.obj
 0001:00026fe0       sf_debug_data_array_bounds_error 0000000180027fe0 f   sfc_debug:sfcdebug.obj
 0001:000273e0       eml_debug_runtime_error_doclink 00000001800283e0 f   sfc_debug:sfcdebug.obj
 0001:00027550       sf_debug_runtime_error     0000000180028550 f   sfc_debug:sfcdebug.obj
 0001:000275c0       sf_debug_matlab_error      00000001800285c0 f   sfc_debug:sfcdebug.obj
 0001:00027e00       sf_debug_data_value_error  0000000180028e00 f   sfc_debug:sfcdebug.obj
 0001:000286c0       sf_debug_data_loss_error   00000001800296c0 f   sfc_debug:sfcdebug.obj
 0001:000292d0       call_cv_range_check        000000018002a2d0 f   sfc_debug:sfcdebug.obj
 0001:00029bc0       sf_debug_invoke_cycle_detection_code 000000018002abc0 f   sfc_debug:sfcdebug.obj
 0001:0002aa20       sf_reset_debug_info_struct 000000018002ba20 f   sfc_debug:sfcdebug.obj
 0001:0002b4e0       cv_script_cvId             000000018002c4e0 f   sfc_debug:sfcdebug.obj
 0001:0002c960       sfc_api_chart_visible      000000018002d960 f   sfc_debug:sfc_api.obj
 0001:0002c9e0       sfc_api_active_instance    000000018002d9e0 f   sfc_debug:sfc_api.obj
 0001:0002ca60       sfc_api_machine_load       000000018002da60 f   sfc_debug:sfc_api.obj
 0001:0002cb30       sfc_api_debugger_alive     000000018002db30 f   sfc_debug:sfc_api.obj
 0001:0002cb40       sfc_api_go                 000000018002db40 f   sfc_debug:sfc_api.obj
 0001:0002cb50       sfc_api_step_over          000000018002db50 f   sfc_debug:sfc_api.obj
 0001:0002cb60       sfc_api_step_out           000000018002db60 f   sfc_debug:sfc_api.obj
 0001:0002cb70       sfc_api_resume             000000018002db70 f   sfc_debug:sfc_api.obj
 0001:0002cb80       sfc_api_break              000000018002db80 f   sfc_debug:sfc_api.obj
 0001:0002cb90       sfc_api_stop_debugging     000000018002db90 f   sfc_debug:sfc_api.obj
 0001:0002cbe0       sfc_api_is_cycle_detected  000000018002dbe0 f   sfc_debug:sfc_api.obj
 0001:0002cc30       sfc_api_is_array_bounds_detected 000000018002dc30 f   sfc_debug:sfc_api.obj
 0001:0002cc80       sfc_api_set_disable_all_breakpoints 000000018002dc80 f   sfc_debug:sfc_api.obj
 0001:0002ccf0       sfc_api_disable_all_breakpoints_and_go 000000018002dcf0 f   sfc_debug:sfc_api.obj
 0001:0002cd00       sfc_api_close              000000018002dd00 f   sfc_debug:sfc_api.obj
 0001:0002cd10       sfc_api_browse_data        000000018002dd10 f   sfc_debug:sfc_api.obj
 0001:0002cd80       sfc_api_watch_data         000000018002dd80 f   sfc_debug:sfc_api.obj
 0001:0002ce20       sfc_api_whos               000000018002de20 f   sfc_debug:sfc_api.obj
 0001:0002ceb0       sfc_api_get_consistency_info 000000018002deb0 f   sfc_debug:sfc_api.obj
 0001:0002cec0       sfc_api_browse_trace       000000018002dec0 f   sfc_debug:sfc_api.obj
 0001:0002ced0       sfc_api_break_on_chart_entry 000000018002ded0 f   sfc_debug:sfc_api.obj
 0001:0002cef0       sfc_api_break_on_event_broadcast 000000018002def0 f   sfc_debug:sfc_api.obj
 0001:0002cf10       sfc_api_break_on_state_entry 000000018002df10 f   sfc_debug:sfc_api.obj
 0001:0002cf30       sfc_api_set_watch          000000018002df30 f   sfc_debug:sfc_api.obj
 0001:0002cfd0       sfc_api_set_breakpoints    000000018002dfd0 f   sfc_debug:sfc_api.obj
 0001:0002d070       sfc_api_set_eml_breakpoints 000000018002e070 f   sfc_debug:sfc_api.obj
 0001:0002d0f0       sfc_api_set_script_breakpoints 000000018002e0f0 f   sfc_debug:sfc_api.obj
 0001:0002d140       sfc_api_add_script_breakpoints 000000018002e140 f   sfc_debug:sfc_api.obj
 0001:0002d190       sfc_api_clear_script_breakpoints 000000018002e190 f   sfc_debug:sfc_api.obj
 0001:0002d1e0       sfc_api_query_script_breakpoints 000000018002e1e0 f   sfc_debug:sfc_api.obj
 0001:0002d240       sfc_api_get_script_id      000000018002e240 f   sfc_debug:sfc_api.obj
 0001:0002d300       sfc_api_get_active_states  000000018002e300 f   sfc_debug:sfc_api.obj
 0001:0002d380       sfc_api_break_between_times 000000018002e380 f   sfc_debug:sfc_api.obj
 0001:0002d3e0       sfc_api_get_instance_handle 000000018002e3e0 f   sfc_debug:sfc_api.obj
 0001:0002d490       sfc_api_get_coverage       000000018002e490 f   sfc_debug:sfc_api.obj
 0001:0002d510       sfc_api_set_animation      000000018002e510 f   sfc_debug:sfc_api.obj
 0001:0002d560       sfc_api_select_chart       000000018002e560 f   sfc_debug:sfc_api.obj
 0001:0002d5c0       sfc_api_select_charts      000000018002e5c0 f   sfc_debug:sfc_api.obj
 0001:0002d5f0       sfc_api_cycle_detection_check 000000018002e5f0 f   sfc_debug:sfc_api.obj
 0001:0002d640       sfc_api_data_range_check   000000018002e640 f   sfc_debug:sfc_api.obj
 0001:0002d690       sfc_api_transition_conflict_check 000000018002e690 f   sfc_debug:sfc_api.obj
 0001:0002d6e0       sfc_api_state_consistency_check 000000018002e6e0 f   sfc_debug:sfc_api.obj
 0001:0002d730       sfc_api_set_instance_cv_ids 000000018002e730 f   sfc_debug:sfc_api.obj
 0001:0002d840       sfc_api_set_script_cv_ids  000000018002e840 f   sfc_debug:sfc_api.obj
 0001:0002d8e0       sfc_api_get_current_machine_id 000000018002e8e0 f   sfc_debug:sfc_api.obj
 0001:0002d910       sfc_api_get_current_machine_number 000000018002e910 f   sfc_debug:sfc_api.obj
 0001:0002d940       sfc_api_get_current_chart_number 000000018002e940 f   sfc_debug:sfc_api.obj
 0001:0002d970       sfc_api_get_current_instance_number 000000018002e970 f   sfc_debug:sfc_api.obj
 0001:0002d9a0       sfc_api_get_current_instance_handle 000000018002e9a0 f   sfc_debug:sfc_api.obj
 0001:0002d9c0       sfc_api_get_current_is_minor_time_step 000000018002e9c0 f   sfc_debug:sfc_api.obj
 0001:0002d9f0       sfc_api_get_current_machine_name 000000018002e9f0 f   sfc_debug:sfc_api.obj
 0001:0002da10       sfc_api_get_current_chart_id 000000018002ea10 f   sfc_debug:sfc_api.obj
 0001:0002da40       sfc_api_get_current_object_type 000000018002ea40 f   sfc_debug:sfc_api.obj
 0001:0002da70       sfc_api_get_current_event_type 000000018002ea70 f   sfc_debug:sfc_api.obj
 0001:0002daa0       sfc_api_get_current_object_id 000000018002eaa0 f   sfc_debug:sfc_api.obj
 0001:0002dad0       sfc_get_current_active_event_type 000000018002ead0 f   sfc_debug:sfc_api.obj
 0001:0002db00       sfc_api_get_current_active_event_id 000000018002eb00 f   sfc_debug:sfc_api.obj
 0001:0002db30       sfc_api_get_current_simulation_time 000000018002eb30 f   sfc_debug:sfc_api.obj
 0001:0002db50       sfc_get_current_tag_type   000000018002eb50 f   sfc_debug:sfc_api.obj
 0001:0002db80       sfc_get_current_coverage_percentage 000000018002eb80 f   sfc_debug:sfc_api.obj
 0001:0002dba0       sfc_get_current_statement_context 000000018002eba0 f   sfc_debug:sfc_api.obj
 0001:0002dbc0       sfc_get_current_optional_integer 000000018002ebc0 f   sfc_debug:sfc_api.obj
 0001:0002dbe0       sfc_get_current_statement_info 000000018002ebe0 f   sfc_debug:sfc_api.obj
 0001:0002dc80       sfc_api_get                000000018002ec80 f   sfc_debug:sfc_api.obj
 0001:0002dde0       sf_debug_sm_is_using_unified_editors 000000018002ede0 f   sfc_debug:sfdb_animation.obj
 0001:0002de80       sf_debug_sm_is_chart_visible_in_unified_editors 000000018002ee80 f   sfc_debug:sfdb_animation.obj
 0001:0002df40       sf_debug_sm_check_if_chart_is_visible 000000018002ef40 f   sfc_debug:sfdb_animation.obj
 0001:0002eb50       sf_debug_sm_fill_state_activity_data 000000018002fb50 f   sfc_debug:sfdb_animation.obj
 0001:00031160       sf_debug_hm_get_simulink_handle 0000000180032160 f   sfc_debug:sfdb_handle_management.obj
 0001:00031d50       sf_debug_hm_initialize_globals 0000000180032d50 f   sfc_debug:sfdb_handle_management.obj
 0001:00031e50       sf_debug_hm_get_machine_debug_flag 0000000180032e50 f   sfc_debug:sfdb_handle_management.obj
 0001:00031fc0       sf_debug_hm_get_machine_id 0000000180032fc0 f   sfc_debug:sfdb_handle_management.obj
 0001:000320e0       sf_debug_hm_get_chart_id   00000001800330e0 f   sfc_debug:sfdb_handle_management.obj
 0001:00032280       sf_debug_hm_register_executing_SFunction 0000000180033280 f   sfc_debug:sfdb_handle_management.obj
 0001:00032410       sf_debug_hm_get_chart_active_instance 0000000180033410 f   sfc_debug:sfdb_handle_management.obj
 0001:00032580       sf_debug_hm_get_chart_visibility 0000000180033580 f   sfc_debug:sfdb_handle_management.obj
 0001:000326d0       sf_debug_hm_form_object_boolean_properties 00000001800336d0 f   sfc_debug:sfdb_handle_management.obj
 0001:000329a0       sf_debug_hm_form_object_properties 00000001800339a0 f   sfc_debug:sfdb_handle_management.obj
 0001:00032be0       sf_debug_hm_terminate_charts 0000000180033be0 f   sfc_debug:sfdb_handle_management.obj
 0001:00033320       sf_debug_hm_terminate_machines 0000000180034320 f   sfc_debug:sfdb_handle_management.obj
 0001:00034e20       void_ptr_stack_vector_free_total 0000000180035e20 f   sfc_debug:sfdb_data_browse.obj
 0001:00034eb0       sf_debug_st_terminate_machine 0000000180035eb0 f   sfc_debug:sfdb_data_browse.obj
 0001:00034fe0       sf_debug_st_terminate_instance 0000000180035fe0 f   sfc_debug:sfdb_data_browse.obj
 0001:00035490       push_on_to_void_ptr_stack  0000000180036490 f   sfc_debug:sfdb_data_browse.obj
 0001:00035620       pop_from_void_ptr_stack    0000000180036620 f   sfc_debug:sfdb_data_browse.obj
 0001:00035750       sf_debug_st_get_data_value 0000000180036750 f   sfc_debug:sfdb_data_browse.obj
 0001:00035c80       mx_value                   0000000180036c80 f   sfc_debug:sfdb_data_browse.obj
 0001:00035cc0       sf_debug_st_fill_data_struct 0000000180036cc0 f   sfc_debug:sfdb_data_browse.obj
 0001:00036000       data_type_format_strings   0000000180037000 f   sfc_debug:sfdb_data_browse.obj
 0001:000360b0       sf_debug_st_fill_data      00000001800370b0 f   sfc_debug:sfdb_data_browse.obj
 0001:00037340       sf_debug_ss_copy_dimension 0000000180038340 f   sfc_debug:sfdb_symbol_scope.obj
 0001:00037400       sf_debug_ss_get_number_elements 0000000180038400 f   sfc_debug:sfdb_symbol_scope.obj
 0001:00037420       sf_debug_ss_fill_data_struct 0000000180038420 f   sfc_debug:sfdb_symbol_scope.obj
 0001:00037770       sf_debug_ss_reset_data_info 0000000180038770 f   sfc_debug:sfdb_symbol_scope.obj
 0001:000377d0       sf_debug_fill_data_info_by_symbol_scope_entry 00000001800387d0 f   sfc_debug:sfdb_symbol_scope.obj
 0001:00037880       sf_debug_fill_data_info_by_data_vector 0000000180038880 f   sfc_debug:sfdb_symbol_scope.obj
 0001:00037ac0       sf_debug_ss_get_data_info  0000000180038ac0 f   sfc_debug:sfdb_symbol_scope.obj
 0001:00037ef0       sf_debug_ss_get_data_value 0000000180038ef0 f   sfc_debug:sfdb_symbol_scope.obj
 0001:00038380       sf_debug_ss_data_bytes_string 0000000180039380 f   sfc_debug:sfdb_symbol_scope.obj
 0001:00038430       sf_debug_ss_data_class_string 0000000180039430 f   sfc_debug:sfdb_symbol_scope.obj
 0001:000387c0       sf_debug_ss_data_size_string 00000001800397c0 f   sfc_debug:sfdb_symbol_scope.obj
 0001:000388a0       sf_debug_ss_data_create_data_info_struct 00000001800398a0 f   sfc_debug:sfdb_symbol_scope.obj
 0001:00038b00       sf_debug_ss_data_create_name_value_pair 0000000180039b00 f   sfc_debug:sfdb_symbol_scope.obj
 0001:00038ba0       sf_debug_ss_data_get_whos_info 0000000180039ba0 f   sfc_debug:sfdb_symbol_scope.obj
 0001:00038c60       same_named_data_in_data_array 0000000180039c60 f   sfc_debug:sfdb_symbol_scope.obj
 0001:0003a660       sf_debug_cc_terminate_chart 000000018003b660 f   sfc_debug:sfdb_coverage.obj
 0001:0003aa00       sf_debug_cc_terminate_instance 000000018003ba00 f   sfc_debug:sfdb_coverage.obj
 0001:0003b600       sf_debug_cc_mark_object_if_needed 000000018003c600 f   sfc_debug:sfdb_coverage.obj
 0001:0003bd60       sf_debug_cc_fill_transition_coverage_data 000000018003cd60 f   sfc_debug:sfdb_coverage.obj
 0001:0003bef0       sf_debug_cc_fill_transition_coverage_map 000000018003cef0 f   sfc_debug:sfdb_coverage.obj
 0001:0003c1a0       sf_debug_cc_fill_state_coverage_map 000000018003d1a0 f   sfc_debug:sfdb_coverage.obj
 0001:0003c3f0       sf_debug_cc_fill_state_coverage_data 000000018003d3f0 f   sfc_debug:sfdb_coverage.obj
 0001:0003d020       sf_debug_bm_initialize_eml 000000018003e020 f   sfc_debug:sfdb_breakpoints.obj
 0001:0003e170       sf_debug_bm_map_debug_tag_to_breakpoint_tag 000000018003f170 f   sfc_debug:sfdb_breakpoints.obj
 0001:0003e250       sf_debug_bm_is_a_eml_breakpoint_impl 000000018003f250 f   sfc_debug:sfdb_breakpoints.obj
 0001:0003feb0       sf_debug_sc_push_on_error_stack 0000000180040eb0 f   sfc_debug:sfdb_state_consistency.obj
 0001:0003ffe0       sf_debug_sc_reset_error_stack 0000000180040fe0 f   sfc_debug:sfdb_state_consistency.obj
 0001:00040170       sf_debug_sc_is_state_inconsistent 0000000180041170 f   sfc_debug:sfdb_state_consistency.obj
 0001:00040470       sf_debug_sc_fill_consistency_info 0000000180041470 f   sfc_debug:sfdb_state_consistency.obj
 0001:00040a20       void_assertion_fcn         0000000180041a20 f   sfc_debug:sfdb_call_stack.obj
 0001:00040fb0       sf_debug_tm_fill_local_trace 0000000180041fb0 f   sfc_debug:sfdb_call_stack.obj
 0001:00041550       sf_debug_cd_terminate_instance 0000000180042550 f   sfc_debug:sfdb_cycle_detection.obj
 0001:000415b0       sf_debug_cd_free_checksum_stack 00000001800425b0 f   sfc_debug:sfdb_cycle_detection.obj
 0001:00041600       sf_debug_cd_reset_pack_strings 0000000180042600 f   sfc_debug:sfdb_cycle_detection.obj
 0001:00041cc0       md5file_clear              0000000180042cc0 f   sfc_debug:ckmd5.obj
 0001:00041cf0       Encode                     0000000180042cf0 f   sfc_debug:ckmd5.obj
 0001:00041d40       Decode                     0000000180042d40 f   sfc_debug:ckmd5.obj
 0001:00041de0       MD5Transform               0000000180042de0 f   sfc_debug:ckmd5.obj
 0001:00042630       md5file_addn               0000000180043630 f   sfc_debug:ckmd5.obj
 0001:00042700       md5file_hash               0000000180043700 f   sfc_debug:ckmd5.obj
 0001:00042ed8       pre_c_init                 0000000180043ed8 f   MSVCRT:crtdll.obj
 0001:00043194       __DllMainCRTStartup        0000000180044194 f   MSVCRT:crtdll.obj
 0001:00043830       __DllMainCRTStartup$filt$0 0000000180044830 f   MSVCRT:crtdll.obj
 0001:00043860       __DllMainCRTStartup$fin$1  0000000180044860 f   MSVCRT:crtdll.obj
 0001:0004387a       _onexit$fin$0              000000018004487a f   MSVCRT:atonexit.obj
 0001:000438a0       _IsNonwritableInCurrentImage$filt$0 00000001800448a0 f   MSVCRT:pesect.obj
