 DVM_Hirtle_original_sfun

 Timestamp is 4f261ac1 (Sun Jan 29 20:21:21 2012)

 Preferred load address is 0000000180000000

 Start         Length     Name                   Class
 0001:00000000 00043f74H .text                   CODE
 0001:00043f80 00000092H .text$x                 CODE
 0002:00000000 00000460H .idata$5                DATA
 0002:00000460 00000008H .CRT$XCA                DATA
 0002:00000468 00000008H .CRT$XCZ                DATA
 0002:00000470 00000008H .CRT$XIA                DATA
 0002:00000478 00000008H .CRT$XIAA               DATA
 0002:00000480 00000008H .CRT$XIZ                DATA
 0002:00000490 00004b6cH .rdata                  DATA
 0002:00005000 00000008H .rtc$IAA                DATA
 0002:00005008 00000008H .rtc$IZZ                DATA
 0002:00005010 00000008H .rtc$TAA                DATA
 0002:00005018 00000008H .rtc$TZZ                DATA
 0002:00005020 0000452cH .xdata                  DATA
 0002:0000954c 000000a0H .idata$2                DATA
 0002:000095ec 00000014H .idata$3                DATA
 0002:00009600 00000460H .idata$4                DATA
 0002:00009a60 000009e0H .idata$6                DATA
 0002:0000a440 0000005eH .edata                  DATA
 0003:00000000 00004548H .data                   DATA
 0003:00004560 00002678H .bss                    DATA
 0004:00000000 00003348H .pdata                  DATA

  Address         Publics by Value              Rva+Base               Lib:Object

 0000:00000000       ___safe_se_handler_count   0000000000000000     <absolute>
 0000:00000000       ___safe_se_handler_table   0000000000000000     <absolute>
 0000:00000000       __ImageBase                0000000180000000     <linker-defined>
 0001:00000000       sf_c1_DVM_Hirtle_original_get_eml_resolved_functions_info 0000000180001000 f   c1_DVM_Hirtle_original.obj
 0001:00001ea0       sf_c1_DVM_Hirtle_original_get_check_sum 0000000180002ea0 f   c1_DVM_Hirtle_original.obj
 0001:00001f20       sf_c1_DVM_Hirtle_original_get_autoinheritance_info 0000000180002f20 f   c1_DVM_Hirtle_original.obj
 0001:00002b30       c1_DVM_Hirtle_original_method_dispatcher 0000000180003b30 f   c1_DVM_Hirtle_original.obj
 0001:0000f550       sf_process_check_sum_call  0000000180010550 f   DVM_Hirtle_original_sfun_registry.obj
 0001:0000f5a0       sf_process_autoinheritance_call 00000001800105a0 f   DVM_Hirtle_original_sfun_registry.obj
 0001:0000f5f0       sf_process_get_eml_resolved_functions_info_call 00000001800105f0 f   DVM_Hirtle_original_sfun_registry.obj
 0001:0000f770       sf_mex_unlock_call         0000000180010770 f   DVM_Hirtle_original_sfun_registry.obj
 0001:0000f820       sf_machine_global_initializer_called 0000000180010820 f   DVM_Hirtle_original_sfun_registry.obj
 0001:0000f850       sf_machine_global_method_dispatcher 0000000180010850 f   DVM_Hirtle_original_sfun_registry.obj
 0001:0000f8b0       sf_machine_global_terminator 00000001800108b0 f   DVM_Hirtle_original_sfun_registry.obj
 0001:0000f8f0       sf_register_machine_exported_symbols 00000001800108f0 f   DVM_Hirtle_original_sfun_registry.obj
 0001:0000f910       callCustomFcn              0000000180010910 f   DVM_Hirtle_original_sfun_registry.obj
 0001:0000f920       sf_machine_global_initializer 0000000180010920 f   DVM_Hirtle_original_sfun_registry.obj
 0001:0000f990       _ssSetInputPortMatrixDimensions 0000000180010990 f   DVM_Hirtle_original_sfun_registry.obj
 0001:0000faa0       _ssSetOutputPortMatrixDimensions 0000000180010aa0 f   DVM_Hirtle_original_sfun_registry.obj
 0001:0000fbb0       _ssSetInputPortVectorDimension 0000000180010bb0 f   DVM_Hirtle_original_sfun_registry.obj
 0001:0000fc80       _ssSetOutputPortVectorDimension 0000000180010c80 f   DVM_Hirtle_original_sfun_registry.obj
 0001:0000fd50       ssIsRunTimeParamTunable    0000000180010d50 f   DVM_Hirtle_original_sfun_registry.obj
 0001:0000fdc0       ssGetSFuncBlockHandle      0000000180010dc0 f   DVM_Hirtle_original_sfun_registry.obj
 0001:0000fe30       _ssGetCurrentInputPortWidth 0000000180010e30 f   DVM_Hirtle_original_sfun_registry.obj
 0001:0000ff50       _ssGetCurrentOutputPortWidth 0000000180010f50 f   DVM_Hirtle_original_sfun_registry.obj
 0001:00010070       _ssGetCallSystemNumFcnCallDestinations 0000000180011070 f   DVM_Hirtle_original_sfun_registry.obj
 0001:000100e0       ssWarning                  00000001800110e0 f   DVM_Hirtle_original_sfun_registry.obj
 0001:000101f0       ssGetIsZeroCrossControlDisabled 00000001800111f0 f   DVM_Hirtle_original_sfun_registry.obj
 0001:00010260       ssSetIsInputPortUsedForContZcSignal 0000000180011260 f   DVM_Hirtle_original_sfun_registry.obj
 0001:000102d0       ssSetZcSignalIsZcElementDisc 00000001800112d0 f   DVM_Hirtle_original_sfun_registry.obj
 0001:00010380       ssSetZcSignalName          0000000180011380 f   DVM_Hirtle_original_sfun_registry.obj
 0001:000103f0       ssSetZcSignalWidth         00000001800113f0 f   DVM_Hirtle_original_sfun_registry.obj
 0001:00010460       ssSetZcSignalZcEventType   0000000180011460 f   DVM_Hirtle_original_sfun_registry.obj
 0001:000104d0       ssSetZcSignalType          00000001800114d0 f   DVM_Hirtle_original_sfun_registry.obj
 0001:00010540       ssSetZcSignalZcTol         0000000180011540 f   DVM_Hirtle_original_sfun_registry.obj
 0001:000105b0       ssSetZcSignalNeedsEventNotification 00000001800115b0 f   DVM_Hirtle_original_sfun_registry.obj
 0001:00010620       ssCreateAndAddZcSignalInfo 0000000180011620 f   DVM_Hirtle_original_sfun_registry.obj
 0001:00010690       ssCloneAndAddZcSignalInfo  0000000180011690 f   DVM_Hirtle_original_sfun_registry.obj
 0001:00010700       ssGetNumZcSignals          0000000180011700 f   DVM_Hirtle_original_sfun_registry.obj
 0001:00010770       ssGetZcSignalVector        0000000180011770 f   DVM_Hirtle_original_sfun_registry.obj
 0001:000107e0       ssGetZcSignalZcEvents      00000001800117e0 f   DVM_Hirtle_original_sfun_registry.obj
 0001:00010850       ssGetZcSignalName          0000000180011850 f   DVM_Hirtle_original_sfun_registry.obj
 0001:000108c0       ssGetZcSignalWidth         00000001800118c0 f   DVM_Hirtle_original_sfun_registry.obj
 0001:00010930       ssGetZcSignalZcEventType   0000000180011930 f   DVM_Hirtle_original_sfun_registry.obj
 0001:000109a0       ssGetZcSignalType          00000001800119a0 f   DVM_Hirtle_original_sfun_registry.obj
 0001:00010a10       ssGetZcSignalZcTol         0000000180011a10 f   DVM_Hirtle_original_sfun_registry.obj
 0001:00010a90       ssGetZcSignalNeedsEventNotification 0000000180011a90 f   DVM_Hirtle_original_sfun_registry.obj
 0001:00010b00       ssGetZcSignalIsZcElementDisc 0000000180011b00 f   DVM_Hirtle_original_sfun_registry.obj
 0001:00010ba0       ssGetIsInputPortElementContinuous 0000000180011ba0 f   DVM_Hirtle_original_sfun_registry.obj
 0001:00010c40       _ssGetInputPortSignalPtrsFcn 0000000180011c40 f   DVM_Hirtle_original_sfun_registry.obj
 0001:00010f00       _ssGetInputPortSignalFcn   0000000180011f00 f   DVM_Hirtle_original_sfun_registry.obj
 0001:00011120       _ssSetInputPortDirectFeedThroughFcn 0000000180012120 f   DVM_Hirtle_original_sfun_registry.obj
 0001:00011280       _ssSetInputPortReusableFcn 0000000180012280 f   DVM_Hirtle_original_sfun_registry.obj
 0001:00011370       _ssSetOutputPortReusableFcn 0000000180012370 f   DVM_Hirtle_original_sfun_registry.obj
 0001:00011450       ssGetDTypeIdFromMxArray    0000000180012450 f   DVM_Hirtle_original_sfun_registry.obj
 0001:00011570       ssWriteRTWStr              0000000180012570 f   DVM_Hirtle_original_sfun_registry.obj
 0001:000115d0       ssWriteRTWMxVectParam      00000001800125d0 f   DVM_Hirtle_original_sfun_registry.obj
 0001:00011630       ssWriteRTWMx2dMatParam     0000000180012630 f   DVM_Hirtle_original_sfun_registry.obj
 0001:000116b0       ssWriteRTWNameValuePair    00000001800126b0 f   DVM_Hirtle_original_sfun_registry.obj
 0001:00011ba0       ssWriteRTWParameters       0000000180012ba0 f   DVM_Hirtle_original_sfun_registry.obj
 0001:000121a0       ssWriteRTWParamSettings    00000001800131a0 f   DVM_Hirtle_original_sfun_registry.obj
 0001:00012870       ssWriteRTWWorkVect         0000000180013870 f   DVM_Hirtle_original_sfun_registry.obj
 0001:00012d70       mexFunction                0000000180013d70 f   DVM_Hirtle_original_sfun_registry.obj
 0001:000149b0       ProcessMexSfunctionEveryCall 00000001800159b0 f   DVM_Hirtle_original_sfun_registry.obj
 0001:00014b20       DVM_Hirtle_original_initializer 0000000180015b20 f   DVM_Hirtle_original_sfun.obj
 0001:00014b40       DVM_Hirtle_original_terminator 0000000180015b40 f   DVM_Hirtle_original_sfun.obj
 0001:00014b50       sf_DVM_Hirtle_original_method_dispatcher 0000000180015b50 f   DVM_Hirtle_original_sfun.obj
 0001:00014ba0       sf_DVM_Hirtle_original_process_check_sum_call 0000000180015ba0 f   DVM_Hirtle_original_sfun.obj
 0001:00014fb0       sf_DVM_Hirtle_original_autoinheritance_info 0000000180015fb0 f   DVM_Hirtle_original_sfun.obj
 0001:000150b0       sf_DVM_Hirtle_original_get_eml_resolved_functions_info 00000001800160b0 f   DVM_Hirtle_original_sfun.obj
 0001:000151e0       DVM_Hirtle_original_debug_initialize 00000001800161e0 f   DVM_Hirtle_original_sfun.obj
 0001:00015250       DVM_Hirtle_original_register_exported_symbols 0000000180016250 f   DVM_Hirtle_original_sfun.obj
 0001:00015300       sf_mex_mx_is_numeric       0000000180016300 f   sfc_mex:sfc_mex.obj
 0001:00015340       strcmp_ignore_ws           0000000180016340 f   sfc_mex:sfc_mex.obj
 0001:00015480       sf_mex_duplicatearraysafe  0000000180016480 f   sfc_mex:sfc_mex.obj
 0001:000155e0       sf_set_error_debugger_context_message_fcn 00000001800165e0 f   sfc_mex:sfc_mex.obj
 0001:000155f0       sf_set_debugger_matlab_error_fcn 00000001800165f0 f   sfc_mex:sfc_mex.obj
 0001:00015620       sf_set_error_prefix_string 0000000180016620 f   sfc_mex:sfc_mex.obj
 0001:00015650       sf_get_error_prefix_string 0000000180016650 f   sfc_mex:sfc_mex.obj
 0001:00015660       sf_get_current_jmp_buf_ptr 0000000180016660 f   sfc_mex:sfc_mex.obj
 0001:00015670       sf_set_current_jmp_buf_ptr 0000000180016670 f   sfc_mex:sfc_mex.obj
 0001:00015680       sf_mex_set_halt_simulation 0000000180016680 f   sfc_mex:sfc_mex.obj
 0001:00015690       sf_mex_get_halt_simulation 0000000180016690 f   sfc_mex:sfc_mex.obj
 0001:000156a0       sf_mex_clear_error_message 00000001800166a0 f   sfc_mex:sfc_mex.obj
 0001:000156c0       sf_mex_get_error_message_for_read 00000001800166c0 f   sfc_mex:sfc_mex.obj
 0001:000156d0       sf_mex_get_error_message_buffer_length 00000001800166d0 f   sfc_mex:sfc_mex.obj
 0001:000157c0       sf_mex_warning_message     00000001800167c0 f   sfc_mex:sfc_mex.obj
 0001:00015830       sf_mex_v_errbuf_createf    0000000180016830 f   sfc_mex:sfc_mex.obj
 0001:00015840       sf_mex_errbuf_createf      0000000180016840 f   sfc_mex:sfc_mex.obj
 0001:00015870       sf_mex_v_errbuf_catf       0000000180016870 f   sfc_mex:sfc_mex.obj
 0001:000158b0       sf_mex_errbuf_catf         00000001800168b0 f   sfc_mex:sfc_mex.obj
 0001:00015900       sf_mex_errbuf_copy         0000000180016900 f   sfc_mex:sfc_mex.obj
 0001:00015910       sf_mex_errbuf_clear        0000000180016910 f   sfc_mex:sfc_mex.obj
 0001:00015920       sf_mex_errbuf_isempty      0000000180016920 f   sfc_mex:sfc_mex.obj
 0001:00015a30       sf_mex_set_error_status    0000000180016a30 f   sfc_mex:sfc_mex.obj
 0001:00015a80       sf_mex_error_direct_call   0000000180016a80 f   sfc_mex:sfc_mex.obj
 0001:00015aa0       sf_mex_long_jump_on_error  0000000180016aa0 f   sfc_mex:sfc_mex.obj
 0001:00015ad0       sf_mex_call_matlab         0000000180016ad0 f   sfc_mex:sfc_mex.obj
 0001:00015bf0       sf_mex_check_builtin       0000000180016bf0 f   sfc_mex:sfc_mex.obj
 0001:00015c30       sf_mex_check_builtin_vs    0000000180016c30 f   sfc_mex:sfc_mex.obj
 0001:00015c90       sf_mex_check_enum          0000000180016c90 f   sfc_mex:sfc_mex.obj
 0001:00015cc0       sf_mex_create_enum         0000000180016cc0 f   sfc_mex:sfc_mex.obj
 0001:00015ce0       sf_mex_get_enum_element    0000000180016ce0 f   sfc_mex:sfc_mex.obj
 0001:00015cf0       sf_mex_createcellarray     0000000180016cf0 f   sfc_mex:sfc_mex.obj
 0001:00015d00       sf_mex_setcell             0000000180016d00 f   sfc_mex:sfc_mex.obj
 0001:00015d10       sf_mex_getcell             0000000180016d10 f   sfc_mex:sfc_mex.obj
 0001:00015d20       sf_mex_dup                 0000000180016d20 f   sfc_mex:sfc_mex.obj
 0001:00015d40       sf_mex_assign              0000000180016d40 f   sfc_mex:sfc_mex.obj
 0001:00015da0       sf_mex_destroy             0000000180016da0 f   sfc_mex:sfc_mex.obj
 0001:00015dd0       mx_array_has_fi_type       0000000180016dd0 f   sfc_mex:sfc_mex.obj
 0001:00015e00       sf_mex_convert_from_fi     0000000180016e00 f   sfc_mex:sfc_mex.obj
 0001:00015f60       sf_mex_convert_to_double   0000000180016f60 f   sfc_mex:sfc_mex.obj
 0001:00016080       sf_mex_import_fi_vs        0000000180017080 f   sfc_mex:sfc_mex.obj
 0001:000162b0       sf_matrix_matrix_index_ok  00000001800172b0 f   sfc_mex:sfc_mex.obj
 0001:00016340       sf_vector_vector_index_ok  0000000180017340 f   sfc_mex:sfc_mex.obj
 0001:00016370       ssGetCurrentInputPortDimensions_wrapper 0000000180017370 f   sfc_mex:sfc_mex.obj
 0001:00016390       ssGetCurrentOutputPortDimensions_wrapper 0000000180017390 f   sfc_mex:sfc_mex.obj
 0001:000163b0       sf_mex_emlrt_context_is_debug_mode 00000001800173b0 f   sfc_mex:sfc_mex.obj
 0001:000163c0       sf_mex_emlrt_context_set_debug_mode 00000001800173c0 f   sfc_mex:sfc_mex.obj
 0001:000163d0       sf_clear_error_manager_info 00000001800173d0 f   sfc_mex:sfc_mex.obj
 0001:00016420       sf_mex_stop_simulation_abruptly_wo_error 0000000180017420 f   sfc_mex:sfc_mex.obj
 0001:00016460       sf_mex_error_message       0000000180017460 f   sfc_mex:sfc_mex.obj
 0001:000164c0       sf_react_to_error_in_matlab_call 00000001800174c0 f   sfc_mex:sfc_mex.obj
 0001:000164f0       sf_mex_addfield            00000001800174f0 f   sfc_mex:sfc_mex.obj
 0001:00016590       sf_mex_getfield            0000000180017590 f   sfc_mex:sfc_mex.obj
 0001:00016840       sf_mex_check_class         0000000180017840 f   sfc_mex:sfc_mex.obj
 0001:000168d0       sf_mex_is_real             00000001800178d0 f   sfc_mex:sfc_mex.obj
 0001:000169f0       sf_mex_check_complex       00000001800179f0 f   sfc_mex:sfc_mex.obj
 0001:00016a50       sf_mex_check_sparse        0000000180017a50 f   sfc_mex:sfc_mex.obj
 0001:00016ac0       sf_mex_check_numerictype   0000000180017ac0 f   sfc_mex:sfc_mex.obj
 0001:00016d20       sf_mex_check_fimath        0000000180017d20 f   sfc_mex:sfc_mex.obj
 0001:00016f80       sf_mex_decode_encoded_mx_struct_array 0000000180017f80 f   sfc_mex:sfc_mex.obj
 0001:00017250       sf_mex_lw_bounds_check     0000000180018250 f   sfc_mex:sfc_mex.obj
 0001:00017280       sf_mex_lw_size_eq_check_1d 0000000180018280 f   sfc_mex:sfc_mex.obj
 0001:000172a0       sf_mex_lw_size_eq_check_nd 00000001800182a0 f   sfc_mex:sfc_mex.obj
 0001:00017490       sf_mex_lw_dim_size_eq_check 0000000180018490 f   sfc_mex:sfc_mex.obj
 0001:000174c0       sf_mex_lw_dim_size_geq_check 00000001800184c0 f   sfc_mex:sfc_mex.obj
 0001:000174f0       sf_mex_lw_sub_assign_size_check_nd 00000001800184f0 f   sfc_mex:sfc_mex.obj
 0001:00017730       sf_mex_lw_matrix_matrix_index_check 0000000180018730 f   sfc_mex:sfc_mex.obj
 0001:000177c0       sf_mex_lw_vector_vector_index_check 00000001800187c0 f   sfc_mex:sfc_mex.obj
 0001:00017800       sf_mex_lw_non_negative_check 0000000180018800 f   sfc_mex:sfc_mex.obj
 0001:00017840       sf_mex_overflow_error      0000000180018840 f   sfc_mex:sfc_mex.obj
 0001:00017850       sf_mex_dividebyzero_error  0000000180018850 f   sfc_mex:sfc_mex.obj
 0001:00017860       sf_mex_unsafe_enum_error   0000000180018860 f   sfc_mex:sfc_mex.obj
 0001:00017870       sf_emlrtErrHandler         0000000180018870 f   sfc_mex:sfc_mex.obj
 0001:000178a0       sf_mex_printf              00000001800188a0 f   sfc_mex:sfc_mex.obj
 0001:00017ad0       sf_mex_check_size          0000000180018ad0 f   sfc_mex:sfc_mex.obj
 0001:00017dd0       sf_mex_check_struct        0000000180018dd0 f   sfc_mex:sfc_mex.obj
 0001:00017f90       sf_mex_check_struct_vs     0000000180018f90 f   sfc_mex:sfc_mex.obj
 0001:00018020       sf_mex_check_fi            0000000180019020 f   sfc_mex:sfc_mex.obj
 0001:00018280       sf_mex_check_fi_vs         0000000180019280 f   sfc_mex:sfc_mex.obj
 0001:00018320       sf_echo_expression         0000000180019320 f   sfc_mex:sfc_mex.obj
 0001:00018380       sf_assertion_failed        0000000180019380 f   sfc_mex:sfc_mex.obj
 0001:00018550       sf_mex_evalin              0000000180019550 f   sfc_mex:sfc_mex.obj
 0001:00018870       sf_mex_export              0000000180019870 f   sfc_mex:sfc_mex.obj
 0001:00018910       sf_mex_get_ml_var_no_error 0000000180019910 f   sfc_mex:sfc_mex.obj
 0001:00018b90       sf_mex_get_ml_var          0000000180019b90 f   sfc_mex:sfc_mex.obj
 0001:00018f10       ml_set_element_value_in_array 0000000180019f10 f   sfc_mex:sfc_mex.obj
 0001:0001a3a0       sf_mex_call_impl           000000018001b3a0 f   sfc_mex:sfc_mex.obj
 0001:0001a960       sf_mex_call_debug          000000018001b960 f   sfc_mex:sfc_mex.obj
 0001:0001a990       sf_mex_call                000000018001b990 f   sfc_mex:sfc_mex.obj
 0001:0001afa0       sf_mex_createstruct        000000018001bfa0 f   sfc_mex:sfc_mex.obj
 0001:0001b090       sf_mex_createstructarray   000000018001c090 f   sfc_mex:sfc_mex.obj
 0001:0001b110       sf_mex_get_mx_datatype_from_sf_datatype 000000018001c110 f   sfc_mex:sfc_mex.obj
 0001:0001b420       sf_mex_ml_var_sub          000000018001c420 f   sfc_mex:sfc_mex.obj
 0001:0001b5f0       sf_mex_ml_var_subsasgn     000000018001c5f0 f   sfc_mex:sfc_mex.obj
 0001:0001ba00       sf_mex_sub                 000000018001ca00 f   sfc_mex:sfc_mex.obj
 0001:0001bc20       sf_mex_subsasgn            000000018001cc20 f   sfc_mex:sfc_mex.obj
 0001:0001c7d0       sf_mex_create              000000018001d7d0 f   sfc_mex:sfc_mex.obj
 0001:0001d650       sf_mex_import              000000018001e650 f   sfc_mex:sfc_mex.obj
 0001:0001d760       sf_mex_import_vs           000000018001e760 f   sfc_mex:sfc_mex.obj
 0001:0001d870       sf_mex_lower_fixpt_mx_array 000000018001e870 f   sfc_mex:sfc_mex.obj
 0001:0001deb0       sim_mode_is_rtw_gen        000000018001eeb0 f   sfc_mex:sfc_sf.obj
 0001:0001dee0       sim_mode_is_external       000000018001eee0 f   sfc_mex:sfc_sf.obj
 0001:0001def0       mdlInitializeSizes         000000018001eef0 f   sfc_mex:sfc_sf.obj
 0001:0001df10       mdlInitializeSampleTimes   000000018001ef10 f   sfc_mex:sfc_sf.obj
 0001:0001df50       mdlZeroCrossings           000000018001ef50 f   sfc_mex:sfc_sf.obj
 0001:0001e030       mdlDerivatives             000000018001f030 f   sfc_mex:sfc_sf.obj
 0001:0001e0e0       mdl_initialize_conditions_processing 000000018001f0e0 f   sfc_mex:sfc_sf.obj
 0001:0001e110       mdlInitializeConditions    000000018001f110 f   sfc_mex:sfc_sf.obj
 0001:0001e1d0       mdlGetSimState             000000018001f1d0 f   sfc_mex:sfc_sf.obj
 0001:0001e1e0       mdlSetSimState             000000018001f1e0 f   sfc_mex:sfc_sf.obj
 0001:0001e1f0       mdl_ext_mode_exec_processing 000000018001f1f0 f   sfc_mex:sfc_sf.obj
 0001:0001e210       mdlExtModeExec             000000018001f210 f   sfc_mex:sfc_sf.obj
 0001:0001e470       mdlTerminate               000000018001f470 f   sfc_mex:sfc_sf.obj
 0001:0001e4e0       mdlRTW                     000000018001f4e0 f   sfc_mex:sfc_sf.obj
 0001:0001e510       mdlSetWorkWidths           000000018001f510 f   sfc_mex:sfc_sf.obj
 0001:0001e520       mdlProcessParameters       000000018001f520 f   sfc_mex:sfc_sf.obj
 0001:0001e530       mdl_start_processing       000000018001f530 f   sfc_mex:sfc_sf.obj
 0001:0001e570       mdlStart                   000000018001f570 f   sfc_mex:sfc_sf.obj
 0001:0001e660       mdlEnable                  000000018001f660 f   sfc_mex:sfc_sf.obj
 0001:0001e730       mdlDisable                 000000018001f730 f   sfc_mex:sfc_sf.obj
 0001:0001e7e0       sf_get_chart_instance_ptr  000000018001f7e0 f   sfc_mex:sfc_sf.obj
 0001:0001e800       sf_rtw_info_uint_prop      000000018001f800 f   sfc_mex:sfc_sf.obj
 0001:0001e9e0       sf_is_chart_inlinable      000000018001f9e0 f   sfc_mex:sfc_sf.obj
 0001:0001ea00       sf_mark_output_events_with_multiple_callers 000000018001fa00 f   sfc_mex:sfc_sf.obj
 0001:0001ec20       sf_mark_chart_reusable_outputs 000000018001fc20 f   sfc_mex:sfc_sf.obj
 0001:0001ef00       sf_mark_chart_expressionable_inputs 000000018001ff00 f   sfc_mex:sfc_sf.obj
 0001:0001f2d0       sf_get_subchart_simstruct  00000001800202d0 f   sfc_mex:sfc_sf.obj
 0001:0001f320       sf_write_symbol_mapping    0000000180020320 f   sfc_mex:sfc_sf.obj
 0001:0001f5d0       sf_get_fixpt_data_type_id  00000001800205d0 f   sfc_mex:sfc_sf.obj
 0001:0001f610       sf_get_enum_data_type_id   0000000180020610 f   sfc_mex:sfc_sf.obj
 0001:0001f650       sf_get_param_data_type_id  0000000180020650 f   sfc_mex:sfc_sf.obj
 0001:0001f680       sf_mex_listen_for_ctrl_c_force 0000000180020680 f   sfc_mex:sfc_sf.obj
 0001:0001f790       sf_mex_draw_now            0000000180020790 f   sfc_mex:sfc_sf.obj
 0001:0001f7d0       sf_mex_set_debugger_sim_status_listener_fcn 00000001800207d0 f   sfc_mex:sfc_sf.obj
 0001:0001f7e0       sf_mex_listen_for_ctrl_c   00000001800207e0 f   sfc_mex:sfc_sf.obj
 0001:0001f870       sf_mex_get_sfun_param      0000000180020870 f   sfc_mex:sfc_sf.obj
 0001:0001f8c0       sf_get_runtime_param_data  00000001800208c0 f   sfc_mex:sfc_sf.obj
 0001:0001f900       sf_call_output_fcn_call    0000000180020900 f   sfc_mex:sfc_sf.obj
 0001:0001fa40       sf_call_output_fcn_enable  0000000180020a40 f   sfc_mex:sfc_sf.obj
 0001:0001fad0       sf_call_output_fcn_disable 0000000180020ad0 f   sfc_mex:sfc_sf.obj
 0001:0001fb60       sf_clear_rtw_identifier    0000000180020b60 f   sfc_mex:sfc_sf.obj
 0001:00020330       sf_set_encoded_dwork_info  0000000180021330 f   sfc_mex:sfc_sf.obj
 0001:000205d0       sf_set_rtw_dwork_info      00000001800215d0 f   sfc_mex:sfc_sf.obj
 0001:000208a0       mdlOutputs                 00000001800218a0 f   sfc_mex:sfc_sf.obj
 0001:000209e0       sf_debug_disp              00000001800219e0 f   sfc_debug:sfcdebug.obj
 0001:00020cb0       sf_debug_data_runtime_size_mismatch_error_check 0000000180021cb0 f   sfc_debug:sfcdebug.obj
 0001:00020d50       sf_debug_try_loading_machine 0000000180021d50 f   sfc_debug:sfcdebug.obj
 0001:00020e50       sf_debug_reset_current_state_configuration 0000000180021e50 f   sfc_debug:sfcdebug.obj
 0001:00020ee0       sf_debug_store_current_state_configuration 0000000180021ee0 f   sfc_debug:sfcdebug.obj
 0001:00020f70       sf_debug_restore_previous_state_configuration 0000000180021f70 f   sfc_debug:sfcdebug.obj
 0001:00021000       sf_debug_restore_previous_state_configuration2 0000000180022000 f   sfc_debug:sfcdebug.obj
 0001:00021090       sf_debug_get_event_scope   0000000180022090 f   sfc_debug:sfcdebug.obj
 0001:00021200       use_debugger_step_animation 0000000180022200 f   sfc_debug:sfcdebug.obj
 0001:00021220       sf_debug_get_script_id     0000000180022220 f   sfc_debug:sfcdebug.obj
 0001:000212b0       sf_debug_set_script_translation 00000001800222b0 f   sfc_debug:sfcdebug.obj
 0001:00021370       sf_debug_get_current_machine_id 0000000180022370 f   sfc_debug:sfcdebug.obj
 0001:00021390       sf_debug_get_current_optional_integer 0000000180022390 f   sfc_debug:sfcdebug.obj
 0001:000213a0       sf_debug_get_current_machine_number 00000001800223a0 f   sfc_debug:sfcdebug.obj
 0001:000213c0       sf_debug_get_current_machine_name 00000001800223c0 f   sfc_debug:sfcdebug.obj
 0001:000213e0       sf_debug_get_current_chart_id 00000001800223e0 f   sfc_debug:sfcdebug.obj
 0001:00021430       sf_debug_get_current_chart_number 0000000180022430 f   sfc_debug:sfcdebug.obj
 0001:00021440       sf_debug_get_current_instance_number 0000000180022440 f   sfc_debug:sfcdebug.obj
 0001:00021450       sf_debug_get_current_is_minor_time_step 0000000180022450 f   sfc_debug:sfcdebug.obj
 0001:000214d0       sf_debug_get_current_object_type 00000001800224d0 f   sfc_debug:sfcdebug.obj
 0001:000214e0       sf_debug_get_current_instance_handle 00000001800224e0 f   sfc_debug:sfcdebug.obj
 0001:00021540       sf_debug_get_current_event_type 0000000180022540 f   sfc_debug:sfcdebug.obj
 0001:00021550       sf_debug_get_current_object_id 0000000180022550 f   sfc_debug:sfcdebug.obj
 0001:00021590       sf_debug_get_current_active_event_type 0000000180022590 f   sfc_debug:sfcdebug.obj
 0001:000215a0       sf_debug_get_current_active_event_id 00000001800225a0 f   sfc_debug:sfcdebug.obj
 0001:000215e0       sf_debug_get_current_tag_type 00000001800225e0 f   sfc_debug:sfcdebug.obj
 0001:000215f0       sf_debug_get_current_simulation_time 00000001800225f0 f   sfc_debug:sfcdebug.obj
 0001:00021600       sf_debug_get_current_coverage_percentage 0000000180022600 f   sfc_debug:sfcdebug.obj
 0001:00021610       sf_debug_current_statement_context 0000000180022610 f   sfc_debug:sfcdebug.obj
 0001:000216a0       sf_debug_get_current_statement_info 00000001800226a0 f   sfc_debug:sfcdebug.obj
 0001:00021820       sf_debug_terminate_instance 0000000180022820 f   sfc_debug:sfcdebug.obj
 0001:00021b40       sf_debug_assertion_failed  0000000180022b40 f   sfc_debug:sfcdebug.obj
 0001:00021cf0       sf_debug_set_number_of_data_with_change_event_for_machine 0000000180022cf0 f   sfc_debug:sfcdebug.obj
 0001:00021d30       sf_debug_set_machine_event_thresholds 0000000180022d30 f   sfc_debug:sfcdebug.obj
 0001:00021d50       sf_debug_set_machine_event_scope 0000000180022d50 f   sfc_debug:sfcdebug.obj
 0001:00021d90       sf_debug_set_machine_data_thresholds 0000000180022d90 f   sfc_debug:sfcdebug.obj
 0001:00021dd0       sf_debug_set_machine_data_scope 0000000180022dd0 f   sfc_debug:sfcdebug.obj
 0001:00021e60       sf_debug_set_machine_data_name 0000000180022e60 f   sfc_debug:sfcdebug.obj
 0001:00021f00       sf_debug_set_machine_data_size 0000000180022f00 f   sfc_debug:sfcdebug.obj
 0001:00022040       sf_debug_set_machine_data_type 0000000180023040 f   sfc_debug:sfcdebug.obj
 0001:000221b0       sf_debug_get_chart_data_number 00000001800231b0 f   sfc_debug:sfcdebug.obj
 0001:000221d0       sf_debug_get_chart_event_number 00000001800231d0 f   sfc_debug:sfcdebug.obj
 0001:000221f0       sf_debug_set_chart_state_info 00000001800231f0 f   sfc_debug:sfcdebug.obj
 0001:00022270       sf_debug_set_chart_decomposition 0000000180023270 f   sfc_debug:sfcdebug.obj
 0001:000222e0       sf_debug_set_chart_substate_count 00000001800232e0 f   sfc_debug:sfcdebug.obj
 0001:000223c0       sf_debug_set_chart_substate_index 00000001800233c0 f   sfc_debug:sfcdebug.obj
 0001:00022430       sf_debug_set_chart_state_substate_count 0000000180023430 f   sfc_debug:sfcdebug.obj
 0001:00022540       sf_debug_set_chart_state_substate_index 0000000180023540 f   sfc_debug:sfcdebug.obj
 0001:000225c0       sf_debug_set_number_of_data_with_change_event_for_chart 00000001800235c0 f   sfc_debug:sfcdebug.obj
 0001:00022640       sf_debug_set_number_of_states_with_entry_event_for_chart 0000000180023640 f   sfc_debug:sfcdebug.obj
 0001:000226b0       sf_debug_set_number_of_states_with_exit_event_for_chart 00000001800236b0 f   sfc_debug:sfcdebug.obj
 0001:00022720       sf_debug_set_chart_disable_implicit_casting 0000000180023720 f   sfc_debug:sfcdebug.obj
 0001:00022790       sf_debug_set_chart_event_thresholds 0000000180023790 f   sfc_debug:sfcdebug.obj
 0001:00022800       sf_debug_set_chart_data_compiled_props 0000000180023800 f   sfc_debug:sfcdebug.obj
 0001:00022b40       sf_debug_set_chart_data_props 0000000180023b40 f   sfc_debug:sfcdebug.obj
 0001:00022e70       sf_debug_check_fi_license  0000000180023e70 f   sfc_debug:sfcdebug.obj
 0001:00023060       sf_debug_symbol_scope_push 0000000180024060 f   sfc_debug:sfcdebug.obj
 0001:00023140       sf_debug_symbol_scope_push_eml 0000000180024140 f   sfc_debug:sfcdebug.obj
 0001:00023220       sf_debug_symbol_scope_pop  0000000180024220 f   sfc_debug:sfcdebug.obj
 0001:00023260       sf_debug_symbol_scope_add  0000000180024260 f   sfc_debug:sfcdebug.obj
 0001:000232e0       sf_debug_symbol_scope_add_eml 00000001800242e0 f   sfc_debug:sfcdebug.obj
 0001:00023320       sf_debug_symbol_scope_add_dyn 0000000180024320 f   sfc_debug:sfcdebug.obj
 0001:000233d0       sf_debug_symbol_scope_add_eml_dyn 00000001800243d0 f   sfc_debug:sfcdebug.obj
 0001:00023430       sf_debug_symbol_switch     0000000180024430 f   sfc_debug:sfcdebug.obj
 0001:00023450       sf_debug_symbol_scope_add_verbose 0000000180024450 f   sfc_debug:sfcdebug.obj
 0001:00023520       sf_debug_set_machine_data_value_ptr 0000000180024520 f   sfc_debug:sfcdebug.obj
 0001:00023560       sf_debug_set_instance_data_value_ptr 0000000180024560 f   sfc_debug:sfcdebug.obj
 0001:00023620       sf_debug_unset_instance_data_value_ptr 0000000180024620 f   sfc_debug:sfcdebug.obj
 0001:000236d0       sf_debug_set_chart_event_scope 00000001800246d0 f   sfc_debug:sfcdebug.obj
 0001:00023750       sf_debug_set_chart_transition_coverage_maps 0000000180024750 f   sfc_debug:sfcdebug.obj
 0001:00023860       sf_debug_set_chart_state_coverage_maps 0000000180024860 f   sfc_debug:sfcdebug.obj
 0001:00023940       sf_debug_set_instance_transition_coverage_weights 0000000180024940 f   sfc_debug:sfcdebug.obj
 0001:000239e0       sf_debug_set_instance_state_coverage_weights 00000001800249e0 f   sfc_debug:sfcdebug.obj
 0001:00023c30       sf_debug_unload_machine    0000000180024c30 f   sfc_debug:sfcdebug.obj
 0001:00023c80       sf_debug_load_machine      0000000180024c80 f   sfc_debug:sfcdebug.obj
 0001:00023d90       sf_debug_set_active_instance_in_data_dictionary 0000000180024d90 f   sfc_debug:sfcdebug.obj
 0001:00023f70       sf_debug_set_active_instance 0000000180024f70 f   sfc_debug:sfcdebug.obj
 0001:000240c0       sf_debug_chart_visiblity_change 00000001800250c0 f   sfc_debug:sfcdebug.obj
 0001:000241a0       sf_debug_select_chart      00000001800251a0 f   sfc_debug:sfcdebug.obj
 0001:00024280       sf_debug_set_instance_cv_ids 0000000180025280 f   sfc_debug:sfcdebug.obj
 0001:000245a0       sf_debug_select_charts     00000001800255a0 f   sfc_debug:sfcdebug.obj
 0001:000246e0       sf_debug_initialized       00000001800256e0 f   sfc_debug:sfcdebug.obj
 0001:000246f0       sf_debug_is_uninterruptible 00000001800256f0 f   sfc_debug:sfcdebug.obj
 0001:00024720       sf_debug_initialize_debugger_gui 0000000180025720 f   sfc_debug:sfcdebug.obj
 0001:00024b00       sf_debug_resume            0000000180025b00 f   sfc_debug:sfcdebug.obj
 0001:00024b20       sf_debug_go                0000000180025b20 f   sfc_debug:sfcdebug.obj
 0001:00024b30       sf_debug_break             0000000180025b30 f   sfc_debug:sfcdebug.obj
 0001:00024b40       sf_debug_step_over         0000000180025b40 f   sfc_debug:sfcdebug.obj
 0001:00024b50       sf_debug_step_out          0000000180025b50 f   sfc_debug:sfcdebug.obj
 0001:00024b60       sf_debug_set_disable_all_breakpoints 0000000180025b60 f   sfc_debug:sfcdebug.obj
 0001:00024b70       sf_debug_disable_all_breakpoints_and_go 0000000180025b70 f   sfc_debug:sfcdebug.obj
 0001:00024b80       sf_debug_break_on_chart_entry 0000000180025b80 f   sfc_debug:sfcdebug.obj
 0001:00024b90       sf_debug_break_on_event_broadcast 0000000180025b90 f   sfc_debug:sfcdebug.obj
 0001:00024ba0       sf_debug_break_on_state_entry 0000000180025ba0 f   sfc_debug:sfcdebug.obj
 0001:00024bb0       sf_debug_break_between_times 0000000180025bb0 f   sfc_debug:sfcdebug.obj
 0001:00024bd0       sf_debug_browse_data       0000000180025bd0 f   sfc_debug:sfcdebug.obj
 0001:00024bf0       sf_debug_watch_data        0000000180025bf0 f   sfc_debug:sfcdebug.obj
 0001:00024c10       sf_debug_whos              0000000180025c10 f   sfc_debug:sfcdebug.obj
 0001:00024c30       sf_debug_get_consistency_info 0000000180025c30 f   sfc_debug:sfcdebug.obj
 0001:00024c40       sf_debug_browse_trace      0000000180025c40 f   sfc_debug:sfcdebug.obj
 0001:00024c50       sf_debug_set_breakpoints   0000000180025c50 f   sfc_debug:sfcdebug.obj
 0001:00024da0       sf_debug_set_eml_breakpoints 0000000180025da0 f   sfc_debug:sfcdebug.obj
 0001:00024f00       sf_debug_set_script_breakpoints 0000000180025f00 f   sfc_debug:sfcdebug.obj
 0001:00024f80       sf_debug_add_script_breakpoints 0000000180025f80 f   sfc_debug:sfcdebug.obj
 0001:00024ff0       sf_debug_clear_script_breakpoints 0000000180025ff0 f   sfc_debug:sfcdebug.obj
 0001:00025060       sf_debug_query_script_breakpoints 0000000180026060 f   sfc_debug:sfcdebug.obj
 0001:00025120       sf_debug_get_eml_script_id 0000000180026120 f   sfc_debug:sfcdebug.obj
 0001:000251e0       sf_debug_set_watch         00000001800261e0 f   sfc_debug:sfcdebug.obj
 0001:00025400       sf_debug_get_coverage      0000000180026400 f   sfc_debug:sfcdebug.obj
 0001:00025410       sf_debug_get_instance_handle 0000000180026410 f   sfc_debug:sfcdebug.obj
 0001:000254a0       sf_debug_get_active_states 00000001800264a0 f   sfc_debug:sfcdebug.obj
 0001:000254b0       sf_debug_get_animation     00000001800264b0 f   sfc_debug:sfcdebug.obj
 0001:000254c0       sf_debug_set_animation     00000001800264c0 f   sfc_debug:sfcdebug.obj
 0001:000254d0       sf_debug_animate           00000001800264d0 f   sfc_debug:sfcdebug.obj
 0001:00025500       sf_debug_cycle_detection_check 0000000180026500 f   sfc_debug:sfcdebug.obj
 0001:00025510       sf_debug_data_range_check  0000000180026510 f   sfc_debug:sfcdebug.obj
 0001:00025520       sf_debug_transition_conflict_check 0000000180026520 f   sfc_debug:sfcdebug.obj
 0001:00025530       sf_debug_state_consistency_check 0000000180026530 f   sfc_debug:sfcdebug.obj
 0001:00025540       sf_debug_data_range_check_enabled 0000000180026540 f   sfc_debug:sfcdebug.obj
 0001:00025560       sf_debug_transition_conflict_check_enabled 0000000180026560 f   sfc_debug:sfcdebug.obj
 0001:00025580       sf_debug_transition_conflict_check_begin 0000000180026580 f   sfc_debug:sfcdebug.obj
 0001:000255a0       sf_debug_transition_conflict_check_end 00000001800265a0 f   sfc_debug:sfcdebug.obj
 0001:000255c0       sf_debug_stop_debugging    00000001800265c0 f   sfc_debug:sfcdebug.obj
 0001:000255f0       sf_debug_is_cycle_detected 00000001800265f0 f   sfc_debug:sfcdebug.obj
 0001:00025600       sf_debug_is_array_bounds_detected 0000000180026600 f   sfc_debug:sfcdebug.obj
 0001:00025610       sf_debug_get_state_vectors_data_size 0000000180026610 f   sfc_debug:sfcdebug.obj
 0001:00025650       sf_debug_get_state_vectors_data 0000000180026650 f   sfc_debug:sfcdebug.obj
 0001:00025760       sf_debug_set_state_vectors_data 0000000180026760 f   sfc_debug:sfcdebug.obj
 0001:00025a40       sf_debug_get_script_index  0000000180026a40 f   sfc_debug:sfcdebug.obj
 0001:00025bc0       sf_debug_add_script        0000000180026bc0 f   sfc_debug:sfcdebug.obj
 0001:00025da0       cv_eval_point              0000000180026da0 f   sfc_debug:sfcdebug.obj
 0001:00025f10       sf_debug_cv_init_state     0000000180026f10 f   sfc_debug:sfcdebug.obj
 0001:00026030       sf_debug_cv_init_chart     0000000180027030 f   sfc_debug:sfcdebug.obj
 0001:00026110       sf_debug_cv_init_trans     0000000180027110 f   sfc_debug:sfcdebug.obj
 0001:00026280       cv_eml_init_script         0000000180027280 f   sfc_debug:sfcdebug.obj
 0001:000263b0       cv_eml_init_fcn            00000001800273b0 f   sfc_debug:sfcdebug.obj
 0001:000264b0       cv_eml_init_testobjective  00000001800274b0 f   sfc_debug:sfcdebug.obj
 0001:000265b0       cv_eml_init_if             00000001800275b0 f   sfc_debug:sfcdebug.obj
 0001:000266b0       cv_eml_init_for            00000001800276b0 f   sfc_debug:sfcdebug.obj
 0001:000267a0       cv_eml_init_while          00000001800277a0 f   sfc_debug:sfcdebug.obj
 0001:00026890       cv_eml_init_mcdc           0000000180027890 f   sfc_debug:sfcdebug.obj
 0001:000269d0       cv_eml_init_switch         00000001800279d0 f   sfc_debug:sfcdebug.obj
 0001:00026af0       cv_eml_eval                0000000180027af0 f   sfc_debug:sfcdebug.obj
 0001:00026bf0       sf_debug_bm_is_a_eml_breakpoint 0000000180027bf0 f   sfc_debug:sfcdebug.obj
 0001:00026de0       sf_debug_temporal_threshold 0000000180027de0 f   sfc_debug:sfcdebug.obj
 0001:00027180       sf_debug_transition_conflict_error 0000000180028180 f   sfc_debug:sfcdebug.obj
 0001:000274e0       sf_debug_state_inconsistency_error 00000001800284e0 f   sfc_debug:sfcdebug.obj
 0001:000275f0       sf_debug_check_for_state_inconsistency 00000001800285f0 f   sfc_debug:sfcdebug.obj
 0001:00027620       sf_debug_cycle_detecton_error 0000000180028620 f   sfc_debug:sfcdebug.obj
 0001:00027dc0       sf_debug_size_eq_check_1d  0000000180028dc0 f   sfc_debug:sfcdebug.obj
 0001:00027de0       sf_debug_size_eq_check_nd  0000000180028de0 f   sfc_debug:sfcdebug.obj
 0001:00027fd0       sf_debug_dim_size_eq_check 0000000180028fd0 f   sfc_debug:sfcdebug.obj
 0001:00028000       sf_debug_dim_size_geq_check 0000000180029000 f   sfc_debug:sfcdebug.obj
 0001:00028030       sf_debug_sub_assign_size_check_nd 0000000180029030 f   sfc_debug:sfcdebug.obj
 0001:00028280       sf_debug_matrix_matrix_index_check 0000000180029280 f   sfc_debug:sfcdebug.obj
 0001:000282b0       sf_debug_vector_vector_index_check 00000001800292b0 f   sfc_debug:sfcdebug.obj
 0001:000282e0       sf_debug_data_array_bounds_error_check 00000001800292e0 f   sfc_debug:sfcdebug.obj
 0001:000283f0       sf_debug_eml_data_array_bounds_error_check 00000001800293f0 f   sfc_debug:sfcdebug.obj
 0001:000288b0       sf_debug_integer_check     00000001800298b0 f   sfc_debug:sfcdebug.obj
 0001:00028980       sf_debug_not_nan_check     0000000180029980 f   sfc_debug:sfcdebug.obj
 0001:00028a40       sf_debug_non_negative_check 0000000180029a40 f   sfc_debug:sfcdebug.obj
 0001:00028b00       sf_debug_overflow_detection 0000000180029b00 f   sfc_debug:sfcdebug.obj
 0001:000291c0       sf_debug_cast_to_real32_T  000000018002a1c0 f   sfc_debug:sfcdebug.obj
 0001:00029280       sf_debug_cast_to_int8_T    000000018002a280 f   sfc_debug:sfcdebug.obj
 0001:00029340       sf_debug_cast_to_uint8_T   000000018002a340 f   sfc_debug:sfcdebug.obj
 0001:00029400       sf_debug_cast_to_int16_T   000000018002a400 f   sfc_debug:sfcdebug.obj
 0001:000294c0       sf_debug_cast_to_uint16_T  000000018002a4c0 f   sfc_debug:sfcdebug.obj
 0001:00029580       sf_debug_cast_to_int32_T   000000018002a580 f   sfc_debug:sfcdebug.obj
 0001:00029630       sf_debug_cast_to_uint32_T  000000018002a630 f   sfc_debug:sfcdebug.obj
 0001:000296f0       sf_debug_data_range_error  000000018002a6f0 f   sfc_debug:sfcdebug.obj
 0001:00029b50       sf_debug_data_range_error_wrapper_min_max 000000018002ab50 f   sfc_debug:sfcdebug.obj
 0001:00029c40       sf_debug_data_range_error_wrapper_min 000000018002ac40 f   sfc_debug:sfcdebug.obj
 0001:00029d20       sf_debug_data_range_error_wrapper_max 000000018002ad20 f   sfc_debug:sfcdebug.obj
 0001:00029e00       sf_debug_data_range_wrapper 000000018002ae00 f   sfc_debug:sfcdebug.obj
 0001:00029eb0       sf_debug_set_current_status_info 000000018002aeb0 f   sfc_debug:sfcdebug.obj
 0001:0002a380       sf_debug_call              000000018002b380 f   sfc_debug:sfcdebug.obj
 0001:0002b230       sf_debug_initialize_machine 000000018002c230 f   sfc_debug:sfcdebug.obj
 0001:0002b6b0       sf_debug_initialize_chart  000000018002c6b0 f   sfc_debug:sfcdebug.obj
 0001:0002bb90       sf_debug_ensure_script     000000018002cb90 f   sfc_debug:sfcdebug.obj
 0001:0002bd00       cv_script_init_script      000000018002cd00 f   sfc_debug:sfcdebug.obj
 0001:0002be80       cv_script_init_fcn         000000018002ce80 f   sfc_debug:sfcdebug.obj
 0001:0002bfd0       cv_script_init_testobjective 000000018002cfd0 f   sfc_debug:sfcdebug.obj
 0001:0002c120       cv_script_init_if          000000018002d120 f   sfc_debug:sfcdebug.obj
 0001:0002c270       cv_script_init_for         000000018002d270 f   sfc_debug:sfcdebug.obj
 0001:0002c3c0       cv_script_init_while       000000018002d3c0 f   sfc_debug:sfcdebug.obj
 0001:0002c510       cv_script_init_mcdc        000000018002d510 f   sfc_debug:sfcdebug.obj
 0001:0002c6b0       cv_script_init_switch      000000018002d6b0 f   sfc_debug:sfcdebug.obj
 0001:0002c820       cv_script_eval             000000018002d820 f   sfc_debug:sfcdebug.obj
 0001:0002c980       eml_debug_line_call        000000018002d980 f   sfc_debug:sfcdebug.obj
 0001:0002cb30       sf_debug_terminate         000000018002db30 f   sfc_debug:sfcdebug.obj
 0001:0002cd70       sf_debug_set_script_cv_ids 000000018002dd70 f   sfc_debug:sfcdebug.obj
 0001:0002cf40       sf_debug_api               000000018002df40 f   sfc_debug:sfc_api.obj
 0001:0002e7e0       sf_debug_sm_terminate      000000018002f7e0 f   sfc_debug:sfdb_animation.obj
 0001:0002e9a0       sf_debug_reset_path_objects 000000018002f9a0 f   sfc_debug:sfdb_animation.obj
 0001:0002ea20       sf_debug_sm_reset_object_selection_status 000000018002fa20 f   sfc_debug:sfdb_animation.obj
 0001:0002eac0       sf_debug_sm_reset_state_buffer 000000018002fac0 f   sfc_debug:sfdb_animation.obj
 0001:0002eba0       sf_debug_sm_store_state_buffer 000000018002fba0 f   sfc_debug:sfdb_animation.obj
 0001:0002ec20       sf_debug_sm_restore_state_buffer1 000000018002fc20 f   sfc_debug:sfdb_animation.obj
 0001:0002ec90       sf_debug_sm_restore_state_buffer2 000000018002fc90 f   sfc_debug:sfdb_animation.obj
 0001:0002ed00       sf_debug_sm_chart_active   000000018002fd00 f   sfc_debug:sfdb_animation.obj
 0001:0002ed50       sf_debug_sm_select_active_objects 000000018002fd50 f   sfc_debug:sfdb_animation.obj
 0001:0002f1e0       sf_debug_sm_is_chart_active 00000001800301e0 f   sfc_debug:sfdb_animation.obj
 0001:0002f220       sf_debug_sm_is_state_active 0000000180030220 f   sfc_debug:sfdb_animation.obj
 0001:0002f460       sf_debug_sm_get_active_states 0000000180030460 f   sfc_debug:sfdb_animation.obj
 0001:0002fa10       sf_debug_sm_initialize_instance 0000000180030a10 f   sfc_debug:sfdb_animation.obj
 0001:0002fcc0       sf_debug_sm_change_object_selection_status 0000000180030cc0 f   sfc_debug:sfdb_animation.obj
 0001:0002ffb0       cv_create_interface        0000000180030fb0 f   sfc_debug:cv_sfinterface.obj
 0001:00030300       cv_init_trans              0000000180031300 f   sfc_debug:cv_sfinterface.obj
 0001:00030350       cv_init_state              0000000180031350 f   sfc_debug:cv_sfinterface.obj
 0001:000303c0       cv_init_chart              00000001800313c0 f   sfc_debug:cv_sfinterface.obj
 0001:00030410       cv_dec_update_call         0000000180031410 f   sfc_debug:cv_sfinterface.obj
 0001:00030450       cv_cond_update_call        0000000180031450 f   sfc_debug:cv_sfinterface.obj
 0001:00030490       cv_sigrange_update         0000000180031490 f   sfc_debug:cv_sfinterface.obj
 0001:000304d0       cvsf_eml_eval              00000001800314d0 f   sfc_debug:cv_sfinterface.obj
 0001:000305b0       cvsf_eml_init_script       00000001800315b0 f   sfc_debug:cv_sfinterface.obj
 0001:00030630       cvsf_eml_init_fcn          0000000180031630 f   sfc_debug:cv_sfinterface.obj
 0001:00030690       cvsf_eml_init_testobjective 0000000180031690 f   sfc_debug:cv_sfinterface.obj
 0001:000306f0       cvsf_eml_init_if           00000001800316f0 f   sfc_debug:cv_sfinterface.obj
 0001:00030750       cvsf_eml_init_for          0000000180031750 f   sfc_debug:cv_sfinterface.obj
 0001:000307a0       cvsf_eml_init_while        00000001800317a0 f   sfc_debug:cv_sfinterface.obj
 0001:000307f0       cvsf_eml_init_mcdc         00000001800317f0 f   sfc_debug:cv_sfinterface.obj
 0001:00030880       cvsf_eml_init_switch       0000000180031880 f   sfc_debug:cv_sfinterface.obj
 0001:000308f0       cvsf_script_eval           00000001800318f0 f   sfc_debug:cv_sfinterface.obj
 0001:000309d0       cvsf_script_init_script    00000001800319d0 f   sfc_debug:cv_sfinterface.obj
 0001:00030a50       cvsf_script_init_fcn       0000000180031a50 f   sfc_debug:cv_sfinterface.obj
 0001:00030ab0       cvsf_script_init_testobjective 0000000180031ab0 f   sfc_debug:cv_sfinterface.obj
 0001:00030b10       cvsf_script_init_if        0000000180031b10 f   sfc_debug:cv_sfinterface.obj
 0001:00030b70       cvsf_script_init_for       0000000180031b70 f   sfc_debug:cv_sfinterface.obj
 0001:00030bc0       cvsf_script_init_while     0000000180031bc0 f   sfc_debug:cv_sfinterface.obj
 0001:00030c10       cvsf_script_init_mcdc      0000000180031c10 f   sfc_debug:cv_sfinterface.obj
 0001:00030ca0       cvsf_script_init_switch    0000000180031ca0 f   sfc_debug:cv_sfinterface.obj
 0001:00030d10       cv_destroy_interface       0000000180031d10 f   sfc_debug:cv_sfinterface.obj
 0001:00030d30       cv_create_instance_objects 0000000180031d30 f   sfc_debug:cv_sfinterface.obj
 0001:000311e0       cv_is_enabled              00000001800321e0 f   sfc_debug:cv_sfinterface.obj
 0001:000311f0       sf_debug_cv_initialize_script 00000001800321f0 f   sfc_debug:cv_sfinterface.obj
 0001:00031390       sf_debug_cv_initialize_instance 0000000180032390 f   sfc_debug:cv_sfinterface.obj
 0001:00031720       sf_debug_cv_terminate_chart 0000000180032720 f   sfc_debug:cv_sfinterface.obj
 0001:00031860       cv_call_trans_test         0000000180032860 f   sfc_debug:cv_sfinterface.obj
 0001:00031870       cv_call_sub_cond_test      0000000180032870 f   sfc_debug:cv_sfinterface.obj
 0001:000319a0       sf_debug_hm_initialize_instance 00000001800329a0 f   sfc_debug:sfdb_handle_management.obj
 0001:00031fc0       sf_debug_hm_get_object_id  0000000180032fc0 f   sfc_debug:sfdb_handle_management.obj
 0001:00033ed0       sf_debug_object_is_eml_function 0000000180034ed0 f   sfc_debug:sfdb_handle_management.obj
 0001:00033f40       sf_debug_hm_initialize_ids_in_machine 0000000180034f40 f   sfc_debug:sfdb_handle_management.obj
 0001:000340b0       sf_debug_hm_initialize_ids_in_chart 00000001800350b0 f   sfc_debug:sfdb_handle_management.obj
 0001:000341f0       sf_debug_hm_initialize_chart 00000001800351f0 f   sfc_debug:sfdb_handle_management.obj
 0001:00034aa0       sf_debug_hm_terminate      0000000180035aa0 f   sfc_debug:sfdb_handle_management.obj
 0001:00034b00       sf_debug_hm_initialize_machine 0000000180035b00 f   sfc_debug:sfdb_handle_management.obj
 0001:000353b0       sf_debug_st_initialize_machine 00000001800363b0 f   sfc_debug:sfdb_data_browse.obj
 0001:00035470       sf_debug_st_initialize_instance 0000000180036470 f   sfc_debug:sfdb_data_browse.obj
 0001:00035880       sf_debug_st_terminate      0000000180036880 f   sfc_debug:sfdb_data_browse.obj
 0001:00035c30       sf_debug_st_set_data_value_ptr_in_machine 0000000180036c30 f   sfc_debug:sfdb_data_browse.obj
 0001:00035cc0       sf_debug_st_set_data_value_ptr_in_instance 0000000180036cc0 f   sfc_debug:sfdb_data_browse.obj
 0001:00035da0       sf_debug_st_unset_data_value_ptr_in_machine 0000000180036da0 f   sfc_debug:sfdb_data_browse.obj
 0001:00035e10       sf_debug_st_unset_data_value_ptr_in_instance 0000000180036e10 f   sfc_debug:sfdb_data_browse.obj
 0001:000360d0       sf_debug_mx_value          00000001800370d0 f   sfc_debug:sfdb_data_browse.obj
 0001:00036130       sf_debug_mx_packed_vector  0000000180037130 f   sfc_debug:sfdb_data_browse.obj
 0001:00036210       sf_debug_mx_uint_vector    0000000180037210 f   sfc_debug:sfdb_data_browse.obj
 0001:000362c0       sf_debug_st_get_double_value_from_void_ptr_vector 00000001800372c0 f   sfc_debug:sfdb_data_browse.obj
 0001:00036e20       sf_debug_st_browse_data    0000000180037e20 f   sfc_debug:sfdb_data_browse.obj
 0001:000375c0       sf_debug_ss_initialize     00000001800385c0 f   sfc_debug:sfdb_symbol_scope.obj
 0001:000375e0       sf_debug_ss_terminate      00000001800385e0 f   sfc_debug:sfdb_symbol_scope.obj
 0001:00037670       sf_debug_ss_push_symbol_scope 0000000180038670 f   sfc_debug:sfdb_symbol_scope.obj
 0001:00037770       sf_debug_ss_push_symbol_scope_eml 0000000180038770 f   sfc_debug:sfdb_symbol_scope.obj
 0001:000377d0       sf_debug_ss_pop_symbol_scope 00000001800387d0 f   sfc_debug:sfdb_symbol_scope.obj
 0001:00037880       sf_debug_ss_add_symbol     0000000180038880 f   sfc_debug:sfdb_symbol_scope.obj
 0001:000379d0       sf_debug_ss_add_symbol_eml 00000001800389d0 f   sfc_debug:sfdb_symbol_scope.obj
 0001:00038a30       sf_debug_ss_watch_data     0000000180039a30 f   sfc_debug:sfdb_symbol_scope.obj
 0001:00039460       get_data_entry_name        000000018003a460 f   sfc_debug:sfdb_symbol_scope.obj
 0001:000394b0       sf_debug_ss_whos           000000018003a4b0 f   sfc_debug:sfdb_symbol_scope.obj
 0001:00039d50       sf_debug_cc_initialize_chart 000000018003ad50 f   sfc_debug:sfdb_coverage.obj
 0001:0003a740       sf_debug_cc_initialize_instance 000000018003b740 f   sfc_debug:sfdb_coverage.obj
 0001:0003b540       sf_debug_cc_terminate      000000018003c540 f   sfc_debug:sfdb_coverage.obj
 0001:0003b630       sf_debug_cc_set_transition_maps 000000018003c630 f   sfc_debug:sfdb_coverage.obj
 0001:0003b760       sf_debug_cc_set_state_maps 000000018003c760 f   sfc_debug:sfdb_coverage.obj
 0001:0003b840       sf_debug_cc_set_transition_weights 000000018003c840 f   sfc_debug:sfdb_coverage.obj
 0001:0003bb10       sf_debug_cc_set_state_weights 000000018003cb10 f   sfc_debug:sfdb_coverage.obj
 0001:0003bdf0       sf_debug_cc_mark_transition_guard 000000018003cdf0 f   sfc_debug:sfdb_coverage.obj
 0001:0003bf10       sf_debug_cc_mark_transition_trigger 000000018003cf10 f   sfc_debug:sfdb_coverage.obj
 0001:0003c030       sf_debug_cc_mark_transition_decision 000000018003d030 f   sfc_debug:sfdb_coverage.obj
 0001:0003c0a0       sf_debug_cc_mark_transition_condition_action 000000018003d0a0 f   sfc_debug:sfdb_coverage.obj
 0001:0003c170       sf_debug_cc_mark_transition_transition_action 000000018003d170 f   sfc_debug:sfdb_coverage.obj
 0001:0003c240       sf_debug_cc_mark_state_entry 000000018003d240 f   sfc_debug:sfdb_coverage.obj
 0001:0003c310       sf_debug_cc_mark_state_during 000000018003d310 f   sfc_debug:sfdb_coverage.obj
 0001:0003c3e0       sf_debug_cc_mark_state_exit 000000018003d3e0 f   sfc_debug:sfdb_coverage.obj
 0001:0003cca0       sf_debug_cc_get_coverage   000000018003dca0 f   sfc_debug:sfdb_coverage.obj
 0001:0003d230       sf_debug_bm_clear_script_breakpoints 000000018003e230 f   sfc_debug:sfdb_breakpoints.obj
 0001:0003d260       sf_debug_bm_set_script_breakpoint 000000018003e260 f   sfc_debug:sfdb_breakpoints.obj
 0001:0003d2e0       sf_debug_bm_clear_single_script_breakpoint 000000018003e2e0 f   sfc_debug:sfdb_breakpoints.obj
 0001:0003d360       sf_debug_bm_query_script_breakpoint 000000018003e360 f   sfc_debug:sfdb_breakpoints.obj
 0001:0003d3b0       sf_debug_bm_initialize_scripts 000000018003e3b0 f   sfc_debug:sfdb_breakpoints.obj
 0001:0003dad0       sf_debug_bm_terminate      000000018003ead0 f   sfc_debug:sfdb_breakpoints.obj
 0001:0003ddd0       sf_debug_bm_remove_all_breakpoints_in_machine 000000018003edd0 f   sfc_debug:sfdb_breakpoints.obj
 0001:0003de40       sf_debug_bm_remove_all_breakpoints_in_chart 000000018003ee40 f   sfc_debug:sfdb_breakpoints.obj
 0001:0003df90       sf_debug_bm_initialize_global_breakpoints 000000018003ef90 f   sfc_debug:sfdb_breakpoints.obj
 0001:0003e110       sf_debug_bm_set_breakpoint 000000018003f110 f   sfc_debug:sfdb_breakpoints.obj
 0001:0003e710       sf_debug_bm_set_eml_breakpoint 000000018003f710 f   sfc_debug:sfdb_breakpoints.obj
 0001:0003e7b0       sf_debug_bm_initialize_machine_breakpoint_map 000000018003f7b0 f   sfc_debug:sfdb_breakpoints.obj
 0001:0003eca0       sf_debug_bm_is_a_breakpoint 000000018003fca0 f   sfc_debug:sfdb_breakpoints.obj
 0001:0003f1c0       sf_debug_bm_get_all_breakpoints_in_machine 00000001800401c0 f   sfc_debug:sfdb_breakpoints.obj
 0001:0003f4c0       sf_debug_bm_get_all_breakpoints_in_chart 00000001800404c0 f   sfc_debug:sfdb_breakpoints.obj
 0001:00040170       sf_debug_bm_initialize_machine 0000000180041170 f   sfc_debug:sfdb_breakpoints.obj
 0001:00040240       sf_debug_bm_initialize_chart 0000000180041240 f   sfc_debug:sfdb_breakpoints.obj
 0001:00040780       sf_debug_sc_terminate      0000000180041780 f   sfc_debug:sfdb_state_consistency.obj
 0001:00040ab0       sf_debug_sc_is_chart_consistent 0000000180041ab0 f   sfc_debug:sfdb_state_consistency.obj
 0001:00040d50       sf_debug_sc_get_consistency_error_info 0000000180041d50 f   sfc_debug:sfdb_state_consistency.obj
 0001:00041180       sf_debug_tm_terminate      0000000180042180 f   sfc_debug:sfdb_call_stack.obj
 0001:00041240       sf_debug_tm_push_chart_instance 0000000180042240 f   sfc_debug:sfdb_call_stack.obj
 0001:000413a0       sf_debug_tm_pop_chart_instance 00000001800423a0 f   sfc_debug:sfdb_call_stack.obj
 0001:00041400       sf_debug_tm_push_trace_node 0000000180042400 f   sfc_debug:sfdb_call_stack.obj
 0001:00041590       sf_debug_tm_pop_trace_node 0000000180042590 f   sfc_debug:sfdb_call_stack.obj
 0001:00041610       sf_debug_tm_get_current_global_trace_index 0000000180042610 f   sfc_debug:sfdb_call_stack.obj
 0001:00041620       sf_debug_tm_get_current_local_trace_index 0000000180042620 f   sfc_debug:sfdb_call_stack.obj
 0001:00041650       sf_debug_tm_set_cycle_detected_flag 0000000180042650 f   sfc_debug:sfdb_call_stack.obj
 0001:00041690       sf_debug_tm_set_cycle_started_flag 0000000180042690 f   sfc_debug:sfdb_call_stack.obj
 0001:000416d0       sf_debug_tm_get_chart_number_from_stack 00000001800426d0 f   sfc_debug:sfdb_call_stack.obj
 0001:000418b0       sf_debug_tm_browse_trace   00000001800428b0 f   sfc_debug:sfdb_call_stack.obj
 0001:00041be0       sf_debug_cd_initialize_instance 0000000180042be0 f   sfc_debug:sfdb_cycle_detection.obj
 0001:00041e90       sf_debug_cd_mark_processed_transition_in_instance 0000000180042e90 f   sfc_debug:sfdb_cycle_detection.obj
 0001:00041f30       sf_debug_cd_checksum_push  0000000180042f30 f   sfc_debug:sfdb_cycle_detection.obj
 0001:000421f0       sf_debug_cd_checksum_pop   00000001800431f0 f   sfc_debug:sfdb_cycle_detection.obj
 0001:00042260       sf_debug_cd_turn_off_cycle_detection 0000000180043260 f   sfc_debug:sfdb_cycle_detection.obj
 0001:000422b0       sf_debug_cd_terminate      00000001800432b0 f   sfc_debug:sfdb_cycle_detection.obj
 0001:000424f0       md5_initialize_state       00000001800434f0 f   sfc_debug:ckmd5.obj
 0001:00043070       md5_update_state           0000000180044070 f   sfc_debug:ckmd5.obj
 0001:00043150       md5_get_hash               0000000180044150 f   sfc_debug:ckmd5.obj
 0001:00043180       md5_get_hash_for_a_single_string 0000000180044180 f   sfc_debug:ckmd5.obj
 0001:000432da       mxGetPr                    00000001800442da f   libmx:libmx.dll
 0001:000432e0       mxCreateDoubleScalar       00000001800442e0 f   libmx:libmx.dll
 0001:000432e6       mxSetField_730             00000001800442e6 f   libmx:libmx.dll
 0001:000432ec       mxCreateDoubleMatrix_730   00000001800442ec f   libmx:libmx.dll
 0001:000432f2       mxCreateStructMatrix_730   00000001800442f2 f   libmx:libmx.dll
 0001:000432f8       mxDestroyArray             00000001800442f8 f   libmx:libmx.dll
 0001:000432fe       mxCreateString             00000001800442fe f   libmx:libmx.dll
 0001:00043304       mxDuplicateArray           0000000180044304 f   libmx:libmx.dll
 0001:0004330a       mxGetString_730            000000018004430a f   libmx:libmx.dll
 0001:00043310       mxIsChar                   0000000180044310 f   libmx:libmx.dll
 0001:00043316       mxGetClassID               0000000180044316 f   libmx:libmx.dll
 0001:0004331c       mxIsNumeric                000000018004431c f   libmx:libmx.dll
 0001:00043322       mxIsComplex                0000000180044322 f   libmx:libmx.dll
 0001:00043328       mxGetN                     0000000180044328 f   libmx:libmx.dll
 0001:0004332e       mxGetM                     000000018004432e f   libmx:libmx.dll
 0001:00043334       mxCalloc                   0000000180044334 f   libmx:libmx.dll
 0001:0004333a       mxGetScalar                000000018004433a f   libmx:libmx.dll
 0001:00043340       mxIsLogical                0000000180044340 f   libmx:libmx.dll
 0001:00043346       mxCreateDoubleMatrix_700   0000000180044346 f   libmx:libmx.dll
 0001:0004334c       mxFree                     000000018004434c f   libmx:libmx.dll
 0001:00043352       mxArrayToString            0000000180044352 f   libmx:libmx.dll
 0001:00043358       mxCreateCellMatrix_700     0000000180044358 f   libmx:libmx.dll
 0001:0004335e       mxSetCell_700              000000018004435e f   libmx:libmx.dll
 0001:00043364       mxGetCell_700              0000000180044364 f   libmx:libmx.dll
 0001:0004336a       mxGetClassName             000000018004436a f   libmx:libmx.dll
 0001:00043370       mxSetField_700             0000000180044370 f   libmx:libmx.dll
 0001:00043376       mxAddField                 0000000180044376 f   libmx:libmx.dll
 0001:0004337c       mxGetField_700             000000018004437c f   libmx:libmx.dll
 0001:00043382       mxGetNumberOfElements      0000000180044382 f   libmx:libmx.dll
 0001:00043388       mxIsStruct                 0000000180044388 f   libmx:libmx.dll
 0001:0004338e       mxIsClass                  000000018004438e f   libmx:libmx.dll
 0001:00043394       mxGetLogicals              0000000180044394 f   libmx:libmx.dll
 0001:0004339a       mxIsSparse                 000000018004439a f   libmx:libmx.dll
 0001:000433a0       mxSetFieldByNumber_700     00000001800443a0 f   libmx:libmx.dll
 0001:000433a6       mxGetFieldByNumber_700     00000001800443a6 f   libmx:libmx.dll
 0001:000433ac       mxGetFieldNameByNumber     00000001800443ac f   libmx:libmx.dll
 0001:000433b2       mxGetNumberOfFields        00000001800443b2 f   libmx:libmx.dll
 0001:000433b8       mxCreateStructMatrix_700   00000001800443b8 f   libmx:libmx.dll
 0001:000433be       mxGetFieldNumber           00000001800443be f   libmx:libmx.dll
 0001:000433c4       mxIsNaN                    00000001800443c4 f   libmx:libmx.dll
 0001:000433ca       mxIsEmpty                  00000001800443ca f   libmx:libmx.dll
 0001:000433d0       mxGetData                  00000001800443d0 f   libmx:libmx.dll
 0001:000433d6       mxGetImagData              00000001800443d6 f   libmx:libmx.dll
 0001:000433dc       mxArrayClassIDName         00000001800443dc f   libmx:libmx.dll
 0001:000433e2       mxCreateNumericMatrix_700  00000001800443e2 f   libmx:libmx.dll
 0001:000433e8       mxCreateStructArray_700    00000001800443e8 f   libmx:libmx.dll
 0001:000433ee       mxCalcSingleSubscript_700  00000001800443ee f   libmx:libmx.dll
 0001:000433f4       mxGetDimensions_700        00000001800443f4 f   libmx:libmx.dll
 0001:000433fa       mxGetNumberOfDimensions_700 00000001800443fa f   libmx:libmx.dll
 0001:00043400       mxCreateNumericArray_700   0000000180044400 f   libmx:libmx.dll
 0001:00043406       mxGetElementSize           0000000180044406 f   libmx:libmx.dll
 0001:0004340c       mxCreateStringFromNChars_700 000000018004440c f   libmx:libmx.dll
 0001:00043412       mxGetString_700            0000000180044412 f   libmx:libmx.dll
 0001:00043418       mxIsLogicalScalarTrue      0000000180044418 f   libmx:libmx.dll
 0001:0004341e       mxCreateLogicalScalar      000000018004441e f   libmx:libmx.dll
 0001:00043424       mexUnlock                  0000000180044424 f   libmex:libmex.dll
 0001:0004342a       mexIsLocked                000000018004442a f   libmex:libmex.dll
 0001:00043430       mexWarnMsgTxt              0000000180044430 f   libmex:libmex.dll
 0001:00043436       mexCallMATLAB              0000000180044436 f   libmex:libmex.dll
 0001:0004343c       mexErrMsgTxt               000000018004443c f   libmex:libmex.dll
 0001:00043442       mexSetTrapFlag             0000000180044442 f   libmex:libmex.dll
 0001:00043448       mexMakeArrayPersistent     0000000180044448 f   libmex:libmex.dll
 0001:0004344e       mexPutVariable             000000018004444e f   libmex:libmex.dll
 0001:00043454       mexGetVariable             0000000180044454 f   libmex:libmex.dll
 0001:0004345a       mexLock                    000000018004445a f   libmex:libmex.dll
 0001:00043460       mexMakeMemoryPersistent    0000000180044460 f   libmex:libmex.dll
 0001:00043466       mexFunctionName            0000000180044466 f   libmex:libmex.dll
 0001:0004346c       ssRegisterDataTypeFxpFSlopeFixExpBias 000000018004446c f   libfixedpoint:libfixedpoint.dll
 0001:00043472       utVSNprintf                0000000180044472 f   libut:libut.dll
 0001:00043478       utCPUtime                  0000000180044478 f   libut:libut.dll
 0001:0004347e       utFree                     000000018004447e f   libut:libut.dll
 0001:00043484       utMalloc                   0000000180044484 f   libut:libut.dll
 0001:0004348a       muDoubleScalarAtan         000000018004448a f   libmwmathutil:libmwmathutil.dll
 0001:00043490       muDoubleScalarSin          0000000180044490 f   libmwmathutil:libmwmathutil.dll
 0001:00043496       muDoubleScalarCos          0000000180044496 f   libmwmathutil:libmwmathutil.dll
 0001:0004349c       muDoubleScalarPower        000000018004449c f   libmwmathutil:libmwmathutil.dll
 0001:000434a2       muDoubleScalarFloor        00000001800444a2 f   libmwmathutil:libmwmathutil.dll
 0001:000434a8       emlrtCheckBuiltInR2009a    00000001800444a8 f   libemlrt:libemlrt.dll
 0001:000434ae       emlrtCheckVsBuiltInR2009a  00000001800444ae f   libemlrt:libemlrt.dll
 0001:000434b4       emlrtCheckEnumR2009a       00000001800444b4 f   libemlrt:libemlrt.dll
 0001:000434ba       emlrtCreateEnumR2010a      00000001800444ba f   libemlrt:libemlrt.dll
 0001:000434c0       emlrtGetEnumElementR2009a  00000001800444c0 f   libemlrt:libemlrt.dll
 0001:000434c6       emlrtImportVsFiArrayR2009b 00000001800444c6 f   libemlrt:libemlrt.dll
 0001:000434cc       emlrtGetEnumUnderlyingArrayR2009a 00000001800444cc f   libemlrt:libemlrt.dll
 0001:000434d2       emlrtIsEnumR2009a          00000001800444d2 f   libemlrt:libemlrt.dll
 0001:000434d8       __GSHandlerCheckCommon     00000001800444d8 f   MSVCRT:gshandler.obj
 0001:0004353c       __GSHandlerCheck           000000018004453c f   MSVCRT:gshandler.obj
 0001:0004355a       strlen                     000000018004455a f   MSVCRT:MSVCR100.dll
 0001:00043570       __security_check_cookie    0000000180044570 f   MSVCRT:amdsecgs.obj
 0001:00043590       memset                     0000000180044590 f   MSVCRT:MSVCR100.dll
 0001:00043596       malloc                     0000000180044596 f   MSVCRT:MSVCR100.dll
 0001:000435b0       _alloca_probe              00000001800445b0     MSVCRT:chkstk.obj
 0001:000435b0       __chkstk                   00000001800445b0 f   MSVCRT:chkstk.obj
 0001:000435fe       free                       00000001800445fe f   MSVCRT:MSVCR100.dll
 0001:00043604       strcmp                     0000000180044604 f   MSVCRT:MSVCR100.dll
 0001:0004360a       sprintf                    000000018004460a f   MSVCRT:MSVCR100.dll
 0001:00043610       strcat                     0000000180044610 f   MSVCRT:MSVCR100.dll
 0001:00043616       memcpy                     0000000180044616 f   MSVCRT:MSVCR100.dll
 0001:0004361c       NtCurrentTeb               000000018004461c f i MSVCRT:crtdll.obj
 0001:00043688       _CRT_INIT                  0000000180044688 f   MSVCRT:crtdll.obj
 0001:00043a20       _DllMainCRTStartup         0000000180044a20 f   MSVCRT:crtdll.obj
 0001:00043a5e       strncpy                    0000000180044a5e f   MSVCRT:MSVCR100.dll
 0001:00043a64       longjmp                    0000000180044a64 f   MSVCRT:MSVCR100.dll
 0001:00043a6a       strncmp                    0000000180044a6a f   MSVCRT:MSVCR100.dll
 0001:00043a70       ceil                       0000000180044a70 f   MSVCRT:MSVCR100.dll
 0001:00043a76       strrchr                    0000000180044a76 f   MSVCRT:MSVCR100.dll
 0001:00043a7c       _setjmp                    0000000180044a7c f   MSVCRT:MSVCR100.dll
 0001:00043a82       calloc                     0000000180044a82 f   MSVCRT:MSVCR100.dll
 0001:00043a88       realloc                    0000000180044a88 f   MSVCRT:MSVCR100.dll
 0001:00043a8e       ldexp                      0000000180044a8e f   MSVCRT:MSVCR100.dll
 0001:00043a94       __report_gsfailure         0000000180044a94 f   MSVCRT:gs_report.obj
 0001:00043be0       __clean_type_info_names    0000000180044be0 f   MSVCRT:tncleanup.obj
 0001:00043bec       _onexit                    0000000180044bec f   MSVCRT:atonexit.obj
 0001:00043c9c       atexit                     0000000180044c9c f   MSVCRT:atonexit.obj
 0001:00043cb4       _RTC_Initialize            0000000180044cb4 f   MSVCRT:_initsect_.obj
 0001:00043cec       _RTC_Terminate             0000000180044cec f   MSVCRT:_initsect_.obj
 0001:00043d24       _malloc_crt                0000000180044d24 f   MSVCRT:MSVCR100.dll
 0001:00043d30       _ValidateImageBase         0000000180044d30 f   MSVCRT:pesect.obj
 0001:00043d60       _FindPESection             0000000180044d60 f   MSVCRT:pesect.obj
 0001:00043db0       _IsNonwritableInCurrentImage 0000000180044db0 f   MSVCRT:pesect.obj
 0001:00043df2       _initterm                  0000000180044df2 f   MSVCRT:MSVCR100.dll
 0001:00043df8       _initterm_e                0000000180044df8 f   MSVCRT:MSVCR100.dll
 0001:00043dfe       _encoded_null              0000000180044dfe f   MSVCRT:MSVCR100.dll
 0001:00043e04       _amsg_exit                 0000000180044e04 f   MSVCRT:MSVCR100.dll
 0001:00043e0a       __C_specific_handler       0000000180044e0a f   MSVCRT:MSVCR100.dll
 0001:00043e10       __CppXcptFilter            0000000180044e10 f   MSVCRT:MSVCR100.dll
 0001:00043e18       DllMain                    0000000180044e18 f   MSVCRT:dllmain.obj
 0001:00043e3c       __security_init_cookie     0000000180044e3c f   MSVCRT:gs_support.obj
 0001:00043ef0       __crt_debugger_hook        0000000180044ef0 f   MSVCRT:MSVCR100.dll
 0001:00043ef6       __clean_type_info_names_internal 0000000180044ef6 f   MSVCRT:MSVCR100.dll
 0001:00043efc       _unlock                    0000000180044efc f   MSVCRT:MSVCR100.dll
 0001:00043f02       __dllonexit                0000000180044f02 f   MSVCRT:MSVCR100.dll
 0001:00043f08       _lock                      0000000180044f08 f   MSVCRT:MSVCR100.dll
 0001:00043f0e       EncodePointer              0000000180044f0e f   kernel32:KERNEL32.dll
 0001:00043f14       DecodePointer              0000000180044f14 f   kernel32:KERNEL32.dll
 0001:00043f1a       Sleep                      0000000180044f1a f   kernel32:KERNEL32.dll
 0001:00043f20       TerminateProcess           0000000180044f20 f   kernel32:KERNEL32.dll
 0001:00043f26       GetCurrentProcess          0000000180044f26 f   kernel32:KERNEL32.dll
 0001:00043f2c       UnhandledExceptionFilter   0000000180044f2c f   kernel32:KERNEL32.dll
 0001:00043f32       SetUnhandledExceptionFilter 0000000180044f32 f   kernel32:KERNEL32.dll
 0001:00043f38       IsDebuggerPresent          0000000180044f38 f   kernel32:KERNEL32.dll
 0001:00043f3e       RtlVirtualUnwind           0000000180044f3e f   kernel32:KERNEL32.dll
 0001:00043f44       RtlLookupFunctionEntry     0000000180044f44 f   kernel32:KERNEL32.dll
 0001:00043f4a       RtlCaptureContext          0000000180044f4a f   kernel32:KERNEL32.dll
 0001:00043f50       DisableThreadLibraryCalls  0000000180044f50 f   kernel32:KERNEL32.dll
 0001:00043f56       QueryPerformanceCounter    0000000180044f56 f   kernel32:KERNEL32.dll
 0001:00043f5c       GetTickCount               0000000180044f5c f   kernel32:KERNEL32.dll
 0001:00043f62       GetCurrentThreadId         0000000180044f62 f   kernel32:KERNEL32.dll
 0001:00043f68       GetCurrentProcessId        0000000180044f68 f   kernel32:KERNEL32.dll
 0001:00043f6e       GetSystemTimeAsFileTime    0000000180044f6e f   kernel32:KERNEL32.dll
 0002:00000000       __imp_GetSystemTimeAsFileTime 0000000180046000     kernel32:KERNEL32.dll
 0002:00000008       __imp_GetCurrentProcessId  0000000180046008     kernel32:KERNEL32.dll
 0002:00000010       __imp_GetCurrentThreadId   0000000180046010     kernel32:KERNEL32.dll
 0002:00000018       __imp_GetTickCount         0000000180046018     kernel32:KERNEL32.dll
 0002:00000020       __imp_QueryPerformanceCounter 0000000180046020     kernel32:KERNEL32.dll
 0002:00000028       __imp_DisableThreadLibraryCalls 0000000180046028     kernel32:KERNEL32.dll
 0002:00000030       __imp_RtlCaptureContext    0000000180046030     kernel32:KERNEL32.dll
 0002:00000038       __imp_RtlLookupFunctionEntry 0000000180046038     kernel32:KERNEL32.dll
 0002:00000040       __imp_RtlVirtualUnwind     0000000180046040     kernel32:KERNEL32.dll
 0002:00000048       __imp_IsDebuggerPresent    0000000180046048     kernel32:KERNEL32.dll
 0002:00000050       __imp_SetUnhandledExceptionFilter 0000000180046050     kernel32:KERNEL32.dll
 0002:00000058       __imp_UnhandledExceptionFilter 0000000180046058     kernel32:KERNEL32.dll
 0002:00000060       __imp_GetCurrentProcess    0000000180046060     kernel32:KERNEL32.dll
 0002:00000068       __imp_TerminateProcess     0000000180046068     kernel32:KERNEL32.dll
 0002:00000070       __imp_Sleep                0000000180046070     kernel32:KERNEL32.dll
 0002:00000078       __imp_DecodePointer        0000000180046078     kernel32:KERNEL32.dll
 0002:00000080       __imp_EncodePointer        0000000180046080     kernel32:KERNEL32.dll
 0002:00000088       \177KERNEL32_NULL_THUNK_DATA 0000000180046088     kernel32:KERNEL32.dll
 0002:00000090       __imp__onexit              0000000180046090     MSVCRT:MSVCR100.dll
 0002:00000098       __imp__lock                0000000180046098     MSVCRT:MSVCR100.dll
 0002:000000a0       __imp___dllonexit          00000001800460a0     MSVCRT:MSVCR100.dll
 0002:000000a8       __imp__unlock              00000001800460a8     MSVCRT:MSVCR100.dll
 0002:000000b0       __imp___clean_type_info_names_internal 00000001800460b0     MSVCRT:MSVCR100.dll
 0002:000000b8       __imp___crt_debugger_hook  00000001800460b8     MSVCRT:MSVCR100.dll
 0002:000000c0       __imp___CppXcptFilter      00000001800460c0     MSVCRT:MSVCR100.dll
 0002:000000c8       __imp___C_specific_handler 00000001800460c8     MSVCRT:MSVCR100.dll
 0002:000000d0       __imp__amsg_exit           00000001800460d0     MSVCRT:MSVCR100.dll
 0002:000000d8       __imp__encoded_null        00000001800460d8     MSVCRT:MSVCR100.dll
 0002:000000e0       __imp__initterm_e          00000001800460e0     MSVCRT:MSVCR100.dll
 0002:000000e8       __imp__initterm            00000001800460e8     MSVCRT:MSVCR100.dll
 0002:000000f0       __imp__malloc_crt          00000001800460f0     MSVCRT:MSVCR100.dll
 0002:000000f8       __imp_ldexp                00000001800460f8     MSVCRT:MSVCR100.dll
 0002:00000100       __imp_realloc              0000000180046100     MSVCRT:MSVCR100.dll
 0002:00000108       __imp_calloc               0000000180046108     MSVCRT:MSVCR100.dll
 0002:00000110       __imp__setjmp              0000000180046110     MSVCRT:MSVCR100.dll
 0002:00000118       __imp_strrchr              0000000180046118     MSVCRT:MSVCR100.dll
 0002:00000120       __imp_ceil                 0000000180046120     MSVCRT:MSVCR100.dll
 0002:00000128       __imp_strncmp              0000000180046128     MSVCRT:MSVCR100.dll
 0002:00000130       __imp_longjmp              0000000180046130     MSVCRT:MSVCR100.dll
 0002:00000138       __imp_strncpy              0000000180046138     MSVCRT:MSVCR100.dll
 0002:00000140       __imp_memcpy               0000000180046140     MSVCRT:MSVCR100.dll
 0002:00000148       __imp_strcat               0000000180046148     MSVCRT:MSVCR100.dll
 0002:00000150       __imp_sprintf              0000000180046150     MSVCRT:MSVCR100.dll
 0002:00000158       __imp_strcmp               0000000180046158     MSVCRT:MSVCR100.dll
 0002:00000160       __imp_free                 0000000180046160     MSVCRT:MSVCR100.dll
 0002:00000168       __imp_malloc               0000000180046168     MSVCRT:MSVCR100.dll
 0002:00000170       __imp_memset               0000000180046170     MSVCRT:MSVCR100.dll
 0002:00000178       __imp_strlen               0000000180046178     MSVCRT:MSVCR100.dll
 0002:00000180       \177MSVCR100_NULL_THUNK_DATA 0000000180046180     MSVCRT:MSVCR100.dll
 0002:00000188       __imp_emlrtIsEnumR2009a    0000000180046188     libemlrt:libemlrt.dll
 0002:00000190       __imp_emlrtGetEnumUnderlyingArrayR2009a 0000000180046190     libemlrt:libemlrt.dll
 0002:00000198       __imp_emlrtImportVsFiArrayR2009b 0000000180046198     libemlrt:libemlrt.dll
 0002:000001a0       __imp_emlrtGetEnumElementR2009a 00000001800461a0     libemlrt:libemlrt.dll
 0002:000001a8       __imp_emlrtCreateEnumR2010a 00000001800461a8     libemlrt:libemlrt.dll
 0002:000001b0       __imp_emlrtCheckEnumR2009a 00000001800461b0     libemlrt:libemlrt.dll
 0002:000001b8       __imp_emlrtCheckVsBuiltInR2009a 00000001800461b8     libemlrt:libemlrt.dll
 0002:000001c0       __imp_emlrtCheckBuiltInR2009a 00000001800461c0     libemlrt:libemlrt.dll
 0002:000001c8       \177libemlrt_NULL_THUNK_DATA 00000001800461c8     libemlrt:libemlrt.dll
 0002:000001d0       __imp_ssRegisterDataTypeFxpFSlopeFixExpBias 00000001800461d0     libfixedpoint:libfixedpoint.dll
 0002:000001d8       \177libfixedpoint_NULL_THUNK_DATA 00000001800461d8     libfixedpoint:libfixedpoint.dll
 0002:000001e0       __imp_mexErrMsgTxt         00000001800461e0     libmex:libmex.dll
 0002:000001e8       __imp_mexSetTrapFlag       00000001800461e8     libmex:libmex.dll
 0002:000001f0       __imp_mexMakeArrayPersistent 00000001800461f0     libmex:libmex.dll
 0002:000001f8       __imp_mexPutVariable       00000001800461f8     libmex:libmex.dll
 0002:00000200       __imp_mexGetVariable       0000000180046200     libmex:libmex.dll
 0002:00000208       __imp_mexLock              0000000180046208     libmex:libmex.dll
 0002:00000210       __imp_mexMakeMemoryPersistent 0000000180046210     libmex:libmex.dll
 0002:00000218       __imp_mexFunctionName      0000000180046218     libmex:libmex.dll
 0002:00000220       __imp_mexCallMATLAB        0000000180046220     libmex:libmex.dll
 0002:00000228       __imp_mexWarnMsgTxt        0000000180046228     libmex:libmex.dll
 0002:00000230       __imp_mexIsLocked          0000000180046230     libmex:libmex.dll
 0002:00000238       __imp_mexUnlock            0000000180046238     libmex:libmex.dll
 0002:00000240       \177libmex_NULL_THUNK_DATA 0000000180046240     libmex:libmex.dll
 0002:00000248       __imp_muDoubleScalarCos    0000000180046248     libmwmathutil:libmwmathutil.dll
 0002:00000250       __imp_muDoubleScalarFloor  0000000180046250     libmwmathutil:libmwmathutil.dll
 0002:00000258       __imp_muDoubleScalarPower  0000000180046258     libmwmathutil:libmwmathutil.dll
 0002:00000260       __imp_muDoubleScalarAtan   0000000180046260     libmwmathutil:libmwmathutil.dll
 0002:00000268       __imp_muDoubleScalarSin    0000000180046268     libmwmathutil:libmwmathutil.dll
 0002:00000270       \177libmwmathutil_NULL_THUNK_DATA 0000000180046270     libmwmathutil:libmwmathutil.dll
 0002:00000278       __imp_mxCreateStructMatrix_730 0000000180046278     libmx:libmx.dll
 0002:00000280       __imp_mxDestroyArray       0000000180046280     libmx:libmx.dll
 0002:00000288       __imp_mxCreateDoubleMatrix_730 0000000180046288     libmx:libmx.dll
 0002:00000290       __imp_mxCreateDoubleScalar 0000000180046290     libmx:libmx.dll
 0002:00000298       __imp_mxSetField_730       0000000180046298     libmx:libmx.dll
 0002:000002a0       __imp_mxCreateLogicalScalar 00000001800462a0     libmx:libmx.dll
 0002:000002a8       __imp_mxIsLogicalScalarTrue 00000001800462a8     libmx:libmx.dll
 0002:000002b0       __imp_mxGetString_700      00000001800462b0     libmx:libmx.dll
 0002:000002b8       __imp_mxCreateStringFromNChars_700 00000001800462b8     libmx:libmx.dll
 0002:000002c0       __imp_mxGetElementSize     00000001800462c0     libmx:libmx.dll
 0002:000002c8       __imp_mxCreateNumericArray_700 00000001800462c8     libmx:libmx.dll
 0002:000002d0       __imp_mxGetNumberOfDimensions_700 00000001800462d0     libmx:libmx.dll
 0002:000002d8       __imp_mxGetDimensions_700  00000001800462d8     libmx:libmx.dll
 0002:000002e0       __imp_mxCalcSingleSubscript_700 00000001800462e0     libmx:libmx.dll
 0002:000002e8       __imp_mxCreateStructArray_700 00000001800462e8     libmx:libmx.dll
 0002:000002f0       __imp_mxCreateNumericMatrix_700 00000001800462f0     libmx:libmx.dll
 0002:000002f8       __imp_mxArrayClassIDName   00000001800462f8     libmx:libmx.dll
 0002:00000300       __imp_mxGetImagData        0000000180046300     libmx:libmx.dll
 0002:00000308       __imp_mxGetData            0000000180046308     libmx:libmx.dll
 0002:00000310       __imp_mxIsEmpty            0000000180046310     libmx:libmx.dll
 0002:00000318       __imp_mxIsNaN              0000000180046318     libmx:libmx.dll
 0002:00000320       __imp_mxGetFieldNumber     0000000180046320     libmx:libmx.dll
 0002:00000328       __imp_mxCreateStructMatrix_700 0000000180046328     libmx:libmx.dll
 0002:00000330       __imp_mxGetNumberOfFields  0000000180046330     libmx:libmx.dll
 0002:00000338       __imp_mxGetFieldNameByNumber 0000000180046338     libmx:libmx.dll
 0002:00000340       __imp_mxGetFieldByNumber_700 0000000180046340     libmx:libmx.dll
 0002:00000348       __imp_mxSetFieldByNumber_700 0000000180046348     libmx:libmx.dll
 0002:00000350       __imp_mxIsSparse           0000000180046350     libmx:libmx.dll
 0002:00000358       __imp_mxGetLogicals        0000000180046358     libmx:libmx.dll
 0002:00000360       __imp_mxIsClass            0000000180046360     libmx:libmx.dll
 0002:00000368       __imp_mxIsStruct           0000000180046368     libmx:libmx.dll
 0002:00000370       __imp_mxGetNumberOfElements 0000000180046370     libmx:libmx.dll
 0002:00000378       __imp_mxGetField_700       0000000180046378     libmx:libmx.dll
 0002:00000380       __imp_mxAddField           0000000180046380     libmx:libmx.dll
 0002:00000388       __imp_mxSetField_700       0000000180046388     libmx:libmx.dll
 0002:00000390       __imp_mxGetClassName       0000000180046390     libmx:libmx.dll
 0002:00000398       __imp_mxGetCell_700        0000000180046398     libmx:libmx.dll
 0002:000003a0       __imp_mxSetCell_700        00000001800463a0     libmx:libmx.dll
 0002:000003a8       __imp_mxCreateCellMatrix_700 00000001800463a8     libmx:libmx.dll
 0002:000003b0       __imp_mxArrayToString      00000001800463b0     libmx:libmx.dll
 0002:000003b8       __imp_mxFree               00000001800463b8     libmx:libmx.dll
 0002:000003c0       __imp_mxCreateDoubleMatrix_700 00000001800463c0     libmx:libmx.dll
 0002:000003c8       __imp_mxIsLogical          00000001800463c8     libmx:libmx.dll
[...]
 0001:00018c20       ml_generic_out_of_bounds_check 0000000180019c20 f   sfc_mex:sfc_mex.obj
 0001:00018d70       ml_get_element_value_from_array 0000000180019d70 f   sfc_mex:sfc_mex.obj
 0001:00019070       _ml_generic_castability_check 000000018001a070 f   sfc_mex:sfc_mex.obj
 0001:00019c40       ml_generic_castability_check 000000018001ac40 f   sfc_mex:sfc_mex.obj
 0001:00019ce0       ml_check_mx_array_for_single_castability 000000018001ace0 f   sfc_mex:sfc_mex.obj
 0001:00019d80       ml_check_mx_array_for_logical_castability 000000018001ad80 f   sfc_mex:sfc_mex.obj
 0001:00019e20       ml_check_mx_array_for_int8_castability 000000018001ae20 f   sfc_mex:sfc_mex.obj
 0001:00019ed0       ml_check_mx_array_for_uint8_castability 000000018001aed0 f   sfc_mex:sfc_mex.obj
 0001:00019f70       ml_check_mx_array_for_int16_castability 000000018001af70 f   sfc_mex:sfc_mex.obj
 0001:0001a010       ml_check_mx_array_for_uint16_castability 000000018001b010 f   sfc_mex:sfc_mex.obj
 0001:0001a0b0       ml_check_mx_array_for_int32_castability 000000018001b0b0 f   sfc_mex:sfc_mex.obj
 0001:0001a150       ml_check_mx_array_for_uint32_castability 000000018001b150 f   sfc_mex:sfc_mex.obj
 0001:0001a1f0       ml_check_mx_array_for_castability 000000018001b1f0 f   sfc_mex:sfc_mex.obj
 0001:0001a9c0       set_data_value             000000018001b9c0 f   sfc_mex:sfc_mex.obj
 0001:0001ad10       get_data_value             000000018001bd10 f   sfc_mex:sfc_mex.obj
 0001:0001ae00       get_next_element_address   000000018001be00 f   sfc_mex:sfc_mex.obj
 0001:0001aed0       sf_normalize_index         000000018001bed0 f   sfc_mex:sfc_mex.obj
 0001:0001b260       ml_array_index_bound_check 000000018001c260 f   sfc_mex:sfc_mex.obj
 0001:0001be70       mx_value                   000000018001ce70 f   sfc_mex:sfc_mex.obj
 0001:0001bec0       sf_create_numeric_array    000000018001cec0 f   sfc_mex:sfc_mex.obj
 0001:0001bf60       sf_mex_assign_to_mx_array  000000018001cf60 f   sfc_mex:sfc_mex.obj
 0001:0001c8d0       assign_from_mx_array       000000018001d8d0 f   sfc_mex:sfc_mex.obj
 0001:0001db50       get_machine_and_chart_file_number 000000018001eb50 f   sfc_mex:sfc_sf.obj
 0001:0001dc40       get_sfun_block_specialization 000000018001ec40 f   sfc_mex:sfc_sf.obj
 0001:0001dcc0       call_sf_machine_global_method_dispatcher 000000018001ecc0 f   sfc_mex:sfc_sf.obj
 0001:0001df30       mdl_zeroCrossings_processing 000000018001ef30 f   sfc_mex:sfc_sf.obj
 0001:0001e000       mdl_derivatives_processing 000000018001f000 f   sfc_mex:sfc_sf.obj
 0001:0001e2c0       mdl_outputs_continuous_legacy 000000018001f2c0 f   sfc_mex:sfc_sf.obj
 0001:0001e340       mdl_outputs_processing     000000018001f340 f   sfc_mex:sfc_sf.obj
 0001:0001e640       mdl_enable_processing      000000018001f640 f   sfc_mex:sfc_sf.obj
 0001:0001e710       mdl_disable_processing     000000018001f710 f   sfc_mex:sfc_sf.obj
 0001:0001f200       write_symbol_mapping       0000000180020200 f   sfc_mex:sfc_sf.obj
 0001:0001f980       sf_call_output_fcn_enable_disable 0000000180020980 f   sfc_mex:sfc_sf.obj
 0001:0001fc00       set_dwork_information_from_mx_array 0000000180020c00 f   sfc_mex:sfc_sf.obj
 0001:00020380       get_dwork_info_from_mat_file 0000000180021380 f   sfc_mex:sfc_sf.obj
 0001:00020530       ptr2mxStruct               0000000180021530 f   sfc_mex:sfc_sf.obj
 0001:00020940       SNPRINTF_WRAPPER           0000000180021940 f   sfc_debug:sfcdebug.obj
 0001:00020960       sf_debug_chart_instance_initialized_quick 0000000180021960 f   sfc_debug:sfcdebug.obj
 0001:00020970       sf_debug_chart_instance_initialized 0000000180021970 f   sfc_debug:sfcdebug.obj
 0001:00020b10       sfrtAddSize                0000000180021b10 f   sfc_debug:sfcdebug.obj
 0001:00020bd0       sfrtGenSizeString          0000000180021bd0 f   sfc_debug:sfcdebug.obj
 0001:00021350       sf_debug_sim_status_listener 0000000180022350 f   sfc_debug:sfcdebug.obj
 0001:000218c0       sf_debug_form_mask_bits    00000001800228c0 f   sfc_debug:sfcdebug.obj
 0001:00021900       sf_debug_form_sf_data_type_offsets 0000000180022900 f   sfc_debug:sfcdebug.obj
 0001:000219c0       sf_debug_free_all          00000001800229c0 f   sfc_debug:sfcdebug.obj
 0001:00021b50       sf_debug_append_debugger_context 0000000180022b50 f   sfc_debug:sfcdebug.obj
 0001:00021e10       local_strdup               0000000180022e10 f   sfc_debug:sfcdebug.obj
 0001:00022cf0       sf_debug_em_terminate      0000000180023cf0 f   sfc_debug:sfcdebug.obj
 0001:00022d30       sf_debug_push_eml_function 0000000180023d30 f   sfc_debug:sfcdebug.obj
 0001:00022dd0       sf_debug_pop_eml_function  0000000180023dd0 f   sfc_debug:sfcdebug.obj
 0001:00023a90       sf_debug_get_machine_number_from_id_or_name 0000000180024a90 f   sfc_debug:sfcdebug.obj
 0001:00023be0       sf_debug_get_chart_number_from_id 0000000180024be0 f   sfc_debug:sfcdebug.obj
 0001:00024890       sf_debug_transfer_control_to_debugger_GUI 0000000180025890 f   sfc_debug:sfcdebug.obj
 0001:00025870       sf_debug_scripts_rehash    0000000180026870 f   sfc_debug:sfcdebug.obj
 0001:00025ac0       sf_debug_get_script_line_count 0000000180026ac0 f   sfc_debug:sfcdebug.obj
 0001:00026210       cv_eml_state_cvId          0000000180027210 f   sfc_debug:sfcdebug.obj
 0001:00027730       sf_debug_data_array_bounds_error 0000000180028730 f   sfc_debug:sfcdebug.obj
 0001:00027b30       eml_debug_runtime_error_doclink 0000000180028b30 f   sfc_debug:sfcdebug.obj
 0001:00027ca0       sf_debug_runtime_error     0000000180028ca0 f   sfc_debug:sfcdebug.obj
 0001:00027d10       sf_debug_matlab_error      0000000180028d10 f   sfc_debug:sfcdebug.obj
 0001:00028550       sf_debug_data_value_error  0000000180029550 f   sfc_debug:sfcdebug.obj
 0001:00028e10       sf_debug_data_loss_error   0000000180029e10 f   sfc_debug:sfcdebug.obj
 0001:00029a20       call_cv_range_check        000000018002aa20 f   sfc_debug:sfcdebug.obj
 0001:0002a310       sf_debug_invoke_cycle_detection_code 000000018002b310 f   sfc_debug:sfcdebug.obj
 0001:0002b170       sf_reset_debug_info_struct 000000018002c170 f   sfc_debug:sfcdebug.obj
 0001:0002bc30       cv_script_cvId             000000018002cc30 f   sfc_debug:sfcdebug.obj
 0001:0002d0b0       sfc_api_chart_visible      000000018002e0b0 f   sfc_debug:sfc_api.obj
 0001:0002d130       sfc_api_active_instance    000000018002e130 f   sfc_debug:sfc_api.obj
 0001:0002d1b0       sfc_api_machine_load       000000018002e1b0 f   sfc_debug:sfc_api.obj
 0001:0002d280       sfc_api_debugger_alive     000000018002e280 f   sfc_debug:sfc_api.obj
 0001:0002d290       sfc_api_go                 000000018002e290 f   sfc_debug:sfc_api.obj
 0001:0002d2a0       sfc_api_step_over          000000018002e2a0 f   sfc_debug:sfc_api.obj
 0001:0002d2b0       sfc_api_step_out           000000018002e2b0 f   sfc_debug:sfc_api.obj
 0001:0002d2c0       sfc_api_resume             000000018002e2c0 f   sfc_debug:sfc_api.obj
 0001:0002d2d0       sfc_api_break              000000018002e2d0 f   sfc_debug:sfc_api.obj
 0001:0002d2e0       sfc_api_stop_debugging     000000018002e2e0 f   sfc_debug:sfc_api.obj
 0001:0002d330       sfc_api_is_cycle_detected  000000018002e330 f   sfc_debug:sfc_api.obj
 0001:0002d380       sfc_api_is_array_bounds_detected 000000018002e380 f   sfc_debug:sfc_api.obj
 0001:0002d3d0       sfc_api_set_disable_all_breakpoints 000000018002e3d0 f   sfc_debug:sfc_api.obj
 0001:0002d440       sfc_api_disable_all_breakpoints_and_go 000000018002e440 f   sfc_debug:sfc_api.obj
 0001:0002d450       sfc_api_close              000000018002e450 f   sfc_debug:sfc_api.obj
 0001:0002d460       sfc_api_browse_data        000000018002e460 f   sfc_debug:sfc_api.obj
 0001:0002d4d0       sfc_api_watch_data         000000018002e4d0 f   sfc_debug:sfc_api.obj
 0001:0002d570       sfc_api_whos               000000018002e570 f   sfc_debug:sfc_api.obj
 0001:0002d600       sfc_api_get_consistency_info 000000018002e600 f   sfc_debug:sfc_api.obj
 0001:0002d610       sfc_api_browse_trace       000000018002e610 f   sfc_debug:sfc_api.obj
 0001:0002d620       sfc_api_break_on_chart_entry 000000018002e620 f   sfc_debug:sfc_api.obj
 0001:0002d640       sfc_api_break_on_event_broadcast 000000018002e640 f   sfc_debug:sfc_api.obj
 0001:0002d660       sfc_api_break_on_state_entry 000000018002e660 f   sfc_debug:sfc_api.obj
 0001:0002d680       sfc_api_set_watch          000000018002e680 f   sfc_debug:sfc_api.obj
 0001:0002d720       sfc_api_set_breakpoints    000000018002e720 f   sfc_debug:sfc_api.obj
 0001:0002d7c0       sfc_api_set_eml_breakpoints 000000018002e7c0 f   sfc_debug:sfc_api.obj
 0001:0002d840       sfc_api_set_script_breakpoints 000000018002e840 f   sfc_debug:sfc_api.obj
 0001:0002d890       sfc_api_add_script_breakpoints 000000018002e890 f   sfc_debug:sfc_api.obj
 0001:0002d8e0       sfc_api_clear_script_breakpoints 000000018002e8e0 f   sfc_debug:sfc_api.obj
 0001:0002d930       sfc_api_query_script_breakpoints 000000018002e930 f   sfc_debug:sfc_api.obj
 0001:0002d990       sfc_api_get_script_id      000000018002e990 f   sfc_debug:sfc_api.obj
 0001:0002da50       sfc_api_get_active_states  000000018002ea50 f   sfc_debug:sfc_api.obj
 0001:0002dad0       sfc_api_break_between_times 000000018002ead0 f   sfc_debug:sfc_api.obj
 0001:0002db30       sfc_api_get_instance_handle 000000018002eb30 f   sfc_debug:sfc_api.obj
 0001:0002dbe0       sfc_api_get_coverage       000000018002ebe0 f   sfc_debug:sfc_api.obj
 0001:0002dc60       sfc_api_set_animation      000000018002ec60 f   sfc_debug:sfc_api.obj
 0001:0002dcb0       sfc_api_select_chart       000000018002ecb0 f   sfc_debug:sfc_api.obj
 0001:0002dd10       sfc_api_select_charts      000000018002ed10 f   sfc_debug:sfc_api.obj
 0001:0002dd40       sfc_api_cycle_detection_check 000000018002ed40 f   sfc_debug:sfc_api.obj
 0001:0002dd90       sfc_api_data_range_check   000000018002ed90 f   sfc_debug:sfc_api.obj
 0001:0002dde0       sfc_api_transition_conflict_check 000000018002ede0 f   sfc_debug:sfc_api.obj
 0001:0002de30       sfc_api_state_consistency_check 000000018002ee30 f   sfc_debug:sfc_api.obj
 0001:0002de80       sfc_api_set_instance_cv_ids 000000018002ee80 f   sfc_debug:sfc_api.obj
 0001:0002df90       sfc_api_set_script_cv_ids  000000018002ef90 f   sfc_debug:sfc_api.obj
 0001:0002e030       sfc_api_get_current_machine_id 000000018002f030 f   sfc_debug:sfc_api.obj
 0001:0002e060       sfc_api_get_current_machine_number 000000018002f060 f   sfc_debug:sfc_api.obj
 0001:0002e090       sfc_api_get_current_chart_number 000000018002f090 f   sfc_debug:sfc_api.obj
 0001:0002e0c0       sfc_api_get_current_instance_number 000000018002f0c0 f   sfc_debug:sfc_api.obj
 0001:0002e0f0       sfc_api_get_current_instance_handle 000000018002f0f0 f   sfc_debug:sfc_api.obj
 0001:0002e110       sfc_api_get_current_is_minor_time_step 000000018002f110 f   sfc_debug:sfc_api.obj
 0001:0002e140       sfc_api_get_current_machine_name 000000018002f140 f   sfc_debug:sfc_api.obj
 0001:0002e160       sfc_api_get_current_chart_id 000000018002f160 f   sfc_debug:sfc_api.obj
 0001:0002e190       sfc_api_get_current_object_type 000000018002f190 f   sfc_debug:sfc_api.obj
 0001:0002e1c0       sfc_api_get_current_event_type 000000018002f1c0 f   sfc_debug:sfc_api.obj
 0001:0002e1f0       sfc_api_get_current_object_id 000000018002f1f0 f   sfc_debug:sfc_api.obj
 0001:0002e220       sfc_get_current_active_event_type 000000018002f220 f   sfc_debug:sfc_api.obj
 0001:0002e250       sfc_api_get_current_active_event_id 000000018002f250 f   sfc_debug:sfc_api.obj
 0001:0002e280       sfc_api_get_current_simulation_time 000000018002f280 f   sfc_debug:sfc_api.obj
 0001:0002e2a0       sfc_get_current_tag_type   000000018002f2a0 f   sfc_debug:sfc_api.obj
 0001:0002e2d0       sfc_get_current_coverage_percentage 000000018002f2d0 f   sfc_debug:sfc_api.obj
 0001:0002e2f0       sfc_get_current_statement_context 000000018002f2f0 f   sfc_debug:sfc_api.obj
 0001:0002e310       sfc_get_current_optional_integer 000000018002f310 f   sfc_debug:sfc_api.obj
 0001:0002e330       sfc_get_current_statement_info 000000018002f330 f   sfc_debug:sfc_api.obj
 0001:0002e3d0       sfc_api_get                000000018002f3d0 f   sfc_debug:sfc_api.obj
 0001:0002e530       sf_debug_sm_is_using_unified_editors 000000018002f530 f   sfc_debug:sfdb_animation.obj
 0001:0002e5d0       sf_debug_sm_is_chart_visible_in_unified_editors 000000018002f5d0 f   sfc_debug:sfdb_animation.obj
 0001:0002e690       sf_debug_sm_check_if_chart_is_visible 000000018002f690 f   sfc_debug:sfdb_animation.obj
 0001:0002f2a0       sf_debug_sm_fill_state_activity_data 00000001800302a0 f   sfc_debug:sfdb_animation.obj
 0001:000318b0       sf_debug_hm_get_simulink_handle 00000001800328b0 f   sfc_debug:sfdb_handle_management.obj
 0001:000324a0       sf_debug_hm_initialize_globals 00000001800334a0 f   sfc_debug:sfdb_handle_management.obj
 0001:000325a0       sf_debug_hm_get_machine_debug_flag 00000001800335a0 f   sfc_debug:sfdb_handle_management.obj
 0001:00032710       sf_debug_hm_get_machine_id 0000000180033710 f   sfc_debug:sfdb_handle_management.obj
 0001:00032830       sf_debug_hm_get_chart_id   0000000180033830 f   sfc_debug:sfdb_handle_management.obj
 0001:000329d0       sf_debug_hm_register_executing_SFunction 00000001800339d0 f   sfc_debug:sfdb_handle_management.obj
 0001:00032b60       sf_debug_hm_get_chart_active_instance 0000000180033b60 f   sfc_debug:sfdb_handle_management.obj
 0001:00032cd0       sf_debug_hm_get_chart_visibility 0000000180033cd0 f   sfc_debug:sfdb_handle_management.obj
 0001:00032e20       sf_debug_hm_form_object_boolean_properties 0000000180033e20 f   sfc_debug:sfdb_handle_management.obj
 0001:000330f0       sf_debug_hm_form_object_properties 00000001800340f0 f   sfc_debug:sfdb_handle_management.obj
 0001:00033330       sf_debug_hm_terminate_charts 0000000180034330 f   sfc_debug:sfdb_handle_management.obj
 0001:00033a70       sf_debug_hm_terminate_machines 0000000180034a70 f   sfc_debug:sfdb_handle_management.obj
 0001:00035570       void_ptr_stack_vector_free_total 0000000180036570 f   sfc_debug:sfdb_data_browse.obj
 0001:00035600       sf_debug_st_terminate_machine 0000000180036600 f   sfc_debug:sfdb_data_browse.obj
 0001:00035730       sf_debug_st_terminate_instance 0000000180036730 f   sfc_debug:sfdb_data_browse.obj
 0001:00035be0       push_on_to_void_ptr_stack  0000000180036be0 f   sfc_debug:sfdb_data_browse.obj
 0001:00035d70       pop_from_void_ptr_stack    0000000180036d70 f   sfc_debug:sfdb_data_browse.obj
 0001:00035ea0       sf_debug_st_get_data_value 0000000180036ea0 f   sfc_debug:sfdb_data_browse.obj
 0001:000363d0       mx_value                   00000001800373d0 f   sfc_debug:sfdb_data_browse.obj
 0001:00036410       sf_debug_st_fill_data_struct 0000000180037410 f   sfc_debug:sfdb_data_browse.obj
 0001:00036750       data_type_format_strings   0000000180037750 f   sfc_debug:sfdb_data_browse.obj
 0001:00036800       sf_debug_st_fill_data      0000000180037800 f   sfc_debug:sfdb_data_browse.obj
 0001:00037a90       sf_debug_ss_copy_dimension 0000000180038a90 f   sfc_debug:sfdb_symbol_scope.obj
 0001:00037b50       sf_debug_ss_get_number_elements 0000000180038b50 f   sfc_debug:sfdb_symbol_scope.obj
 0001:00037b70       sf_debug_ss_fill_data_struct 0000000180038b70 f   sfc_debug:sfdb_symbol_scope.obj
 0001:00037ec0       sf_debug_ss_reset_data_info 0000000180038ec0 f   sfc_debug:sfdb_symbol_scope.obj
 0001:00037f20       sf_debug_fill_data_info_by_symbol_scope_entry 0000000180038f20 f   sfc_debug:sfdb_symbol_scope.obj
 0001:00037fd0       sf_debug_fill_data_info_by_data_vector 0000000180038fd0 f   sfc_debug:sfdb_symbol_scope.obj
 0001:00038210       sf_debug_ss_get_data_info  0000000180039210 f   sfc_debug:sfdb_symbol_scope.obj
 0001:00038640       sf_debug_ss_get_data_value 0000000180039640 f   sfc_debug:sfdb_symbol_scope.obj
 0001:00038ad0       sf_debug_ss_data_bytes_string 0000000180039ad0 f   sfc_debug:sfdb_symbol_scope.obj
 0001:00038b80       sf_debug_ss_data_class_string 0000000180039b80 f   sfc_debug:sfdb_symbol_scope.obj
 0001:00038f10       sf_debug_ss_data_size_string 0000000180039f10 f   sfc_debug:sfdb_symbol_scope.obj
 0001:00038ff0       sf_debug_ss_data_create_data_info_struct 0000000180039ff0 f   sfc_debug:sfdb_symbol_scope.obj
 0001:00039250       sf_debug_ss_data_create_name_value_pair 000000018003a250 f   sfc_debug:sfdb_symbol_scope.obj
 0001:000392f0       sf_debug_ss_data_get_whos_info 000000018003a2f0 f   sfc_debug:sfdb_symbol_scope.obj
 0001:000393b0       same_named_data_in_data_array 000000018003a3b0 f   sfc_debug:sfdb_symbol_scope.obj
 0001:0003adb0       sf_debug_cc_terminate_chart 000000018003bdb0 f   sfc_debug:sfdb_coverage.obj
 0001:0003b150       sf_debug_cc_terminate_instance 000000018003c150 f   sfc_debug:sfdb_coverage.obj
 0001:0003bd50       sf_debug_cc_mark_object_if_needed 000000018003cd50 f   sfc_debug:sfdb_coverage.obj
 0001:0003c4b0       sf_debug_cc_fill_transition_coverage_data 000000018003d4b0 f   sfc_debug:sfdb_coverage.obj
 0001:0003c640       sf_debug_cc_fill_transition_coverage_map 000000018003d640 f   sfc_debug:sfdb_coverage.obj
 0001:0003c8f0       sf_debug_cc_fill_state_coverage_map 000000018003d8f0 f   sfc_debug:sfdb_coverage.obj
 0001:0003cb40       sf_debug_cc_fill_state_coverage_data 000000018003db40 f   sfc_debug:sfdb_coverage.obj
 0001:0003d770       sf_debug_bm_initialize_eml 000000018003e770 f   sfc_debug:sfdb_breakpoints.obj
 0001:0003e8c0       sf_debug_bm_map_debug_tag_to_breakpoint_tag 000000018003f8c0 f   sfc_debug:sfdb_breakpoints.obj
 0001:0003e9a0       sf_debug_bm_is_a_eml_breakpoint_impl 000000018003f9a0 f   sfc_debug:sfdb_breakpoints.obj
 0001:00040600       sf_debug_sc_push_on_error_stack 0000000180041600 f   sfc_debug:sfdb_state_consistency.obj
 0001:00040730       sf_debug_sc_reset_error_stack 0000000180041730 f   sfc_debug:sfdb_state_consistency.obj
 0001:000408c0       sf_debug_sc_is_state_inconsistent 00000001800418c0 f   sfc_debug:sfdb_state_consistency.obj
 0001:00040bc0       sf_debug_sc_fill_consistency_info 0000000180041bc0 f   sfc_debug:sfdb_state_consistency.obj
 0001:00041170       void_assertion_fcn         0000000180042170 f   sfc_debug:sfdb_call_stack.obj
 0001:00041700       sf_debug_tm_fill_local_trace 0000000180042700 f   sfc_debug:sfdb_call_stack.obj
 0001:00041ca0       sf_debug_cd_terminate_instance 0000000180042ca0 f   sfc_debug:sfdb_cycle_detection.obj
 0001:00041d00       sf_debug_cd_free_checksum_stack 0000000180042d00 f   sfc_debug:sfdb_cycle_detection.obj
 0001:00041d50       sf_debug_cd_reset_pack_strings 0000000180042d50 f   sfc_debug:sfdb_cycle_detection.obj
 0001:00042410       md5file_clear              0000000180043410 f   sfc_debug:ckmd5.obj
 0001:00042440       Encode                     0000000180043440 f   sfc_debug:ckmd5.obj
 0001:00042490       Decode                     0000000180043490 f   sfc_debug:ckmd5.obj
 0001:00042530       MD5Transform               0000000180043530 f   sfc_debug:ckmd5.obj
 0001:00042d80       md5file_addn               0000000180043d80 f   sfc_debug:ckmd5.obj
 0001:00042e50       md5file_hash               0000000180043e50 f   sfc_debug:ckmd5.obj
 0001:00043628       pre_c_init                 0000000180044628 f   MSVCRT:crtdll.obj
 0001:000438e4       __DllMainCRTStartup        00000001800448e4 f   MSVCRT:crtdll.obj
 0001:00043f80       __DllMainCRTStartup$filt$0 0000000180044f80 f   MSVCRT:crtdll.obj
 0001:00043fb0       __DllMainCRTStartup$fin$1  0000000180044fb0 f   MSVCRT:crtdll.obj
 0001:00043fca       _onexit$fin$0              0000000180044fca f   MSVCRT:atonexit.obj
 0001:00043ff0       _IsNonwritableInCurrentImage$filt$0 0000000180044ff0 f   MSVCRT:pesect.obj
