 EE514test2_sfun

 Timestamp is 4de6876f (Wed Jun 01 11:39:43 2011)

 Preferred load address is 0000000180000000

 Start         Length     Name                   Class
 0001:00000000 00048dc4H .text                   CODE
 0001:00048dd0 00000092H .text$x                 CODE
 0002:00000000 00000470H .idata$5                DATA
 0002:00000470 00000008H .CRT$XCA                DATA
 0002:00000478 00000008H .CRT$XCZ                DATA
 0002:00000480 00000008H .CRT$XIA                DATA
 0002:00000488 00000008H .CRT$XIAA               DATA
 0002:00000490 00000008H .CRT$XIZ                DATA
 0002:000004a0 00004bbcH .rdata                  DATA
 0002:00005060 00000008H .rtc$IAA                DATA
 0002:00005068 00000008H .rtc$IZZ                DATA
 0002:00005070 00000008H .rtc$TAA                DATA
 0002:00005078 00000008H .rtc$TZZ                DATA
 0002:00005080 00004644H .xdata                  DATA
 0002:000096c4 000000b4H .idata$2                DATA
 0002:00009778 00000014H .idata$3                DATA
 0002:00009790 00000470H .idata$4                DATA
 0002:00009c00 00000a00H .idata$6                DATA
 0002:0000a600 00000055H .edata                  DATA
 0003:00000000 00005ee8H .data                   DATA
 0003:00005f00 00002698H .bss                    DATA
 0004:00000000 000034b0H .pdata                  DATA

  Address         Publics by Value              Rva+Base               Lib:Object

 0000:00000000       ___safe_se_handler_count   0000000000000000     <absolute>
 0000:00000000       ___safe_se_handler_table   0000000000000000     <absolute>
 0000:00000000       __ImageBase                0000000180000000     <linker-defined>
 0001:00000000       sf_c1_EE514test2_get_eml_resolved_functions_info 0000000180001000 f   c1_EE514test2.obj
 0001:00001ea0       sf_c1_EE514test2_get_check_sum 0000000180002ea0 f   c1_EE514test2.obj
 0001:00001f20       sf_c1_EE514test2_get_autoinheritance_info 0000000180002f20 f   c1_EE514test2.obj
 0001:00002c70       c1_EE514test2_method_dispatcher 0000000180003c70 f   c1_EE514test2.obj
 0001:000105f0       sf_c2_EE514test2_get_eml_resolved_functions_info 00000001800115f0 f   c2_EE514test2.obj
 0001:00011ce0       sf_c2_EE514test2_get_check_sum 0000000180012ce0 f   c2_EE514test2.obj
 0001:00011d60       sf_c2_EE514test2_get_autoinheritance_info 0000000180012d60 f   c2_EE514test2.obj
 0001:000121b0       c2_EE514test2_method_dispatcher 00000001800131b0 f   c2_EE514test2.obj
 0001:00014310       sf_process_check_sum_call  0000000180015310 f   EE514test2_sfun_registry.obj
 0001:00014360       sf_process_autoinheritance_call 0000000180015360 f   EE514test2_sfun_registry.obj
 0001:000143b0       sf_process_get_eml_resolved_functions_info_call 00000001800153b0 f   EE514test2_sfun_registry.obj
 0001:00014530       sf_mex_unlock_call         0000000180015530 f   EE514test2_sfun_registry.obj
 0001:000145e0       sf_machine_global_initializer_called 00000001800155e0 f   EE514test2_sfun_registry.obj
 0001:00014610       sf_machine_global_method_dispatcher 0000000180015610 f   EE514test2_sfun_registry.obj
 0001:00014670       sf_machine_global_terminator 0000000180015670 f   EE514test2_sfun_registry.obj
 0001:000146b0       sf_register_machine_exported_symbols 00000001800156b0 f   EE514test2_sfun_registry.obj
 0001:000146d0       callCustomFcn              00000001800156d0 f   EE514test2_sfun_registry.obj
 0001:000146e0       sf_machine_global_initializer 00000001800156e0 f   EE514test2_sfun_registry.obj
 0001:00014750       _ssSetInputPortMatrixDimensions 0000000180015750 f   EE514test2_sfun_registry.obj
 0001:00014860       _ssSetOutputPortMatrixDimensions 0000000180015860 f   EE514test2_sfun_registry.obj
 0001:00014970       _ssSetInputPortVectorDimension 0000000180015970 f   EE514test2_sfun_registry.obj
 0001:00014a40       _ssSetOutputPortVectorDimension 0000000180015a40 f   EE514test2_sfun_registry.obj
 0001:00014b10       ssIsRunTimeParamTunable    0000000180015b10 f   EE514test2_sfun_registry.obj
 0001:00014b80       ssGetSFuncBlockHandle      0000000180015b80 f   EE514test2_sfun_registry.obj
 0001:00014bf0       _ssGetCurrentInputPortWidth 0000000180015bf0 f   EE514test2_sfun_registry.obj
 0001:00014d10       _ssGetCurrentOutputPortWidth 0000000180015d10 f   EE514test2_sfun_registry.obj
 0001:00014e30       _ssGetCallSystemNumFcnCallDestinations 0000000180015e30 f   EE514test2_sfun_registry.obj
 0001:00014ea0       ssWarning                  0000000180015ea0 f   EE514test2_sfun_registry.obj
 0001:00014fb0       ssGetIsZeroCrossControlDisabled 0000000180015fb0 f   EE514test2_sfun_registry.obj
 0001:00015020       ssSetIsInputPortUsedForContZcSignal 0000000180016020 f   EE514test2_sfun_registry.obj
 0001:00015090       ssSetZcSignalIsZcElementDisc 0000000180016090 f   EE514test2_sfun_registry.obj
 0001:00015140       ssSetZcSignalName          0000000180016140 f   EE514test2_sfun_registry.obj
 0001:000151b0       ssSetZcSignalWidth         00000001800161b0 f   EE514test2_sfun_registry.obj
 0001:00015220       ssSetZcSignalZcEventType   0000000180016220 f   EE514test2_sfun_registry.obj
 0001:00015290       ssSetZcSignalType          0000000180016290 f   EE514test2_sfun_registry.obj
 0001:00015300       ssSetZcSignalZcTol         0000000180016300 f   EE514test2_sfun_registry.obj
 0001:00015370       ssSetZcSignalNeedsEventNotification 0000000180016370 f   EE514test2_sfun_registry.obj
 0001:000153e0       ssCreateAndAddZcSignalInfo 00000001800163e0 f   EE514test2_sfun_registry.obj
 0001:00015450       ssCloneAndAddZcSignalInfo  0000000180016450 f   EE514test2_sfun_registry.obj
 0001:000154c0       ssGetNumZcSignals          00000001800164c0 f   EE514test2_sfun_registry.obj
 0001:00015530       ssGetZcSignalVector        0000000180016530 f   EE514test2_sfun_registry.obj
 0001:000155a0       ssGetZcSignalZcEvents      00000001800165a0 f   EE514test2_sfun_registry.obj
 0001:00015610       ssGetZcSignalName          0000000180016610 f   EE514test2_sfun_registry.obj
 0001:00015680       ssGetZcSignalWidth         0000000180016680 f   EE514test2_sfun_registry.obj
 0001:000156f0       ssGetZcSignalZcEventType   00000001800166f0 f   EE514test2_sfun_registry.obj
 0001:00015760       ssGetZcSignalType          0000000180016760 f   EE514test2_sfun_registry.obj
 0001:000157d0       ssGetZcSignalZcTol         00000001800167d0 f   EE514test2_sfun_registry.obj
 0001:00015850       ssGetZcSignalNeedsEventNotification 0000000180016850 f   EE514test2_sfun_registry.obj
 0001:000158c0       ssGetZcSignalIsZcElementDisc 00000001800168c0 f   EE514test2_sfun_registry.obj
 0001:00015960       ssGetIsInputPortElementContinuous 0000000180016960 f   EE514test2_sfun_registry.obj
 0001:00015a00       _ssGetInputPortSignalPtrsFcn 0000000180016a00 f   EE514test2_sfun_registry.obj
 0001:00015cc0       _ssGetInputPortSignalFcn   0000000180016cc0 f   EE514test2_sfun_registry.obj
 0001:00015ee0       _ssSetInputPortDirectFeedThroughFcn 0000000180016ee0 f   EE514test2_sfun_registry.obj
 0001:00016040       _ssSetInputPortReusableFcn 0000000180017040 f   EE514test2_sfun_registry.obj
 0001:00016130       _ssSetOutputPortReusableFcn 0000000180017130 f   EE514test2_sfun_registry.obj
 0001:00016210       ssGetDTypeIdFromMxArray    0000000180017210 f   EE514test2_sfun_registry.obj
 0001:00016330       ssWriteRTWStr              0000000180017330 f   EE514test2_sfun_registry.obj
 0001:00016390       ssWriteRTWMxVectParam      0000000180017390 f   EE514test2_sfun_registry.obj
 0001:000163f0       ssWriteRTWMx2dMatParam     00000001800173f0 f   EE514test2_sfun_registry.obj
 0001:00016470       ssWriteRTWNameValuePair    0000000180017470 f   EE514test2_sfun_registry.obj
 0001:00016960       ssWriteRTWParameters       0000000180017960 f   EE514test2_sfun_registry.obj
 0001:00016f60       ssWriteRTWParamSettings    0000000180017f60 f   EE514test2_sfun_registry.obj
 0001:00017630       ssWriteRTWWorkVect         0000000180018630 f   EE514test2_sfun_registry.obj
 0001:00017b30       mexFunction                0000000180018b30 f   EE514test2_sfun_registry.obj
 0001:00019770       ProcessMexSfunctionEveryCall 000000018001a770 f   EE514test2_sfun_registry.obj
 0001:000198e0       EE514test2_initializer     000000018001a8e0 f   EE514test2_sfun.obj
 0001:00019900       EE514test2_terminator      000000018001a900 f   EE514test2_sfun.obj
 0001:00019910       sf_EE514test2_method_dispatcher 000000018001a910 f   EE514test2_sfun.obj
 0001:00019980       sf_EE514test2_process_check_sum_call 000000018001a980 f   EE514test2_sfun.obj
 0001:00019da0       sf_EE514test2_autoinheritance_info 000000018001ada0 f   EE514test2_sfun.obj
 0001:00019eb0       sf_EE514test2_get_eml_resolved_functions_info 000000018001aeb0 f   EE514test2_sfun.obj
 0001:0001a020       EE514test2_debug_initialize 000000018001b020 f   EE514test2_sfun.obj
 0001:0001a090       EE514test2_register_exported_symbols 000000018001b090 f   EE514test2_sfun.obj
 0001:0001a140       sf_mex_mx_is_numeric       000000018001b140 f   sfc_mex:sfc_mex.obj
 0001:0001a180       strcmp_ignore_ws           000000018001b180 f   sfc_mex:sfc_mex.obj
 0001:0001a2c0       sf_mex_duplicatearraysafe  000000018001b2c0 f   sfc_mex:sfc_mex.obj
 0001:0001a420       sf_set_error_debugger_context_message_fcn 000000018001b420 f   sfc_mex:sfc_mex.obj
 0001:0001a430       sf_set_debugger_matlab_error_fcn 000000018001b430 f   sfc_mex:sfc_mex.obj
 0001:0001a460       sf_set_error_prefix_string 000000018001b460 f   sfc_mex:sfc_mex.obj
 0001:0001a490       sf_get_error_prefix_string 000000018001b490 f   sfc_mex:sfc_mex.obj
 0001:0001a4a0       sf_get_current_jmp_buf_ptr 000000018001b4a0 f   sfc_mex:sfc_mex.obj
 0001:0001a4b0       sf_set_current_jmp_buf_ptr 000000018001b4b0 f   sfc_mex:sfc_mex.obj
 0001:0001a4c0       sf_mex_set_halt_simulation 000000018001b4c0 f   sfc_mex:sfc_mex.obj
 0001:0001a4d0       sf_mex_get_halt_simulation 000000018001b4d0 f   sfc_mex:sfc_mex.obj
 0001:0001a4e0       sf_mex_clear_error_message 000000018001b4e0 f   sfc_mex:sfc_mex.obj
 0001:0001a500       sf_mex_get_error_message_for_read 000000018001b500 f   sfc_mex:sfc_mex.obj
 0001:0001a510       sf_mex_get_error_message_buffer_length 000000018001b510 f   sfc_mex:sfc_mex.obj
 0001:0001a600       sf_mex_warning_message     000000018001b600 f   sfc_mex:sfc_mex.obj
 0001:0001a670       sf_mex_v_errbuf_createf    000000018001b670 f   sfc_mex:sfc_mex.obj
 0001:0001a680       sf_mex_errbuf_createf      000000018001b680 f   sfc_mex:sfc_mex.obj
 0001:0001a6b0       sf_mex_v_errbuf_catf       000000018001b6b0 f   sfc_mex:sfc_mex.obj
 0001:0001a6f0       sf_mex_errbuf_catf         000000018001b6f0 f   sfc_mex:sfc_mex.obj
 0001:0001a740       sf_mex_errbuf_copy         000000018001b740 f   sfc_mex:sfc_mex.obj
 0001:0001a750       sf_mex_errbuf_clear        000000018001b750 f   sfc_mex:sfc_mex.obj
 0001:0001a760       sf_mex_errbuf_isempty      000000018001b760 f   sfc_mex:sfc_mex.obj
 0001:0001a870       sf_mex_set_error_status    000000018001b870 f   sfc_mex:sfc_mex.obj
 0001:0001a8c0       sf_mex_error_direct_call   000000018001b8c0 f   sfc_mex:sfc_mex.obj
 0001:0001a8e0       sf_mex_long_jump_on_error  000000018001b8e0 f   sfc_mex:sfc_mex.obj
 0001:0001a910       sf_mex_call_matlab         000000018001b910 f   sfc_mex:sfc_mex.obj
 0001:0001aa30       sf_mex_check_builtin       000000018001ba30 f   sfc_mex:sfc_mex.obj
 0001:0001aa70       sf_mex_check_builtin_vs    000000018001ba70 f   sfc_mex:sfc_mex.obj
 0001:0001aad0       sf_mex_check_enum          000000018001bad0 f   sfc_mex:sfc_mex.obj
 0001:0001ab00       sf_mex_create_enum         000000018001bb00 f   sfc_mex:sfc_mex.obj
 0001:0001ab20       sf_mex_get_enum_element    000000018001bb20 f   sfc_mex:sfc_mex.obj
 0001:0001ab30       sf_mex_createcellarray     000000018001bb30 f   sfc_mex:sfc_mex.obj
 0001:0001ab40       sf_mex_setcell             000000018001bb40 f   sfc_mex:sfc_mex.obj
 0001:0001ab50       sf_mex_getcell             000000018001bb50 f   sfc_mex:sfc_mex.obj
 0001:0001ab60       sf_mex_dup                 000000018001bb60 f   sfc_mex:sfc_mex.obj
 0001:0001ab80       sf_mex_assign              000000018001bb80 f   sfc_mex:sfc_mex.obj
 0001:0001abe0       sf_mex_destroy             000000018001bbe0 f   sfc_mex:sfc_mex.obj
 0001:0001ac10       mx_array_has_fi_type       000000018001bc10 f   sfc_mex:sfc_mex.obj
 0001:0001ac40       sf_mex_convert_from_fi     000000018001bc40 f   sfc_mex:sfc_mex.obj
 0001:0001ada0       sf_mex_convert_to_double   000000018001bda0 f   sfc_mex:sfc_mex.obj
 0001:0001aec0       sf_mex_import_fi_vs        000000018001bec0 f   sfc_mex:sfc_mex.obj
 0001:0001b0f0       sf_matrix_matrix_index_ok  000000018001c0f0 f   sfc_mex:sfc_mex.obj
 0001:0001b180       sf_vector_vector_index_ok  000000018001c180 f   sfc_mex:sfc_mex.obj
 0001:0001b1b0       ssGetCurrentInputPortDimensions_wrapper 000000018001c1b0 f   sfc_mex:sfc_mex.obj
 0001:0001b1d0       ssGetCurrentOutputPortDimensions_wrapper 000000018001c1d0 f   sfc_mex:sfc_mex.obj
 0001:0001b1f0       sf_mex_emlrt_context_is_debug_mode 000000018001c1f0 f   sfc_mex:sfc_mex.obj
 0001:0001b200       sf_mex_emlrt_context_set_debug_mode 000000018001c200 f   sfc_mex:sfc_mex.obj
 0001:0001b210       sf_clear_error_manager_info 000000018001c210 f   sfc_mex:sfc_mex.obj
 0001:0001b260       sf_mex_stop_simulation_abruptly_wo_error 000000018001c260 f   sfc_mex:sfc_mex.obj
 0001:0001b2a0       sf_mex_error_message       000000018001c2a0 f   sfc_mex:sfc_mex.obj
 0001:0001b300       sf_react_to_error_in_matlab_call 000000018001c300 f   sfc_mex:sfc_mex.obj
 0001:0001b330       sf_mex_addfield            000000018001c330 f   sfc_mex:sfc_mex.obj
 0001:0001b3d0       sf_mex_getfield            000000018001c3d0 f   sfc_mex:sfc_mex.obj
 0001:0001b680       sf_mex_check_class         000000018001c680 f   sfc_mex:sfc_mex.obj
 0001:0001b710       sf_mex_is_real             000000018001c710 f   sfc_mex:sfc_mex.obj
 0001:0001b830       sf_mex_check_complex       000000018001c830 f   sfc_mex:sfc_mex.obj
 0001:0001b890       sf_mex_check_sparse        000000018001c890 f   sfc_mex:sfc_mex.obj
 0001:0001b900       sf_mex_check_numerictype   000000018001c900 f   sfc_mex:sfc_mex.obj
 0001:0001bb60       sf_mex_check_fimath        000000018001cb60 f   sfc_mex:sfc_mex.obj
 0001:0001bdc0       sf_mex_decode_encoded_mx_struct_array 000000018001cdc0 f   sfc_mex:sfc_mex.obj
 0001:0001c090       sf_mex_lw_bounds_check     000000018001d090 f   sfc_mex:sfc_mex.obj
 0001:0001c0c0       sf_mex_lw_size_eq_check_1d 000000018001d0c0 f   sfc_mex:sfc_mex.obj
 0001:0001c0e0       sf_mex_lw_size_eq_check_nd 000000018001d0e0 f   sfc_mex:sfc_mex.obj
 0001:0001c2d0       sf_mex_lw_dim_size_eq_check 000000018001d2d0 f   sfc_mex:sfc_mex.obj
 0001:0001c300       sf_mex_lw_dim_size_geq_check 000000018001d300 f   sfc_mex:sfc_mex.obj
 0001:0001c330       sf_mex_lw_sub_assign_size_check_nd 000000018001d330 f   sfc_mex:sfc_mex.obj
 0001:0001c570       sf_mex_lw_matrix_matrix_index_check 000000018001d570 f   sfc_mex:sfc_mex.obj
 0001:0001c600       sf_mex_lw_vector_vector_index_check 000000018001d600 f   sfc_mex:sfc_mex.obj
 0001:0001c640       sf_mex_lw_non_negative_check 000000018001d640 f   sfc_mex:sfc_mex.obj
 0001:0001c680       sf_mex_overflow_error      000000018001d680 f   sfc_mex:sfc_mex.obj
 0001:0001c690       sf_mex_dividebyzero_error  000000018001d690 f   sfc_mex:sfc_mex.obj
 0001:0001c6a0       sf_mex_unsafe_enum_error   000000018001d6a0 f   sfc_mex:sfc_mex.obj
 0001:0001c6b0       sf_emlrtErrHandler         000000018001d6b0 f   sfc_mex:sfc_mex.obj
 0001:0001c6e0       sf_mex_printf              000000018001d6e0 f   sfc_mex:sfc_mex.obj
 0001:0001c910       sf_mex_check_size          000000018001d910 f   sfc_mex:sfc_mex.obj
 0001:0001cc10       sf_mex_check_struct        000000018001dc10 f   sfc_mex:sfc_mex.obj
 0001:0001cdd0       sf_mex_check_struct_vs     000000018001ddd0 f   sfc_mex:sfc_mex.obj
 0001:0001ce60       sf_mex_check_fi            000000018001de60 f   sfc_mex:sfc_mex.obj
 0001:0001d0c0       sf_mex_check_fi_vs         000000018001e0c0 f   sfc_mex:sfc_mex.obj
 0001:0001d160       sf_echo_expression         000000018001e160 f   sfc_mex:sfc_mex.obj
 0001:0001d1c0       sf_assertion_failed        000000018001e1c0 f   sfc_mex:sfc_mex.obj
 0001:0001d390       sf_mex_evalin              000000018001e390 f   sfc_mex:sfc_mex.obj
 0001:0001d6b0       sf_mex_export              000000018001e6b0 f   sfc_mex:sfc_mex.obj
 0001:0001d750       sf_mex_get_ml_var_no_error 000000018001e750 f   sfc_mex:sfc_mex.obj
 0001:0001d9d0       sf_mex_get_ml_var          000000018001e9d0 f   sfc_mex:sfc_mex.obj
 0001:0001dd50       ml_set_element_value_in_array 000000018001ed50 f   sfc_mex:sfc_mex.obj
 0001:0001f1e0       sf_mex_call_impl           00000001800201e0 f   sfc_mex:sfc_mex.obj
 0001:0001f7a0       sf_mex_call_debug          00000001800207a0 f   sfc_mex:sfc_mex.obj
 0001:0001f7d0       sf_mex_call                00000001800207d0 f   sfc_mex:sfc_mex.obj
 0001:0001fde0       sf_mex_createstruct        0000000180020de0 f   sfc_mex:sfc_mex.obj
 0001:0001fed0       sf_mex_createstructarray   0000000180020ed0 f   sfc_mex:sfc_mex.obj
 0001:0001ff50       sf_mex_get_mx_datatype_from_sf_datatype 0000000180020f50 f   sfc_mex:sfc_mex.obj
 0001:00020260       sf_mex_ml_var_sub          0000000180021260 f   sfc_mex:sfc_mex.obj
 0001:00020430       sf_mex_ml_var_subsasgn     0000000180021430 f   sfc_mex:sfc_mex.obj
 0001:00020840       sf_mex_sub                 0000000180021840 f   sfc_mex:sfc_mex.obj
 0001:00020a60       sf_mex_subsasgn            0000000180021a60 f   sfc_mex:sfc_mex.obj
 0001:00021610       sf_mex_create              0000000180022610 f   sfc_mex:sfc_mex.obj
 0001:00022490       sf_mex_import              0000000180023490 f   sfc_mex:sfc_mex.obj
 0001:000225a0       sf_mex_import_vs           00000001800235a0 f   sfc_mex:sfc_mex.obj
 0001:000226b0       sf_mex_lower_fixpt_mx_array 00000001800236b0 f   sfc_mex:sfc_mex.obj
 0001:00022cf0       sim_mode_is_rtw_gen        0000000180023cf0 f   sfc_mex:sfc_sf.obj
 0001:00022d20       sim_mode_is_external       0000000180023d20 f   sfc_mex:sfc_sf.obj
 0001:00022d30       mdlInitializeSizes         0000000180023d30 f   sfc_mex:sfc_sf.obj
 0001:00022d50       mdlInitializeSampleTimes   0000000180023d50 f   sfc_mex:sfc_sf.obj
 0001:00022d90       mdlZeroCrossings           0000000180023d90 f   sfc_mex:sfc_sf.obj
 0001:00022e70       mdlDerivatives             0000000180023e70 f   sfc_mex:sfc_sf.obj
 0001:00022f20       mdl_initialize_conditions_processing 0000000180023f20 f   sfc_mex:sfc_sf.obj
 0001:00022f50       mdlInitializeConditions    0000000180023f50 f   sfc_mex:sfc_sf.obj
 0001:00023010       mdlGetSimState             0000000180024010 f   sfc_mex:sfc_sf.obj
 0001:00023020       mdlSetSimState             0000000180024020 f   sfc_mex:sfc_sf.obj
 0001:00023030       mdl_ext_mode_exec_processing 0000000180024030 f   sfc_mex:sfc_sf.obj
 0001:00023050       mdlExtModeExec             0000000180024050 f   sfc_mex:sfc_sf.obj
 0001:000232b0       mdlTerminate               00000001800242b0 f   sfc_mex:sfc_sf.obj
 0001:00023320       mdlRTW                     0000000180024320 f   sfc_mex:sfc_sf.obj
 0001:00023350       mdlSetWorkWidths           0000000180024350 f   sfc_mex:sfc_sf.obj
 0001:00023360       mdlProcessParameters       0000000180024360 f   sfc_mex:sfc_sf.obj
 0001:00023370       mdl_start_processing       0000000180024370 f   sfc_mex:sfc_sf.obj
 0001:000233b0       mdlStart                   00000001800243b0 f   sfc_mex:sfc_sf.obj
 0001:000234a0       mdlEnable                  00000001800244a0 f   sfc_mex:sfc_sf.obj
 0001:00023570       mdlDisable                 0000000180024570 f   sfc_mex:sfc_sf.obj
 0001:00023620       sf_get_chart_instance_ptr  0000000180024620 f   sfc_mex:sfc_sf.obj
 0001:00023640       sf_rtw_info_uint_prop      0000000180024640 f   sfc_mex:sfc_sf.obj
 0001:00023820       sf_is_chart_inlinable      0000000180024820 f   sfc_mex:sfc_sf.obj
 0001:00023840       sf_mark_output_events_with_multiple_callers 0000000180024840 f   sfc_mex:sfc_sf.obj
 0001:00023a60       sf_mark_chart_reusable_outputs 0000000180024a60 f   sfc_mex:sfc_sf.obj
 0001:00023d40       sf_mark_chart_expressionable_inputs 0000000180024d40 f   sfc_mex:sfc_sf.obj
 0001:00024110       sf_get_subchart_simstruct  0000000180025110 f   sfc_mex:sfc_sf.obj
 0001:00024160       sf_write_symbol_mapping    0000000180025160 f   sfc_mex:sfc_sf.obj
 0001:00024410       sf_get_fixpt_data_type_id  0000000180025410 f   sfc_mex:sfc_sf.obj
 0001:00024450       sf_get_enum_data_type_id   0000000180025450 f   sfc_mex:sfc_sf.obj
 0001:00024490       sf_get_param_data_type_id  0000000180025490 f   sfc_mex:sfc_sf.obj
 0001:000244c0       sf_mex_listen_for_ctrl_c_force 00000001800254c0 f   sfc_mex:sfc_sf.obj
 0001:000245d0       sf_mex_draw_now            00000001800255d0 f   sfc_mex:sfc_sf.obj
 0001:00024610       sf_mex_set_debugger_sim_status_listener_fcn 0000000180025610 f   sfc_mex:sfc_sf.obj
 0001:00024620       sf_mex_listen_for_ctrl_c   0000000180025620 f   sfc_mex:sfc_sf.obj
 0001:000246b0       sf_mex_get_sfun_param      00000001800256b0 f   sfc_mex:sfc_sf.obj
 0001:00024700       sf_get_runtime_param_data  0000000180025700 f   sfc_mex:sfc_sf.obj
 0001:00024740       sf_call_output_fcn_call    0000000180025740 f   sfc_mex:sfc_sf.obj
 0001:00024880       sf_call_output_fcn_enable  0000000180025880 f   sfc_mex:sfc_sf.obj
 0001:00024910       sf_call_output_fcn_disable 0000000180025910 f   sfc_mex:sfc_sf.obj
 0001:000249a0       sf_clear_rtw_identifier    00000001800259a0 f   sfc_mex:sfc_sf.obj
 0001:00025170       sf_set_encoded_dwork_info  0000000180026170 f   sfc_mex:sfc_sf.obj
 0001:00025410       sf_set_rtw_dwork_info      0000000180026410 f   sfc_mex:sfc_sf.obj
 0001:000256e0       mdlOutputs                 00000001800266e0 f   sfc_mex:sfc_sf.obj
 0001:00025820       sf_debug_disp              0000000180026820 f   sfc_debug:sfcdebug.obj
 0001:00025af0       sf_debug_data_runtime_size_mismatch_error_check 0000000180026af0 f   sfc_debug:sfcdebug.obj
 0001:00025b90       sf_debug_try_loading_machine 0000000180026b90 f   sfc_debug:sfcdebug.obj
 0001:00025c90       sf_debug_reset_current_state_configuration 0000000180026c90 f   sfc_debug:sfcdebug.obj
 0001:00025d20       sf_debug_store_current_state_configuration 0000000180026d20 f   sfc_debug:sfcdebug.obj
 0001:00025db0       sf_debug_restore_previous_state_configuration 0000000180026db0 f   sfc_debug:sfcdebug.obj
 0001:00025e40       sf_debug_restore_previous_state_configuration2 0000000180026e40 f   sfc_debug:sfcdebug.obj
 0001:00025ed0       sf_debug_get_event_scope   0000000180026ed0 f   sfc_debug:sfcdebug.obj
 0001:00026040       use_debugger_step_animation 0000000180027040 f   sfc_debug:sfcdebug.obj
 0001:00026060       sf_debug_get_script_id     0000000180027060 f   sfc_debug:sfcdebug.obj
 0001:000260f0       sf_debug_set_script_translation 00000001800270f0 f   sfc_debug:sfcdebug.obj
 0001:000261b0       sf_debug_get_current_machine_id 00000001800271b0 f   sfc_debug:sfcdebug.obj
 0001:000261d0       sf_debug_get_current_optional_integer 00000001800271d0 f   sfc_debug:sfcdebug.obj
 0001:000261e0       sf_debug_get_current_machine_number 00000001800271e0 f   sfc_debug:sfcdebug.obj
 0001:00026200       sf_debug_get_current_machine_name 0000000180027200 f   sfc_debug:sfcdebug.obj
 0001:00026220       sf_debug_get_current_chart_id 0000000180027220 f   sfc_debug:sfcdebug.obj
 0001:00026270       sf_debug_get_current_chart_number 0000000180027270 f   sfc_debug:sfcdebug.obj
 0001:00026280       sf_debug_get_current_instance_number 0000000180027280 f   sfc_debug:sfcdebug.obj
 0001:00026290       sf_debug_get_current_is_minor_time_step 0000000180027290 f   sfc_debug:sfcdebug.obj
 0001:00026310       sf_debug_get_current_object_type 0000000180027310 f   sfc_debug:sfcdebug.obj
 0001:00026320       sf_debug_get_current_instance_handle 0000000180027320 f   sfc_debug:sfcdebug.obj
 0001:00026380       sf_debug_get_current_event_type 0000000180027380 f   sfc_debug:sfcdebug.obj
 0001:00026390       sf_debug_get_current_object_id 0000000180027390 f   sfc_debug:sfcdebug.obj
 0001:000263d0       sf_debug_get_current_active_event_type 00000001800273d0 f   sfc_debug:sfcdebug.obj
 0001:000263e0       sf_debug_get_current_active_event_id 00000001800273e0 f   sfc_debug:sfcdebug.obj
 0001:00026420       sf_debug_get_current_tag_type 0000000180027420 f   sfc_debug:sfcdebug.obj
 0001:00026430       sf_debug_get_current_simulation_time 0000000180027430 f   sfc_debug:sfcdebug.obj
 0001:00026440       sf_debug_get_current_coverage_percentage 0000000180027440 f   sfc_debug:sfcdebug.obj
 0001:00026450       sf_debug_current_statement_context 0000000180027450 f   sfc_debug:sfcdebug.obj
 0001:000264e0       sf_debug_get_current_statement_info 00000001800274e0 f   sfc_debug:sfcdebug.obj
 0001:00026660       sf_debug_terminate_instance 0000000180027660 f   sfc_debug:sfcdebug.obj
 0001:00026980       sf_debug_assertion_failed  0000000180027980 f   sfc_debug:sfcdebug.obj
 0001:00026b30       sf_debug_set_number_of_data_with_change_event_for_machine 0000000180027b30 f   sfc_debug:sfcdebug.obj
 0001:00026b70       sf_debug_set_machine_event_thresholds 0000000180027b70 f   sfc_debug:sfcdebug.obj
 0001:00026b90       sf_debug_set_machine_event_scope 0000000180027b90 f   sfc_debug:sfcdebug.obj
 0001:00026bd0       sf_debug_set_machine_data_thresholds 0000000180027bd0 f   sfc_debug:sfcdebug.obj
 0001:00026c10       sf_debug_set_machine_data_scope 0000000180027c10 f   sfc_debug:sfcdebug.obj
 0001:00026ca0       sf_debug_set_machine_data_name 0000000180027ca0 f   sfc_debug:sfcdebug.obj
 0001:00026d40       sf_debug_set_machine_data_size 0000000180027d40 f   sfc_debug:sfcdebug.obj
 0001:00026e80       sf_debug_set_machine_data_type 0000000180027e80 f   sfc_debug:sfcdebug.obj
 0001:00026ff0       sf_debug_get_chart_data_number 0000000180027ff0 f   sfc_debug:sfcdebug.obj
 0001:00027010       sf_debug_get_chart_event_number 0000000180028010 f   sfc_debug:sfcdebug.obj
 0001:00027030       sf_debug_set_chart_state_info 0000000180028030 f   sfc_debug:sfcdebug.obj
 0001:000270b0       sf_debug_set_chart_decomposition 00000001800280b0 f   sfc_debug:sfcdebug.obj
 0001:00027120       sf_debug_set_chart_substate_count 0000000180028120 f   sfc_debug:sfcdebug.obj
 0001:00027200       sf_debug_set_chart_substate_index 0000000180028200 f   sfc_debug:sfcdebug.obj
 0001:00027270       sf_debug_set_chart_state_substate_count 0000000180028270 f   sfc_debug:sfcdebug.obj
 0001:00027380       sf_debug_set_chart_state_substate_index 0000000180028380 f   sfc_debug:sfcdebug.obj
 0001:00027400       sf_debug_set_number_of_data_with_change_event_for_chart 0000000180028400 f   sfc_debug:sfcdebug.obj
 0001:00027480       sf_debug_set_number_of_states_with_entry_event_for_chart 0000000180028480 f   sfc_debug:sfcdebug.obj
 0001:000274f0       sf_debug_set_number_of_states_with_exit_event_for_chart 00000001800284f0 f   sfc_debug:sfcdebug.obj
 0001:00027560       sf_debug_set_chart_disable_implicit_casting 0000000180028560 f   sfc_debug:sfcdebug.obj
 0001:000275d0       sf_debug_set_chart_event_thresholds 00000001800285d0 f   sfc_debug:sfcdebug.obj
 0001:00027640       sf_debug_set_chart_data_compiled_props 0000000180028640 f   sfc_debug:sfcdebug.obj
 0001:00027980       sf_debug_set_chart_data_props 0000000180028980 f   sfc_debug:sfcdebug.obj
 0001:00027cb0       sf_debug_check_fi_license  0000000180028cb0 f   sfc_debug:sfcdebug.obj
 0001:00027ea0       sf_debug_symbol_scope_push 0000000180028ea0 f   sfc_debug:sfcdebug.obj
 0001:00027f80       sf_debug_symbol_scope_push_eml 0000000180028f80 f   sfc_debug:sfcdebug.obj
 0001:00028060       sf_debug_symbol_scope_pop  0000000180029060 f   sfc_debug:sfcdebug.obj
 0001:000280a0       sf_debug_symbol_scope_add  00000001800290a0 f   sfc_debug:sfcdebug.obj
 0001:00028120       sf_debug_symbol_scope_add_eml 0000000180029120 f   sfc_debug:sfcdebug.obj
 0001:00028160       sf_debug_symbol_scope_add_dyn 0000000180029160 f   sfc_debug:sfcdebug.obj
 0001:00028210       sf_debug_symbol_scope_add_eml_dyn 0000000180029210 f   sfc_debug:sfcdebug.obj
 0001:00028270       sf_debug_symbol_switch     0000000180029270 f   sfc_debug:sfcdebug.obj
 0001:00028290       sf_debug_symbol_scope_add_verbose 0000000180029290 f   sfc_debug:sfcdebug.obj
 0001:00028360       sf_debug_set_machine_data_value_ptr 0000000180029360 f   sfc_debug:sfcdebug.obj
 0001:000283a0       sf_debug_set_instance_data_value_ptr 00000001800293a0 f   sfc_debug:sfcdebug.obj
 0001:00028460       sf_debug_unset_instance_data_value_ptr 0000000180029460 f   sfc_debug:sfcdebug.obj
 0001:00028510       sf_debug_set_chart_event_scope 0000000180029510 f   sfc_debug:sfcdebug.obj
 0001:00028590       sf_debug_set_chart_transition_coverage_maps 0000000180029590 f   sfc_debug:sfcdebug.obj
 0001:000286a0       sf_debug_set_chart_state_coverage_maps 00000001800296a0 f   sfc_debug:sfcdebug.obj
 0001:00028780       sf_debug_set_instance_transition_coverage_weights 0000000180029780 f   sfc_debug:sfcdebug.obj
 0001:00028820       sf_debug_set_instance_state_coverage_weights 0000000180029820 f   sfc_debug:sfcdebug.obj
 0001:00028a70       sf_debug_unload_machine    0000000180029a70 f   sfc_debug:sfcdebug.obj
 0001:00028ac0       sf_debug_load_machine      0000000180029ac0 f   sfc_debug:sfcdebug.obj
 0001:00028bd0       sf_debug_set_active_instance_in_data_dictionary 0000000180029bd0 f   sfc_debug:sfcdebug.obj
 0001:00028db0       sf_debug_set_active_instance 0000000180029db0 f   sfc_debug:sfcdebug.obj
 0001:00028f00       sf_debug_chart_visiblity_change 0000000180029f00 f   sfc_debug:sfcdebug.obj
 0001:00028fe0       sf_debug_select_chart      0000000180029fe0 f   sfc_debug:sfcdebug.obj
 0001:000290c0       sf_debug_set_instance_cv_ids 000000018002a0c0 f   sfc_debug:sfcdebug.obj
 0001:000293e0       sf_debug_select_charts     000000018002a3e0 f   sfc_debug:sfcdebug.obj
 0001:00029520       sf_debug_initialized       000000018002a520 f   sfc_debug:sfcdebug.obj
 0001:00029530       sf_debug_is_uninterruptible 000000018002a530 f   sfc_debug:sfcdebug.obj
 0001:00029560       sf_debug_initialize_debugger_gui 000000018002a560 f   sfc_debug:sfcdebug.obj
 0001:00029940       sf_debug_resume            000000018002a940 f   sfc_debug:sfcdebug.obj
 0001:00029960       sf_debug_go                000000018002a960 f   sfc_debug:sfcdebug.obj
 0001:00029970       sf_debug_break             000000018002a970 f   sfc_debug:sfcdebug.obj
 0001:00029980       sf_debug_step_over         000000018002a980 f   sfc_debug:sfcdebug.obj
 0001:00029990       sf_debug_step_out          000000018002a990 f   sfc_debug:sfcdebug.obj
 0001:000299a0       sf_debug_set_disable_all_breakpoints 000000018002a9a0 f   sfc_debug:sfcdebug.obj
 0001:000299b0       sf_debug_disable_all_breakpoints_and_go 000000018002a9b0 f   sfc_debug:sfcdebug.obj
 0001:000299c0       sf_debug_break_on_chart_entry 000000018002a9c0 f   sfc_debug:sfcdebug.obj
 0001:000299d0       sf_debug_break_on_event_broadcast 000000018002a9d0 f   sfc_debug:sfcdebug.obj
 0001:000299e0       sf_debug_break_on_state_entry 000000018002a9e0 f   sfc_debug:sfcdebug.obj
 0001:000299f0       sf_debug_break_between_times 000000018002a9f0 f   sfc_debug:sfcdebug.obj
 0001:00029a10       sf_debug_browse_data       000000018002aa10 f   sfc_debug:sfcdebug.obj
 0001:00029a30       sf_debug_watch_data        000000018002aa30 f   sfc_debug:sfcdebug.obj
 0001:00029a50       sf_debug_whos              000000018002aa50 f   sfc_debug:sfcdebug.obj
 0001:00029a70       sf_debug_get_consistency_info 000000018002aa70 f   sfc_debug:sfcdebug.obj
 0001:00029a80       sf_debug_browse_trace      000000018002aa80 f   sfc_debug:sfcdebug.obj
 0001:00029a90       sf_debug_set_breakpoints   000000018002aa90 f   sfc_debug:sfcdebug.obj
 0001:00029be0       sf_debug_set_eml_breakpoints 000000018002abe0 f   sfc_debug:sfcdebug.obj
 0001:00029d40       sf_debug_set_script_breakpoints 000000018002ad40 f   sfc_debug:sfcdebug.obj
 0001:00029dc0       sf_debug_add_script_breakpoints 000000018002adc0 f   sfc_debug:sfcdebug.obj
 0001:00029e30       sf_debug_clear_script_breakpoints 000000018002ae30 f   sfc_debug:sfcdebug.obj
 0001:00029ea0       sf_debug_query_script_breakpoints 000000018002aea0 f   sfc_debug:sfcdebug.obj
 0001:00029f60       sf_debug_get_eml_script_id 000000018002af60 f   sfc_debug:sfcdebug.obj
 0001:0002a020       sf_debug_set_watch         000000018002b020 f   sfc_debug:sfcdebug.obj
 0001:0002a240       sf_debug_get_coverage      000000018002b240 f   sfc_debug:sfcdebug.obj
 0001:0002a250       sf_debug_get_instance_handle 000000018002b250 f   sfc_debug:sfcdebug.obj
 0001:0002a2e0       sf_debug_get_active_states 000000018002b2e0 f   sfc_debug:sfcdebug.obj
 0001:0002a2f0       sf_debug_get_animation     000000018002b2f0 f   sfc_debug:sfcdebug.obj
 0001:0002a300       sf_debug_set_animation     000000018002b300 f   sfc_debug:sfcdebug.obj
 0001:0002a310       sf_debug_animate           000000018002b310 f   sfc_debug:sfcdebug.obj
 0001:0002a340       sf_debug_cycle_detection_check 000000018002b340 f   sfc_debug:sfcdebug.obj
 0001:0002a350       sf_debug_data_range_check  000000018002b350 f   sfc_debug:sfcdebug.obj
 0001:0002a360       sf_debug_transition_conflict_check 000000018002b360 f   sfc_debug:sfcdebug.obj
 0001:0002a370       sf_debug_state_consistency_check 000000018002b370 f   sfc_debug:sfcdebug.obj
 0001:0002a380       sf_debug_data_range_check_enabled 000000018002b380 f   sfc_debug:sfcdebug.obj
 0001:0002a3a0       sf_debug_transition_conflict_check_enabled 000000018002b3a0 f   sfc_debug:sfcdebug.obj
 0001:0002a3c0       sf_debug_transition_conflict_check_begin 000000018002b3c0 f   sfc_debug:sfcdebug.obj
 0001:0002a3e0       sf_debug_transition_conflict_check_end 000000018002b3e0 f   sfc_debug:sfcdebug.obj
 0001:0002a400       sf_debug_stop_debugging    000000018002b400 f   sfc_debug:sfcdebug.obj
 0001:0002a430       sf_debug_is_cycle_detected 000000018002b430 f   sfc_debug:sfcdebug.obj
 0001:0002a440       sf_debug_is_array_bounds_detected 000000018002b440 f   sfc_debug:sfcdebug.obj
 0001:0002a450       sf_debug_get_state_vectors_data_size 000000018002b450 f   sfc_debug:sfcdebug.obj
 0001:0002a490       sf_debug_get_state_vectors_data 000000018002b490 f   sfc_debug:sfcdebug.obj
 0001:0002a5a0       sf_debug_set_state_vectors_data 000000018002b5a0 f   sfc_debug:sfcdebug.obj
 0001:0002a880       sf_debug_get_script_index  000000018002b880 f   sfc_debug:sfcdebug.obj
 0001:0002aa00       sf_debug_add_script        000000018002ba00 f   sfc_debug:sfcdebug.obj
 0001:0002abe0       cv_eval_point              000000018002bbe0 f   sfc_debug:sfcdebug.obj
 0001:0002ad50       sf_debug_cv_init_state     000000018002bd50 f   sfc_debug:sfcdebug.obj
 0001:0002ae70       sf_debug_cv_init_chart     000000018002be70 f   sfc_debug:sfcdebug.obj
 0001:0002af50       sf_debug_cv_init_trans     000000018002bf50 f   sfc_debug:sfcdebug.obj
 0001:0002b0c0       cv_eml_init_script         000000018002c0c0 f   sfc_debug:sfcdebug.obj
 0001:0002b1f0       cv_eml_init_fcn            000000018002c1f0 f   sfc_debug:sfcdebug.obj
 0001:0002b2f0       cv_eml_init_testobjective  000000018002c2f0 f   sfc_debug:sfcdebug.obj
 0001:0002b3f0       cv_eml_init_if             000000018002c3f0 f   sfc_debug:sfcdebug.obj
 0001:0002b4f0       cv_eml_init_for            000000018002c4f0 f   sfc_debug:sfcdebug.obj
 0001:0002b5e0       cv_eml_init_while          000000018002c5e0 f   sfc_debug:sfcdebug.obj
 0001:0002b6d0       cv_eml_init_mcdc           000000018002c6d0 f   sfc_debug:sfcdebug.obj
 0001:0002b810       cv_eml_init_switch         000000018002c810 f   sfc_debug:sfcdebug.obj
 0001:0002b930       cv_eml_eval                000000018002c930 f   sfc_debug:sfcdebug.obj
 0001:0002ba30       sf_debug_bm_is_a_eml_breakpoint 000000018002ca30 f   sfc_debug:sfcdebug.obj
 0001:0002bc20       sf_debug_temporal_threshold 000000018002cc20 f   sfc_debug:sfcdebug.obj
 0001:0002bfc0       sf_debug_transition_conflict_error 000000018002cfc0 f   sfc_debug:sfcdebug.obj
 0001:0002c320       sf_debug_state_inconsistency_error 000000018002d320 f   sfc_debug:sfcdebug.obj
 0001:0002c430       sf_debug_check_for_state_inconsistency 000000018002d430 f   sfc_debug:sfcdebug.obj
 0001:0002c460       sf_debug_cycle_detecton_error 000000018002d460 f   sfc_debug:sfcdebug.obj
 0001:0002cc00       sf_debug_size_eq_check_1d  000000018002dc00 f   sfc_debug:sfcdebug.obj
 0001:0002cc20       sf_debug_size_eq_check_nd  000000018002dc20 f   sfc_debug:sfcdebug.obj
 0001:0002ce10       sf_debug_dim_size_eq_check 000000018002de10 f   sfc_debug:sfcdebug.obj
 0001:0002ce40       sf_debug_dim_size_geq_check 000000018002de40 f   sfc_debug:sfcdebug.obj
 0001:0002ce70       sf_debug_sub_assign_size_check_nd 000000018002de70 f   sfc_debug:sfcdebug.obj
 0001:0002d0c0       sf_debug_matrix_matrix_index_check 000000018002e0c0 f   sfc_debug:sfcdebug.obj
 0001:0002d0f0       sf_debug_vector_vector_index_check 000000018002e0f0 f   sfc_debug:sfcdebug.obj
 0001:0002d120       sf_debug_data_array_bounds_error_check 000000018002e120 f   sfc_debug:sfcdebug.obj
 0001:0002d230       sf_debug_eml_data_array_bounds_error_check 000000018002e230 f   sfc_debug:sfcdebug.obj
 0001:0002d6f0       sf_debug_integer_check     000000018002e6f0 f   sfc_debug:sfcdebug.obj
 0001:0002d7c0       sf_debug_not_nan_check     000000018002e7c0 f   sfc_debug:sfcdebug.obj
 0001:0002d880       sf_debug_non_negative_check 000000018002e880 f   sfc_debug:sfcdebug.obj
 0001:0002d940       sf_debug_overflow_detection 000000018002e940 f   sfc_debug:sfcdebug.obj
 0001:0002e000       sf_debug_cast_to_real32_T  000000018002f000 f   sfc_debug:sfcdebug.obj
 0001:0002e0c0       sf_debug_cast_to_int8_T    000000018002f0c0 f   sfc_debug:sfcdebug.obj
 0001:0002e180       sf_debug_cast_to_uint8_T   000000018002f180 f   sfc_debug:sfcdebug.obj
 0001:0002e240       sf_debug_cast_to_int16_T   000000018002f240 f   sfc_debug:sfcdebug.obj
 0001:0002e300       sf_debug_cast_to_uint16_T  000000018002f300 f   sfc_debug:sfcdebug.obj
 0001:0002e3c0       sf_debug_cast_to_int32_T   000000018002f3c0 f   sfc_debug:sfcdebug.obj
 0001:0002e470       sf_debug_cast_to_uint32_T  000000018002f470 f   sfc_debug:sfcdebug.obj
 0001:0002e530       sf_debug_data_range_error  000000018002f530 f   sfc_debug:sfcdebug.obj
 0001:0002e990       sf_debug_data_range_error_wrapper_min_max 000000018002f990 f   sfc_debug:sfcdebug.obj
 0001:0002ea80       sf_debug_data_range_error_wrapper_min 000000018002fa80 f   sfc_debug:sfcdebug.obj
 0001:0002eb60       sf_debug_data_range_error_wrapper_max 000000018002fb60 f   sfc_debug:sfcdebug.obj
 0001:0002ec40       sf_debug_data_range_wrapper 000000018002fc40 f   sfc_debug:sfcdebug.obj
 0001:0002ecf0       sf_debug_set_current_status_info 000000018002fcf0 f   sfc_debug:sfcdebug.obj
 0001:0002f1c0       sf_debug_call              00000001800301c0 f   sfc_debug:sfcdebug.obj
 0001:00030070       sf_debug_initialize_machine 0000000180031070 f   sfc_debug:sfcdebug.obj
 0001:000304f0       sf_debug_initialize_chart  00000001800314f0 f   sfc_debug:sfcdebug.obj
 0001:000309d0       sf_debug_ensure_script     00000001800319d0 f   sfc_debug:sfcdebug.obj
 0001:00030b40       cv_script_init_script      0000000180031b40 f   sfc_debug:sfcdebug.obj
 0001:00030cc0       cv_script_init_fcn         0000000180031cc0 f   sfc_debug:sfcdebug.obj
 0001:00030e10       cv_script_init_testobjective 0000000180031e10 f   sfc_debug:sfcdebug.obj
 0001:00030f60       cv_script_init_if          0000000180031f60 f   sfc_debug:sfcdebug.obj
 0001:000310b0       cv_script_init_for         00000001800320b0 f   sfc_debug:sfcdebug.obj
 0001:00031200       cv_script_init_while       0000000180032200 f   sfc_debug:sfcdebug.obj
 0001:00031350       cv_script_init_mcdc        0000000180032350 f   sfc_debug:sfcdebug.obj
 0001:000314f0       cv_script_init_switch      00000001800324f0 f   sfc_debug:sfcdebug.obj
 0001:00031660       cv_script_eval             0000000180032660 f   sfc_debug:sfcdebug.obj
 0001:000317c0       eml_debug_line_call        00000001800327c0 f   sfc_debug:sfcdebug.obj
 0001:00031970       sf_debug_terminate         0000000180032970 f   sfc_debug:sfcdebug.obj
 0001:00031bb0       sf_debug_set_script_cv_ids 0000000180032bb0 f   sfc_debug:sfcdebug.obj
 0001:00031d80       sf_debug_api               0000000180032d80 f   sfc_debug:sfc_api.obj
 0001:00033620       sf_debug_sm_terminate      0000000180034620 f   sfc_debug:sfdb_animation.obj
 0001:000337e0       sf_debug_reset_path_objects 00000001800347e0 f   sfc_debug:sfdb_animation.obj
 0001:00033860       sf_debug_sm_reset_object_selection_status 0000000180034860 f   sfc_debug:sfdb_animation.obj
 0001:00033900       sf_debug_sm_reset_state_buffer 0000000180034900 f   sfc_debug:sfdb_animation.obj
 0001:000339e0       sf_debug_sm_store_state_buffer 00000001800349e0 f   sfc_debug:sfdb_animation.obj
 0001:00033a60       sf_debug_sm_restore_state_buffer1 0000000180034a60 f   sfc_debug:sfdb_animation.obj
 0001:00033ad0       sf_debug_sm_restore_state_buffer2 0000000180034ad0 f   sfc_debug:sfdb_animation.obj
 0001:00033b40       sf_debug_sm_chart_active   0000000180034b40 f   sfc_debug:sfdb_animation.obj
 0001:00033b90       sf_debug_sm_select_active_objects 0000000180034b90 f   sfc_debug:sfdb_animation.obj
 0001:00034020       sf_debug_sm_is_chart_active 0000000180035020 f   sfc_debug:sfdb_animation.obj
 0001:00034060       sf_debug_sm_is_state_active 0000000180035060 f   sfc_debug:sfdb_animation.obj
 0001:000342a0       sf_debug_sm_get_active_states 00000001800352a0 f   sfc_debug:sfdb_animation.obj
 0001:00034850       sf_debug_sm_initialize_instance 0000000180035850 f   sfc_debug:sfdb_animation.obj
 0001:00034b00       sf_debug_sm_change_object_selection_status 0000000180035b00 f   sfc_debug:sfdb_animation.obj
 0001:00034df0       cv_create_interface        0000000180035df0 f   sfc_debug:cv_sfinterface.obj
 0001:00035140       cv_init_trans              0000000180036140 f   sfc_debug:cv_sfinterface.obj
 0001:00035190       cv_init_state              0000000180036190 f   sfc_debug:cv_sfinterface.obj
 0001:00035200       cv_init_chart              0000000180036200 f   sfc_debug:cv_sfinterface.obj
 0001:00035250       cv_dec_update_call         0000000180036250 f   sfc_debug:cv_sfinterface.obj
 0001:00035290       cv_cond_update_call        0000000180036290 f   sfc_debug:cv_sfinterface.obj
 0001:000352d0       cv_sigrange_update         00000001800362d0 f   sfc_debug:cv_sfinterface.obj
 0001:00035310       cvsf_eml_eval              0000000180036310 f   sfc_debug:cv_sfinterface.obj
 0001:000353f0       cvsf_eml_init_script       00000001800363f0 f   sfc_debug:cv_sfinterface.obj
 0001:00035470       cvsf_eml_init_fcn          0000000180036470 f   sfc_debug:cv_sfinterface.obj
 0001:000354d0       cvsf_eml_init_testobjective 00000001800364d0 f   sfc_debug:cv_sfinterface.obj
 0001:00035530       cvsf_eml_init_if           0000000180036530 f   sfc_debug:cv_sfinterface.obj
 0001:00035590       cvsf_eml_init_for          0000000180036590 f   sfc_debug:cv_sfinterface.obj
 0001:000355e0       cvsf_eml_init_while        00000001800365e0 f   sfc_debug:cv_sfinterface.obj
 0001:00035630       cvsf_eml_init_mcdc         0000000180036630 f   sfc_debug:cv_sfinterface.obj
 0001:000356c0       cvsf_eml_init_switch       00000001800366c0 f   sfc_debug:cv_sfinterface.obj
 0001:00035730       cvsf_script_eval           0000000180036730 f   sfc_debug:cv_sfinterface.obj
 0001:00035810       cvsf_script_init_script    0000000180036810 f   sfc_debug:cv_sfinterface.obj
 0001:00035890       cvsf_script_init_fcn       0000000180036890 f   sfc_debug:cv_sfinterface.obj
 0001:000358f0       cvsf_script_init_testobjective 00000001800368f0 f   sfc_debug:cv_sfinterface.obj
 0001:00035950       cvsf_script_init_if        0000000180036950 f   sfc_debug:cv_sfinterface.obj
 0001:000359b0       cvsf_script_init_for       00000001800369b0 f   sfc_debug:cv_sfinterface.obj
 0001:00035a00       cvsf_script_init_while     0000000180036a00 f   sfc_debug:cv_sfinterface.obj
 0001:00035a50       cvsf_script_init_mcdc      0000000180036a50 f   sfc_debug:cv_sfinterface.obj
 0001:00035ae0       cvsf_script_init_switch    0000000180036ae0 f   sfc_debug:cv_sfinterface.obj
 0001:00035b50       cv_destroy_interface       0000000180036b50 f   sfc_debug:cv_sfinterface.obj
 0001:00035b70       cv_create_instance_objects 0000000180036b70 f   sfc_debug:cv_sfinterface.obj
 0001:00036020       cv_is_enabled              0000000180037020 f   sfc_debug:cv_sfinterface.obj
 0001:00036030       sf_debug_cv_initialize_script 0000000180037030 f   sfc_debug:cv_sfinterface.obj
 0001:000361d0       sf_debug_cv_initialize_instance 00000001800371d0 f   sfc_debug:cv_sfinterface.obj
 0001:00036560       sf_debug_cv_terminate_chart 0000000180037560 f   sfc_debug:cv_sfinterface.obj
 0001:000366a0       cv_call_trans_test         00000001800376a0 f   sfc_debug:cv_sfinterface.obj
 0001:000366b0       cv_call_sub_cond_test      00000001800376b0 f   sfc_debug:cv_sfinterface.obj
 0001:000367e0       sf_debug_hm_initialize_instance 00000001800377e0 f   sfc_debug:sfdb_handle_management.obj
 0001:00036e00       sf_debug_hm_get_object_id  0000000180037e00 f   sfc_debug:sfdb_handle_management.obj
 0001:00038d10       sf_debug_object_is_eml_function 0000000180039d10 f   sfc_debug:sfdb_handle_management.obj
 0001:00038d80       sf_debug_hm_initialize_ids_in_machine 0000000180039d80 f   sfc_debug:sfdb_handle_management.obj
 0001:00038ef0       sf_debug_hm_initialize_ids_in_chart 0000000180039ef0 f   sfc_debug:sfdb_handle_management.obj
 0001:00039030       sf_debug_hm_initialize_chart 000000018003a030 f   sfc_debug:sfdb_handle_management.obj
 0001:000398e0       sf_debug_hm_terminate      000000018003a8e0 f   sfc_debug:sfdb_handle_management.obj
 0001:00039940       sf_debug_hm_initialize_machine 000000018003a940 f   sfc_debug:sfdb_handle_management.obj
 0001:0003a1f0       sf_debug_st_initialize_machine 000000018003b1f0 f   sfc_debug:sfdb_data_browse.obj
 0001:0003a2b0       sf_debug_st_initialize_instance 000000018003b2b0 f   sfc_debug:sfdb_data_browse.obj
 0001:0003a6c0       sf_debug_st_terminate      000000018003b6c0 f   sfc_debug:sfdb_data_browse.obj
 0001:0003aa70       sf_debug_st_set_data_value_ptr_in_machine 000000018003ba70 f   sfc_debug:sfdb_data_browse.obj
 0001:0003ab00       sf_debug_st_set_data_value_ptr_in_instance 000000018003bb00 f   sfc_debug:sfdb_data_browse.obj
 0001:0003abe0       sf_debug_st_unset_data_value_ptr_in_machine 000000018003bbe0 f   sfc_debug:sfdb_data_browse.obj
 0001:0003ac50       sf_debug_st_unset_data_value_ptr_in_instance 000000018003bc50 f   sfc_debug:sfdb_data_browse.obj
 0001:0003af10       sf_debug_mx_value          000000018003bf10 f   sfc_debug:sfdb_data_browse.obj
 0001:0003af70       sf_debug_mx_packed_vector  000000018003bf70 f   sfc_debug:sfdb_data_browse.obj
 0001:0003b050       sf_debug_mx_uint_vector    000000018003c050 f   sfc_debug:sfdb_data_browse.obj
 0001:0003b100       sf_debug_st_get_double_value_from_void_ptr_vector 000000018003c100 f   sfc_debug:sfdb_data_browse.obj
 0001:0003bc60       sf_debug_st_browse_data    000000018003cc60 f   sfc_debug:sfdb_data_browse.obj
 0001:0003c400       sf_debug_ss_initialize     000000018003d400 f   sfc_debug:sfdb_symbol_scope.obj
 0001:0003c420       sf_debug_ss_terminate      000000018003d420 f   sfc_debug:sfdb_symbol_scope.obj
 0001:0003c4b0       sf_debug_ss_push_symbol_scope 000000018003d4b0 f   sfc_debug:sfdb_symbol_scope.obj
 0001:0003c5b0       sf_debug_ss_push_symbol_scope_eml 000000018003d5b0 f   sfc_debug:sfdb_symbol_scope.obj
 0001:0003c610       sf_debug_ss_pop_symbol_scope 000000018003d610 f   sfc_debug:sfdb_symbol_scope.obj
 0001:0003c6c0       sf_debug_ss_add_symbol     000000018003d6c0 f   sfc_debug:sfdb_symbol_scope.obj
 0001:0003c810       sf_debug_ss_add_symbol_eml 000000018003d810 f   sfc_debug:sfdb_symbol_scope.obj
 0001:0003d870       sf_debug_ss_watch_data     000000018003e870 f   sfc_debug:sfdb_symbol_scope.obj
 0001:0003e2a0       get_data_entry_name        000000018003f2a0 f   sfc_debug:sfdb_symbol_scope.obj
 0001:0003e2f0       sf_debug_ss_whos           000000018003f2f0 f   sfc_debug:sfdb_symbol_scope.obj
 0001:0003eb90       sf_debug_cc_initialize_chart 000000018003fb90 f   sfc_debug:sfdb_coverage.obj
 0001:0003f580       sf_debug_cc_initialize_instance 0000000180040580 f   sfc_debug:sfdb_coverage.obj
 0001:00040380       sf_debug_cc_terminate      0000000180041380 f   sfc_debug:sfdb_coverage.obj
 0001:00040470       sf_debug_cc_set_transition_maps 0000000180041470 f   sfc_debug:sfdb_coverage.obj
 0001:000405a0       sf_debug_cc_set_state_maps 00000001800415a0 f   sfc_debug:sfdb_coverage.obj
 0001:00040680       sf_debug_cc_set_transition_weights 0000000180041680 f   sfc_debug:sfdb_coverage.obj
 0001:00040950       sf_debug_cc_set_state_weights 0000000180041950 f   sfc_debug:sfdb_coverage.obj
 0001:00040c30       sf_debug_cc_mark_transition_guard 0000000180041c30 f   sfc_debug:sfdb_coverage.obj
 0001:00040d50       sf_debug_cc_mark_transition_trigger 0000000180041d50 f   sfc_debug:sfdb_coverage.obj
 0001:00040e70       sf_debug_cc_mark_transition_decision 0000000180041e70 f   sfc_debug:sfdb_coverage.obj
 0001:00040ee0       sf_debug_cc_mark_transition_condition_action 0000000180041ee0 f   sfc_debug:sfdb_coverage.obj
 0001:00040fb0       sf_debug_cc_mark_transition_transition_action 0000000180041fb0 f   sfc_debug:sfdb_coverage.obj
 0001:00041080       sf_debug_cc_mark_state_entry 0000000180042080 f   sfc_debug:sfdb_coverage.obj
 0001:00041150       sf_debug_cc_mark_state_during 0000000180042150 f   sfc_debug:sfdb_coverage.obj
 0001:00041220       sf_debug_cc_mark_state_exit 0000000180042220 f   sfc_debug:sfdb_coverage.obj
 0001:00041ae0       sf_debug_cc_get_coverage   0000000180042ae0 f   sfc_debug:sfdb_coverage.obj
 0001:00042070       sf_debug_bm_clear_script_breakpoints 0000000180043070 f   sfc_debug:sfdb_breakpoints.obj
 0001:000420a0       sf_debug_bm_set_script_breakpoint 00000001800430a0 f   sfc_debug:sfdb_breakpoints.obj
 0001:00042120       sf_debug_bm_clear_single_script_breakpoint 0000000180043120 f   sfc_debug:sfdb_breakpoints.obj
 0001:000421a0       sf_debug_bm_query_script_breakpoint 00000001800431a0 f   sfc_debug:sfdb_breakpoints.obj
 0001:000421f0       sf_debug_bm_initialize_scripts 00000001800431f0 f   sfc_debug:sfdb_breakpoints.obj
 0001:00042910       sf_debug_bm_terminate      0000000180043910 f   sfc_debug:sfdb_breakpoints.obj
 0001:00042c10       sf_debug_bm_remove_all_breakpoints_in_machine 0000000180043c10 f   sfc_debug:sfdb_breakpoints.obj
 0001:00042c80       sf_debug_bm_remove_all_breakpoints_in_chart 0000000180043c80 f   sfc_debug:sfdb_breakpoints.obj
 0001:00042dd0       sf_debug_bm_initialize_global_breakpoints 0000000180043dd0 f   sfc_debug:sfdb_breakpoints.obj
 0001:00042f50       sf_debug_bm_set_breakpoint 0000000180043f50 f   sfc_debug:sfdb_breakpoints.obj
 0001:00043550       sf_debug_bm_set_eml_breakpoint 0000000180044550 f   sfc_debug:sfdb_breakpoints.obj
 0001:000435f0       sf_debug_bm_initialize_machine_breakpoint_map 00000001800445f0 f   sfc_debug:sfdb_breakpoints.obj
 0001:00043ae0       sf_debug_bm_is_a_breakpoint 0000000180044ae0 f   sfc_debug:sfdb_breakpoints.obj
 0001:00044000       sf_debug_bm_get_all_breakpoints_in_machine 0000000180045000 f   sfc_debug:sfdb_breakpoints.obj
 0001:00044300       sf_debug_bm_get_all_breakpoints_in_chart 0000000180045300 f   sfc_debug:sfdb_breakpoints.obj
 0001:00044fb0       sf_debug_bm_initialize_machine 0000000180045fb0 f   sfc_debug:sfdb_breakpoints.obj
 0001:00045080       sf_debug_bm_initialize_chart 0000000180046080 f   sfc_debug:sfdb_breakpoints.obj
 0001:000455c0       sf_debug_sc_terminate      00000001800465c0 f   sfc_debug:sfdb_state_consistency.obj
 0001:000458f0       sf_debug_sc_is_chart_consistent 00000001800468f0 f   sfc_debug:sfdb_state_consistency.obj
 0001:00045b90       sf_debug_sc_get_consistency_error_info 0000000180046b90 f   sfc_debug:sfdb_state_consistency.obj
 0001:00045fc0       sf_debug_tm_terminate      0000000180046fc0 f   sfc_debug:sfdb_call_stack.obj
 0001:00046080       sf_debug_tm_push_chart_instance 0000000180047080 f   sfc_debug:sfdb_call_stack.obj
 0001:000461e0       sf_debug_tm_pop_chart_instance 00000001800471e0 f   sfc_debug:sfdb_call_stack.obj
 0001:00046240       sf_debug_tm_push_trace_node 0000000180047240 f   sfc_debug:sfdb_call_stack.obj
 0001:000463d0       sf_debug_tm_pop_trace_node 00000001800473d0 f   sfc_debug:sfdb_call_stack.obj
 0001:00046450       sf_debug_tm_get_current_global_trace_index 0000000180047450 f   sfc_debug:sfdb_call_stack.obj
 0001:00046460       sf_debug_tm_get_current_local_trace_index 0000000180047460 f   sfc_debug:sfdb_call_stack.obj
 0001:00046490       sf_debug_tm_set_cycle_detected_flag 0000000180047490 f   sfc_debug:sfdb_call_stack.obj
 0001:000464d0       sf_debug_tm_set_cycle_started_flag 00000001800474d0 f   sfc_debug:sfdb_call_stack.obj
 0001:00046510       sf_debug_tm_get_chart_number_from_stack 0000000180047510 f   sfc_debug:sfdb_call_stack.obj
 0001:000466f0       sf_debug_tm_browse_trace   00000001800476f0 f   sfc_debug:sfdb_call_stack.obj
 0001:00046a20       sf_debug_cd_initialize_instance 0000000180047a20 f   sfc_debug:sfdb_cycle_detection.obj
 0001:00046cd0       sf_debug_cd_mark_processed_transition_in_instance 0000000180047cd0 f   sfc_debug:sfdb_cycle_detection.obj
 0001:00046d70       sf_debug_cd_checksum_push  0000000180047d70 f   sfc_debug:sfdb_cycle_detection.obj
 0001:00047030       sf_debug_cd_checksum_pop   0000000180048030 f   sfc_debug:sfdb_cycle_detection.obj
 0001:000470a0       sf_debug_cd_turn_off_cycle_detection 00000001800480a0 f   sfc_debug:sfdb_cycle_detection.obj
 0001:000470f0       sf_debug_cd_terminate      00000001800480f0 f   sfc_debug:sfdb_cycle_detection.obj
 0001:00047330       md5_initialize_state       0000000180048330 f   sfc_debug:ckmd5.obj
 0001:00047eb0       md5_update_state           0000000180048eb0 f   sfc_debug:ckmd5.obj
 0001:00047f90       md5_get_hash               0000000180048f90 f   sfc_debug:ckmd5.obj
 0001:00047fc0       md5_get_hash_for_a_single_string 0000000180048fc0 f   sfc_debug:ckmd5.obj
 0001:0004811a       mxGetPr                    000000018004911a f   libmx:libmx.dll
 0001:00048120       mxCreateDoubleScalar       0000000180049120 f   libmx:libmx.dll
 0001:00048126       mxSetField_730             0000000180049126 f   libmx:libmx.dll
 0001:0004812c       mxCreateDoubleMatrix_730   000000018004912c f   libmx:libmx.dll
 0001:00048132       mxCreateStructMatrix_730   0000000180049132 f   libmx:libmx.dll
 0001:00048138       mxDestroyArray             0000000180049138 f   libmx:libmx.dll
 0001:0004813e       mxCreateString             000000018004913e f   libmx:libmx.dll
 0001:00048144       mxDuplicateArray           0000000180049144 f   libmx:libmx.dll
 0001:0004814a       mxGetString_730            000000018004914a f   libmx:libmx.dll
 0001:00048150       mxIsChar                   0000000180049150 f   libmx:libmx.dll
 0001:00048156       mxGetClassID               0000000180049156 f   libmx:libmx.dll
 0001:0004815c       mxIsNumeric                000000018004915c f   libmx:libmx.dll
 0001:00048162       mxIsComplex                0000000180049162 f   libmx:libmx.dll
 0001:00048168       mxGetN                     0000000180049168 f   libmx:libmx.dll
 0001:0004816e       mxGetM                     000000018004916e f   libmx:libmx.dll
 0001:00048174       mxCalloc                   0000000180049174 f   libmx:libmx.dll
 0001:0004817a       mxGetScalar                000000018004917a f   libmx:libmx.dll
 0001:00048180       mxIsLogical                0000000180049180 f   libmx:libmx.dll
 0001:00048186       mxCreateDoubleMatrix_700   0000000180049186 f   libmx:libmx.dll
 0001:0004818c       mxFree                     000000018004918c f   libmx:libmx.dll
 0001:00048192       mxArrayToString            0000000180049192 f   libmx:libmx.dll
 0001:00048198       mxCreateCellMatrix_700     0000000180049198 f   libmx:libmx.dll
 0001:0004819e       mxSetCell_700              000000018004919e f   libmx:libmx.dll
 0001:000481a4       mxGetCell_700              00000001800491a4 f   libmx:libmx.dll
 0001:000481aa       mxGetClassName             00000001800491aa f   libmx:libmx.dll
 0001:000481b0       mxSetField_700             00000001800491b0 f   libmx:libmx.dll
 0001:000481b6       mxAddField                 00000001800491b6 f   libmx:libmx.dll
 0001:000481bc       mxGetField_700             00000001800491bc f   libmx:libmx.dll
 0001:000481c2       mxGetNumberOfElements      00000001800491c2 f   libmx:libmx.dll
 0001:000481c8       mxIsStruct                 00000001800491c8 f   libmx:libmx.dll
 0001:000481ce       mxIsClass                  00000001800491ce f   libmx:libmx.dll
 0001:000481d4       mxGetLogicals              00000001800491d4 f   libmx:libmx.dll
 0001:000481da       mxIsSparse                 00000001800491da f   libmx:libmx.dll
 0001:000481e0       mxSetFieldByNumber_700     00000001800491e0 f   libmx:libmx.dll
 0001:000481e6       mxGetFieldByNumber_700     00000001800491e6 f   libmx:libmx.dll
 0001:000481ec       mxGetFieldNameByNumber     00000001800491ec f   libmx:libmx.dll
 0001:000481f2       mxGetNumberOfFields        00000001800491f2 f   libmx:libmx.dll
 0001:000481f8       mxCreateStructMatrix_700   00000001800491f8 f   libmx:libmx.dll
 0001:000481fe       mxGetFieldNumber           00000001800491fe f   libmx:libmx.dll
 0001:00048204       mxIsNaN                    0000000180049204 f   libmx:libmx.dll
 0001:0004820a       mxIsEmpty                  000000018004920a f   libmx:libmx.dll
 0001:00048210       mxGetData                  0000000180049210 f   libmx:libmx.dll
 0001:00048216       mxGetImagData              0000000180049216 f   libmx:libmx.dll
 0001:0004821c       mxArrayClassIDName         000000018004921c f   libmx:libmx.dll
 0001:00048222       mxCreateNumericMatrix_700  0000000180049222 f   libmx:libmx.dll
 0001:00048228       mxCreateStructArray_700    0000000180049228 f   libmx:libmx.dll
 0001:0004822e       mxCalcSingleSubscript_700  000000018004922e f   libmx:libmx.dll
 0001:00048234       mxGetDimensions_700        0000000180049234 f   libmx:libmx.dll
 0001:0004823a       mxGetNumberOfDimensions_700 000000018004923a f   libmx:libmx.dll
 0001:00048240       mxCreateNumericArray_700   0000000180049240 f   libmx:libmx.dll
 0001:00048246       mxGetElementSize           0000000180049246 f   libmx:libmx.dll
 0001:0004824c       mxCreateStringFromNChars_700 000000018004924c f   libmx:libmx.dll
 0001:00048252       mxGetString_700            0000000180049252 f   libmx:libmx.dll
 0001:00048258       mxIsLogicalScalarTrue      0000000180049258 f   libmx:libmx.dll
 0001:0004825e       mxCreateLogicalScalar      000000018004925e f   libmx:libmx.dll
 0001:00048264       mexUnlock                  0000000180049264 f   libmex:libmex.dll
 0001:0004826a       mexIsLocked                000000018004926a f   libmex:libmex.dll
 0001:00048270       mexWarnMsgTxt              0000000180049270 f   libmex:libmex.dll
 0001:00048276       mexCallMATLAB              0000000180049276 f   libmex:libmex.dll
 0001:0004827c       mexErrMsgTxt               000000018004927c f   libmex:libmex.dll
 0001:00048282       mexSetTrapFlag             0000000180049282 f   libmex:libmex.dll
 0001:00048288       mexMakeArrayPersistent     0000000180049288 f   libmex:libmex.dll
 0001:0004828e       mexPutVariable             000000018004928e f   libmex:libmex.dll
 0001:00048294       mexGetVariable             0000000180049294 f   libmex:libmex.dll
 0001:0004829a       mexLock                    000000018004929a f   libmex:libmex.dll
 0001:000482a0       mexMakeMemoryPersistent    00000001800492a0 f   libmex:libmex.dll
 0001:000482a6       mexFunctionName            00000001800492a6 f   libmex:libmex.dll
 0001:000482ac       ssRegisterDataTypeFxpFSlopeFixExpBias 00000001800492ac f   libfixedpoint:libfixedpoint.dll
 0001:000482b2       utVSNprintf                00000001800492b2 f   libut:libut.dll
 0001:000482b8       utCPUtime                  00000001800492b8 f   libut:libut.dll
 0001:000482be       utFree                     00000001800492be f   libut:libut.dll
 0001:000482c4       utMalloc                   00000001800492c4 f   libut:libut.dll
 0001:000482ca       muDoubleScalarAtan         00000001800492ca f   libmwmathutil:libmwmathutil.dll
 0001:000482d0       muDoubleScalarSin          00000001800492d0 f   libmwmathutil:libmwmathutil.dll
 0001:000482d6       muDoubleScalarCos          00000001800492d6 f   libmwmathutil:libmwmathutil.dll
 0001:000482dc       muDoubleScalarPower        00000001800492dc f   libmwmathutil:libmwmathutil.dll
 0001:000482e2       muDoubleScalarFloor        00000001800492e2 f   libmwmathutil:libmwmathutil.dll
 0001:000482e8       emlrtCheckBuiltInR2009a    00000001800492e8 f   libemlrt:libemlrt.dll
 0001:000482ee       emlrtCheckVsBuiltInR2009a  00000001800492ee f   libemlrt:libemlrt.dll
 0001:000482f4       emlrtCheckEnumR2009a       00000001800492f4 f   libemlrt:libemlrt.dll
 0001:000482fa       emlrtCreateEnumR2010a      00000001800492fa f   libemlrt:libemlrt.dll
 0001:00048300       emlrtGetEnumElementR2009a  0000000180049300 f   libemlrt:libemlrt.dll
 0001:00048306       emlrtImportVsFiArrayR2009b 0000000180049306 f   libemlrt:libemlrt.dll
 0001:0004830c       emlrtGetEnumUnderlyingArrayR2009a 000000018004930c f   libemlrt:libemlrt.dll
 0001:00048312       emlrtIsEnumR2009a          0000000180049312 f   libemlrt:libemlrt.dll
 0001:00048318       ddot32                     0000000180049318 f   libmwblascompat32:libmwblascompat32.dll
 0001:00048320       __GSHandlerCheckCommon     0000000180049320 f   MSVCRT:gshandler.obj
 0001:00048384       __GSHandlerCheck           0000000180049384 f   MSVCRT:gshandler.obj
 0001:000483a2       strlen                     00000001800493a2 f   MSVCRT:MSVCR100.dll
 0001:000483c0       __security_check_cookie    00000001800493c0 f   MSVCRT:amdsecgs.obj
 0001:000483e0       memset                     00000001800493e0 f   MSVCRT:MSVCR100.dll
 0001:000483e6       malloc                     00000001800493e6 f   MSVCRT:MSVCR100.dll
 0001:00048400       _alloca_probe              0000000180049400     MSVCRT:chkstk.obj
 0001:00048400       __chkstk                   0000000180049400 f   MSVCRT:chkstk.obj
 0001:0004844e       free                       000000018004944e f   MSVCRT:MSVCR100.dll
 0001:00048454       strcmp                     0000000180049454 f   MSVCRT:MSVCR100.dll
 0001:0004845a       sprintf                    000000018004945a f   MSVCRT:MSVCR100.dll
 0001:00048460       strcat                     0000000180049460 f   MSVCRT:MSVCR100.dll
 0001:00048466       memcpy                     0000000180049466 f   MSVCRT:MSVCR100.dll
 0001:0004846c       NtCurrentTeb               000000018004946c f i MSVCRT:crtdll.obj
 0001:000484d8       _CRT_INIT                  00000001800494d8 f   MSVCRT:crtdll.obj
 0001:00048870       _DllMainCRTStartup         0000000180049870 f   MSVCRT:crtdll.obj
 0001:000488ae       strncpy                    00000001800498ae f   MSVCRT:MSVCR100.dll
 0001:000488b4       longjmp                    00000001800498b4 f   MSVCRT:MSVCR100.dll
 0001:000488ba       strncmp                    00000001800498ba f   MSVCRT:MSVCR100.dll
 0001:000488c0       ceil                       00000001800498c0 f   MSVCRT:MSVCR100.dll
 0001:000488c6       strrchr                    00000001800498c6 f   MSVCRT:MSVCR100.dll
 0001:000488cc       _setjmp                    00000001800498cc f   MSVCRT:MSVCR100.dll
 0001:000488d2       calloc                     00000001800498d2 f   MSVCRT:MSVCR100.dll
 0001:000488d8       realloc                    00000001800498d8 f   MSVCRT:MSVCR100.dll
 0001:000488de       ldexp                      00000001800498de f   MSVCRT:MSVCR100.dll
 0001:000488e4       __report_gsfailure         00000001800498e4 f   MSVCRT:gs_report.obj
 0001:00048a30       __clean_type_info_names    0000000180049a30 f   MSVCRT:tncleanup.obj
 0001:00048a3c       _onexit                    0000000180049a3c f   MSVCRT:atonexit.obj
 0001:00048aec       atexit                     0000000180049aec f   MSVCRT:atonexit.obj
 0001:00048b04       _RTC_Initialize            0000000180049b04 f   MSVCRT:_initsect_.obj
 0001:00048b3c       _RTC_Terminate             0000000180049b3c f   MSVCRT:_initsect_.obj
 0001:00048b74       _malloc_crt                0000000180049b74 f   MSVCRT:MSVCR100.dll
 0001:00048b80       _ValidateImageBase         0000000180049b80 f   MSVCRT:pesect.obj
 0001:00048bb0       _FindPESection             0000000180049bb0 f   MSVCRT:pesect.obj
 0001:00048c00       _IsNonwritableInCurrentImage 0000000180049c00 f   MSVCRT:pesect.obj
 0001:00048c42       _initterm                  0000000180049c42 f   MSVCRT:MSVCR100.dll
 0001:00048c48       _initterm_e                0000000180049c48 f   MSVCRT:MSVCR100.dll
 0001:00048c4e       _encoded_null              0000000180049c4e f   MSVCRT:MSVCR100.dll
 0001:00048c54       _amsg_exit                 0000000180049c54 f   MSVCRT:MSVCR100.dll
 0001:00048c5a       __C_specific_handler       0000000180049c5a f   MSVCRT:MSVCR100.dll
 0001:00048c60       __CppXcptFilter            0000000180049c60 f   MSVCRT:MSVCR100.dll
 0001:00048c68       DllMain                    0000000180049c68 f   MSVCRT:dllmain.obj
 0001:00048c8c       __security_init_cookie     0000000180049c8c f   MSVCRT:gs_support.obj
 0001:00048d40       __crt_debugger_hook        0000000180049d40 f   MSVCRT:MSVCR100.dll
 0001:00048d46       __clean_type_info_names_internal 0000000180049d46 f   MSVCRT:MSVCR100.dll
 0001:00048d4c       _unlock                    0000000180049d4c f   MSVCRT:MSVCR100.dll
 0001:00048d52       __dllonexit                0000000180049d52 f   MSVCRT:MSVCR100.dll
 0001:00048d58       _lock                      0000000180049d58 f   MSVCRT:MSVCR100.dll
 0001:00048d5e       EncodePointer              0000000180049d5e f   kernel32:KERNEL32.dll
 0001:00048d64       DecodePointer              0000000180049d64 f   kernel32:KERNEL32.dll
 0001:00048d6a       Sleep                      0000000180049d6a f   kernel32:KERNEL32.dll
 0001:00048d70       TerminateProcess           0000000180049d70 f   kernel32:KERNEL32.dll
 0001:00048d76       GetCurrentProcess          0000000180049d76 f   kernel32:KERNEL32.dll
 0001:00048d7c       UnhandledExceptionFilter   0000000180049d7c f   kernel32:KERNEL32.dll
 0001:00048d82       SetUnhandledExceptionFilter 0000000180049d82 f   kernel32:KERNEL32.dll
 0001:00048d88       IsDebuggerPresent          0000000180049d88 f   kernel32:KERNEL32.dll
 0001:00048d8e       RtlVirtualUnwind           0000000180049d8e f   kernel32:KERNEL32.dll
 0001:00048d94       RtlLookupFunctionEntry     0000000180049d94 f   kernel32:KERNEL32.dll
 0001:00048d9a       RtlCaptureContext          0000000180049d9a f   kernel32:KERNEL32.dll
 0001:00048da0       DisableThreadLibraryCalls  0000000180049da0 f   kernel32:KERNEL32.dll
 0001:00048da6       QueryPerformanceCounter    0000000180049da6 f   kernel32:KERNEL32.dll
 0001:00048dac       GetTickCount               0000000180049dac f   kernel32:KERNEL32.dll
 0001:00048db2       GetCurrentThreadId         0000000180049db2 f   kernel32:KERNEL32.dll
 0001:00048db8       GetCurrentProcessId        0000000180049db8 f   kernel32:KERNEL32.dll
 0001:00048dbe       GetSystemTimeAsFileTime    0000000180049dbe f   kernel32:KERNEL32.dll
 0002:00000000       __imp_DisableThreadLibraryCalls 000000018004a000     kernel32:KERNEL32.dll
 0002:00000008       __imp_RtlCaptureContext    000000018004a008     kernel32:KERNEL32.dll
 0002:00000010       __imp_RtlLookupFunctionEntry 000000018004a010     kernel32:KERNEL32.dll
 0002:00000018       __imp_RtlVirtualUnwind     000000018004a018     kernel32:KERNEL32.dll
 0002:00000020       __imp_IsDebuggerPresent    000000018004a020     kernel32:KERNEL32.dll
 0002:00000028       __imp_SetUnhandledExceptionFilter 000000018004a028     kernel32:KERNEL32.dll
 0002:00000030       __imp_UnhandledExceptionFilter 000000018004a030     kernel32:KERNEL32.dll
 0002:00000038       __imp_GetCurrentProcess    000000018004a038     kernel32:KERNEL32.dll
 0002:00000040       __imp_TerminateProcess     000000018004a040     kernel32:KERNEL32.dll
 0002:00000048       __imp_Sleep                000000018004a048     kernel32:KERNEL32.dll
 0002:00000050       __imp_DecodePointer        000000018004a050     kernel32:KERNEL32.dll
 0002:00000058       __imp_EncodePointer        000000018004a058     kernel32:KERNEL32.dll
 0002:00000060       __imp_GetTickCount         000000018004a060     kernel32:KERNEL32.dll
 0002:00000068       __imp_GetCurrentThreadId   000000018004a068     kernel32:KERNEL32.dll
 0002:00000070       __imp_GetCurrentProcessId  000000018004a070     kernel32:KERNEL32.dll
 0002:00000078       __imp_GetSystemTimeAsFileTime 000000018004a078     kernel32:KERNEL32.dll
 0002:00000080       __imp_QueryPerformanceCounter 000000018004a080     kernel32:KERNEL32.dll
 0002:00000088       \177KERNEL32_NULL_THUNK_DATA 000000018004a088     kernel32:KERNEL32.dll
 0002:00000090       __imp_free                 000000018004a090     MSVCRT:MSVCR100.dll
 0002:00000098       __imp__onexit              000000018004a098     MSVCRT:MSVCR100.dll
 0002:000000a0       __imp__lock                000000018004a0a0     MSVCRT:MSVCR100.dll
 0002:000000a8       __imp___dllonexit          000000018004a0a8     MSVCRT:MSVCR100.dll
 0002:000000b0       __imp__unlock              000000018004a0b0     MSVCRT:MSVCR100.dll
 0002:000000b8       __imp___clean_type_info_names_internal 000000018004a0b8     MSVCRT:MSVCR100.dll
 0002:000000c0       __imp___crt_debugger_hook  000000018004a0c0     MSVCRT:MSVCR100.dll
 0002:000000c8       __imp___CppXcptFilter      000000018004a0c8     MSVCRT:MSVCR100.dll
 0002:000000d0       __imp___C_specific_handler 000000018004a0d0     MSVCRT:MSVCR100.dll
 0002:000000d8       __imp__amsg_exit           000000018004a0d8     MSVCRT:MSVCR100.dll
 0002:000000e0       __imp__encoded_null        000000018004a0e0     MSVCRT:MSVCR100.dll
 0002:000000e8       __imp__initterm_e          000000018004a0e8     MSVCRT:MSVCR100.dll
 0002:000000f0       __imp__initterm            000000018004a0f0     MSVCRT:MSVCR100.dll
 0002:000000f8       __imp__malloc_crt          000000018004a0f8     MSVCRT:MSVCR100.dll
 0002:00000100       __imp_ldexp                000000018004a100     MSVCRT:MSVCR100.dll
 0002:00000108       __imp_realloc              000000018004a108     MSVCRT:MSVCR100.dll
 0002:00000110       __imp_calloc               000000018004a110     MSVCRT:MSVCR100.dll
 0002:00000118       __imp__setjmp              000000018004a118     MSVCRT:MSVCR100.dll
 0002:00000120       __imp_strrchr              000000018004a120     MSVCRT:MSVCR100.dll
 0002:00000128       __imp_ceil                 000000018004a128     MSVCRT:MSVCR100.dll
 0002:00000130       __imp_strncmp              000000018004a130     MSVCRT:MSVCR100.dll
 0002:00000138       __imp_longjmp              000000018004a138     MSVCRT:MSVCR100.dll
 0002:00000140       __imp_strncpy              000000018004a140     MSVCRT:MSVCR100.dll
 0002:00000148       __imp_memcpy               000000018004a148     MSVCRT:MSVCR100.dll
 0002:00000150       __imp_strcat               000000018004a150     MSVCRT:MSVCR100.dll
 0002:00000158       __imp_sprintf              000000018004a158     MSVCRT:MSVCR100.dll
 0002:00000160       __imp_strcmp               000000018004a160     MSVCRT:MSVCR100.dll
 0002:00000168       __imp_memset               000000018004a168     MSVCRT:MSVCR100.dll
 0002:00000170       __imp_malloc               000000018004a170     MSVCRT:MSVCR100.dll
 0002:00000178       __imp_strlen               000000018004a178     MSVCRT:MSVCR100.dll
 0002:00000180       \177MSVCR100_NULL_THUNK_DATA 000000018004a180     MSVCRT:MSVCR100.dll
 0002:00000188       __imp_emlrtCheckBuiltInR2009a 000000018004a188     libemlrt:libemlrt.dll
 0002:00000190       __imp_emlrtCheckVsBuiltInR2009a 000000018004a190     libemlrt:libemlrt.dll
 0002:00000198       __imp_emlrtCheckEnumR2009a 000000018004a198     libemlrt:libemlrt.dll
 0002:000001a0       __imp_emlrtIsEnumR2009a    000000018004a1a0     libemlrt:libemlrt.dll
 0002:000001a8       __imp_emlrtGetEnumUnderlyingArrayR2009a 000000018004a1a8     libemlrt:libemlrt.dll
 0002:000001b0       __imp_emlrtImportVsFiArrayR2009b 000000018004a1b0     libemlrt:libemlrt.dll
 0002:000001b8       __imp_emlrtCreateEnumR2010a 000000018004a1b8     libemlrt:libemlrt.dll
 0002:000001c0       __imp_emlrtGetEnumElementR2009a 000000018004a1c0     libemlrt:libemlrt.dll
 0002:000001c8       \177libemlrt_NULL_THUNK_DATA 000000018004a1c8     libemlrt:libemlrt.dll
 0002:000001d0       __imp_ssRegisterDataTypeFxpFSlopeFixExpBias 000000018004a1d0     libfixedpoint:libfixedpoint.dll
 0002:000001d8       \177libfixedpoint_NULL_THUNK_DATA 000000018004a1d8     libfixedpoint:libfixedpoint.dll
 0002:000001e0       __imp_mexErrMsgTxt         000000018004a1e0     libmex:libmex.dll
 0002:000001e8       __imp_mexSetTrapFlag       000000018004a1e8     libmex:libmex.dll
 0002:000001f0       __imp_mexMakeArrayPersistent 000000018004a1f0     libmex:libmex.dll
 0002:000001f8       __imp_mexPutVariable       000000018004a1f8     libmex:libmex.dll
 0002:00000200       __imp_mexCallMATLAB        000000018004a200     libmex:libmex.dll
 0002:00000208       __imp_mexLock              000000018004a208     libmex:libmex.dll
 0002:00000210       __imp_mexMakeMemoryPersistent 000000018004a210     libmex:libmex.dll
 0002:00000218       __imp_mexFunctionName      000000018004a218     libmex:libmex.dll
 0002:00000220       __imp_mexIsLocked          000000018004a220     libmex:libmex.dll
 0002:00000228       __imp_mexGetVariable       000000018004a228     libmex:libmex.dll
 0002:00000230       __imp_mexWarnMsgTxt        000000018004a230     libmex:libmex.dll
 0002:00000238       __imp_mexUnlock            000000018004a238     libmex:libmex.dll
 0002:00000240       \177libmex_NULL_THUNK_DATA 000000018004a240     libmex:libmex.dll
 0002:00000248       __imp_ddot32               000000018004a248     libmwblascompat32:libmwblascompat32.dll
 0002:00000250       \177libmwblascompat32_NULL_THUNK_DATA 000000018004a250     libmwblascompat32:libmwblascompat32.dll
 0002:00000258       __imp_muDoubleScalarAtan   000000018004a258     libmwmathutil:libmwmathutil.dll
 0002:00000260       __imp_muDoubleScalarSin    000000018004a260     libmwmathutil:libmwmathutil.dll
 0002:00000268       __imp_muDoubleScalarCos    000000018004a268     libmwmathutil:libmwmathutil.dll
 0002:00000270       __imp_muDoubleScalarPower  000000018004a270     libmwmathutil:libmwmathutil.dll
 0002:00000278       __imp_muDoubleScalarFloor  000000018004a278     libmwmathutil:libmwmathutil.dll
 0002:00000280       \177libmwmathutil_NULL_THUNK_DATA 000000018004a280     libmwmathutil:libmwmathutil.dll
 0002:00000288       __imp_mxGetN               000000018004a288     libmx:libmx.dll
 0002:00000290       __imp_mxGetM               000000018004a290     libmx:libmx.dll
 0002:00000298       __imp_mxCalloc             000000018004a298     libmx:libmx.dll
 0002:000002a0       __imp_mxGetScalar          000000018004a2a0     libmx:libmx.dll
 0002:000002a8       __imp_mxGetPr              000000018004a2a8     libmx:libmx.dll
 0002:000002b0       __imp_mxIsLogical          000000018004a2b0     libmx:libmx.dll
 0002:000002b8       __imp_mxCreateLogicalScalar 000000018004a2b8     libmx:libmx.dll
 0002:000002c0       __imp_mxIsLogicalScalarTrue 000000018004a2c0     libmx:libmx.dll
 0002:000002c8       __imp_mxGetString_700      000000018004a2c8     libmx:libmx.dll
 0002:000002d0       __imp_mxCreateStringFromNChars_700 000000018004a2d0     libmx:libmx.dll
 0002:000002d8       __imp_mxGetElementSize     000000018004a2d8     libmx:libmx.dll
 0002:000002e0       __imp_mxCreateNumericArray_700 000000018004a2e0     libmx:libmx.dll
 0002:000002e8       __imp_mxGetNumberOfDimensions_700 000000018004a2e8     libmx:libmx.dll
 0002:000002f0       __imp_mxGetDimensions_700  000000018004a2f0     libmx:libmx.dll
 0002:000002f8       __imp_mxCalcSingleSubscript_700 000000018004a2f8     libmx:libmx.dll
 0002:00000300       __imp_mxCreateStructArray_700 000000018004a300     libmx:libmx.dll
 0002:00000308       __imp_mxCreateNumericMatrix_700 000000018004a308     libmx:libmx.dll
 0002:00000310       __imp_mxArrayClassIDName   000000018004a310     libmx:libmx.dll
 0002:00000318       __imp_mxGetImagData        000000018004a318     libmx:libmx.dll
 0002:00000320       __imp_mxGetData            000000018004a320     libmx:libmx.dll
 0002:00000328       __imp_mxIsEmpty            000000018004a328     libmx:libmx.dll
 0002:00000330       __imp_mxIsNaN              000000018004a330     libmx:libmx.dll
 0002:00000338       __imp_mxGetFieldNumber     000000018004a338     libmx:libmx.dll
 0002:00000340       __imp_mxCreateStructMatrix_700 000000018004a340     libmx:libmx.dll
 0002:00000348       __imp_mxGetNumberOfFields  000000018004a348     libmx:libmx.dll
 0002:00000350       __imp_mxGetFieldNameByNumber 000000018004a350     libmx:libmx.dll
 0002:00000358       __imp_mxGetFieldByNumber_700 000000018004a358     libmx:libmx.dll
 0002:00000360       __imp_mxSetFieldByNumber_700 000000018004a360     libmx:libmx.dll
 0002:00000368       __imp_mxIsSparse           000000018004a368     libmx:libmx.dll
 0002:00000370       __imp_mxGetLogicals        000000018004a370     libmx:libmx.dll
 0002:00000378       __imp_mxIsClass            000000018004a378     libmx:libmx.dll
 0002:00000380       __imp_mxIsStruct           000000018004a380     libmx:libmx.dll
 0002:00000388       __imp_mxGetNumberOfElements 000000018004a388     libmx:libmx.dll
 0002:00000390       __imp_mxGetField_700       000000018004a390     libmx:libmx.dll
 0002:00000398       __imp_mxAddField           000000018004a398     libmx:libmx.dll
 0002:000003a0       __imp_mxSetField_700       000000018004a3a0     libmx:libmx.dll
 0002:000003a8       __imp_mxGetClassName       000000018004a3a8     libmx:libmx.dll
 0002:000003b0       __imp_mxGetCell_700        000000018004a3b0     libmx:libmx.dll
 0002:000003b8       __imp_mxSetCell_700        000000018004a3b8     libmx:libmx.dll
 0002:000003c0       __imp_mxCreateCellMatrix_700 000000018004a3c0     libmx:libmx.dll
 0002:000003c8       __imp_mxArrayToString      000000018004a3c8     libmx:libmx.dll
 0002:000003d0       __imp_mxFree               000000018004a3d0     libmx:libmx.dll
 0002:000003d8       __imp_mxIsComplex          000000018004a3d8     libmx:libmx.dll
[...]
 0001:0001da60       ml_generic_out_of_bounds_check 000000018001ea60 f   sfc_mex:sfc_mex.obj
 0001:0001dbb0       ml_get_element_value_from_array 000000018001ebb0 f   sfc_mex:sfc_mex.obj
 0001:0001deb0       _ml_generic_castability_check 000000018001eeb0 f   sfc_mex:sfc_mex.obj
 0001:0001ea80       ml_generic_castability_check 000000018001fa80 f   sfc_mex:sfc_mex.obj
 0001:0001eb20       ml_check_mx_array_for_single_castability 000000018001fb20 f   sfc_mex:sfc_mex.obj
 0001:0001ebc0       ml_check_mx_array_for_logical_castability 000000018001fbc0 f   sfc_mex:sfc_mex.obj
 0001:0001ec60       ml_check_mx_array_for_int8_castability 000000018001fc60 f   sfc_mex:sfc_mex.obj
 0001:0001ed10       ml_check_mx_array_for_uint8_castability 000000018001fd10 f   sfc_mex:sfc_mex.obj
 0001:0001edb0       ml_check_mx_array_for_int16_castability 000000018001fdb0 f   sfc_mex:sfc_mex.obj
 0001:0001ee50       ml_check_mx_array_for_uint16_castability 000000018001fe50 f   sfc_mex:sfc_mex.obj
 0001:0001eef0       ml_check_mx_array_for_int32_castability 000000018001fef0 f   sfc_mex:sfc_mex.obj
 0001:0001ef90       ml_check_mx_array_for_uint32_castability 000000018001ff90 f   sfc_mex:sfc_mex.obj
 0001:0001f030       ml_check_mx_array_for_castability 0000000180020030 f   sfc_mex:sfc_mex.obj
 0001:0001f800       set_data_value             0000000180020800 f   sfc_mex:sfc_mex.obj
 0001:0001fb50       get_data_value             0000000180020b50 f   sfc_mex:sfc_mex.obj
 0001:0001fc40       get_next_element_address   0000000180020c40 f   sfc_mex:sfc_mex.obj
 0001:0001fd10       sf_normalize_index         0000000180020d10 f   sfc_mex:sfc_mex.obj
 0001:000200a0       ml_array_index_bound_check 00000001800210a0 f   sfc_mex:sfc_mex.obj
 0001:00020cb0       mx_value                   0000000180021cb0 f   sfc_mex:sfc_mex.obj
 0001:00020d00       sf_create_numeric_array    0000000180021d00 f   sfc_mex:sfc_mex.obj
 0001:00020da0       sf_mex_assign_to_mx_array  0000000180021da0 f   sfc_mex:sfc_mex.obj
 0001:00021710       assign_from_mx_array       0000000180022710 f   sfc_mex:sfc_mex.obj
 0001:00022990       get_machine_and_chart_file_number 0000000180023990 f   sfc_mex:sfc_sf.obj
 0001:00022a80       get_sfun_block_specialization 0000000180023a80 f   sfc_mex:sfc_sf.obj
 0001:00022b00       call_sf_machine_global_method_dispatcher 0000000180023b00 f   sfc_mex:sfc_sf.obj
 0001:00022d70       mdl_zeroCrossings_processing 0000000180023d70 f   sfc_mex:sfc_sf.obj
 0001:00022e40       mdl_derivatives_processing 0000000180023e40 f   sfc_mex:sfc_sf.obj
 0001:00023100       mdl_outputs_continuous_legacy 0000000180024100 f   sfc_mex:sfc_sf.obj
 0001:00023180       mdl_outputs_processing     0000000180024180 f   sfc_mex:sfc_sf.obj
 0001:00023480       mdl_enable_processing      0000000180024480 f   sfc_mex:sfc_sf.obj
 0001:00023550       mdl_disable_processing     0000000180024550 f   sfc_mex:sfc_sf.obj
 0001:00024040       write_symbol_mapping       0000000180025040 f   sfc_mex:sfc_sf.obj
 0001:000247c0       sf_call_output_fcn_enable_disable 00000001800257c0 f   sfc_mex:sfc_sf.obj
 0001:00024a40       set_dwork_information_from_mx_array 0000000180025a40 f   sfc_mex:sfc_sf.obj
 0001:000251c0       get_dwork_info_from_mat_file 00000001800261c0 f   sfc_mex:sfc_sf.obj
 0001:00025370       ptr2mxStruct               0000000180026370 f   sfc_mex:sfc_sf.obj
 0001:00025780       SNPRINTF_WRAPPER           0000000180026780 f   sfc_debug:sfcdebug.obj
 0001:000257a0       sf_debug_chart_instance_initialized_quick 00000001800267a0 f   sfc_debug:sfcdebug.obj
 0001:000257b0       sf_debug_chart_instance_initialized 00000001800267b0 f   sfc_debug:sfcdebug.obj
 0001:00025950       sfrtAddSize                0000000180026950 f   sfc_debug:sfcdebug.obj
 0001:00025a10       sfrtGenSizeString          0000000180026a10 f   sfc_debug:sfcdebug.obj
 0001:00026190       sf_debug_sim_status_listener 0000000180027190 f   sfc_debug:sfcdebug.obj
 0001:00026700       sf_debug_form_mask_bits    0000000180027700 f   sfc_debug:sfcdebug.obj
 0001:00026740       sf_debug_form_sf_data_type_offsets 0000000180027740 f   sfc_debug:sfcdebug.obj
 0001:00026800       sf_debug_free_all          0000000180027800 f   sfc_debug:sfcdebug.obj
 0001:00026990       sf_debug_append_debugger_context 0000000180027990 f   sfc_debug:sfcdebug.obj
 0001:00026c50       local_strdup               0000000180027c50 f   sfc_debug:sfcdebug.obj
 0001:00027b30       sf_debug_em_terminate      0000000180028b30 f   sfc_debug:sfcdebug.obj
 0001:00027b70       sf_debug_push_eml_function 0000000180028b70 f   sfc_debug:sfcdebug.obj
 0001:00027c10       sf_debug_pop_eml_function  0000000180028c10 f   sfc_debug:sfcdebug.obj
 0001:000288d0       sf_debug_get_machine_number_from_id_or_name 00000001800298d0 f   sfc_debug:sfcdebug.obj
 0001:00028a20       sf_debug_get_chart_number_from_id 0000000180029a20 f   sfc_debug:sfcdebug.obj
 0001:000296d0       sf_debug_transfer_control_to_debugger_GUI 000000018002a6d0 f   sfc_debug:sfcdebug.obj
 0001:0002a6b0       sf_debug_scripts_rehash    000000018002b6b0 f   sfc_debug:sfcdebug.obj
 0001:0002a900       sf_debug_get_script_line_count 000000018002b900 f   sfc_debug:sfcdebug.obj
 0001:0002b050       cv_eml_state_cvId          000000018002c050 f   sfc_debug:sfcdebug.obj
 0001:0002c570       sf_debug_data_array_bounds_error 000000018002d570 f   sfc_debug:sfcdebug.obj
 0001:0002c970       eml_debug_runtime_error_doclink 000000018002d970 f   sfc_debug:sfcdebug.obj
 0001:0002cae0       sf_debug_runtime_error     000000018002dae0 f   sfc_debug:sfcdebug.obj
 0001:0002cb50       sf_debug_matlab_error      000000018002db50 f   sfc_debug:sfcdebug.obj
 0001:0002d390       sf_debug_data_value_error  000000018002e390 f   sfc_debug:sfcdebug.obj
 0001:0002dc50       sf_debug_data_loss_error   000000018002ec50 f   sfc_debug:sfcdebug.obj
 0001:0002e860       call_cv_range_check        000000018002f860 f   sfc_debug:sfcdebug.obj
 0001:0002f150       sf_debug_invoke_cycle_detection_code 0000000180030150 f   sfc_debug:sfcdebug.obj
 0001:0002ffb0       sf_reset_debug_info_struct 0000000180030fb0 f   sfc_debug:sfcdebug.obj
 0001:00030a70       cv_script_cvId             0000000180031a70 f   sfc_debug:sfcdebug.obj
 0001:00031ef0       sfc_api_chart_visible      0000000180032ef0 f   sfc_debug:sfc_api.obj
 0001:00031f70       sfc_api_active_instance    0000000180032f70 f   sfc_debug:sfc_api.obj
 0001:00031ff0       sfc_api_machine_load       0000000180032ff0 f   sfc_debug:sfc_api.obj
 0001:000320c0       sfc_api_debugger_alive     00000001800330c0 f   sfc_debug:sfc_api.obj
 0001:000320d0       sfc_api_go                 00000001800330d0 f   sfc_debug:sfc_api.obj
 0001:000320e0       sfc_api_step_over          00000001800330e0 f   sfc_debug:sfc_api.obj
 0001:000320f0       sfc_api_step_out           00000001800330f0 f   sfc_debug:sfc_api.obj
 0001:00032100       sfc_api_resume             0000000180033100 f   sfc_debug:sfc_api.obj
 0001:00032110       sfc_api_break              0000000180033110 f   sfc_debug:sfc_api.obj
 0001:00032120       sfc_api_stop_debugging     0000000180033120 f   sfc_debug:sfc_api.obj
 0001:00032170       sfc_api_is_cycle_detected  0000000180033170 f   sfc_debug:sfc_api.obj
 0001:000321c0       sfc_api_is_array_bounds_detected 00000001800331c0 f   sfc_debug:sfc_api.obj
 0001:00032210       sfc_api_set_disable_all_breakpoints 0000000180033210 f   sfc_debug:sfc_api.obj
 0001:00032280       sfc_api_disable_all_breakpoints_and_go 0000000180033280 f   sfc_debug:sfc_api.obj
 0001:00032290       sfc_api_close              0000000180033290 f   sfc_debug:sfc_api.obj
 0001:000322a0       sfc_api_browse_data        00000001800332a0 f   sfc_debug:sfc_api.obj
 0001:00032310       sfc_api_watch_data         0000000180033310 f   sfc_debug:sfc_api.obj
 0001:000323b0       sfc_api_whos               00000001800333b0 f   sfc_debug:sfc_api.obj
 0001:00032440       sfc_api_get_consistency_info 0000000180033440 f   sfc_debug:sfc_api.obj
 0001:00032450       sfc_api_browse_trace       0000000180033450 f   sfc_debug:sfc_api.obj
 0001:00032460       sfc_api_break_on_chart_entry 0000000180033460 f   sfc_debug:sfc_api.obj
 0001:00032480       sfc_api_break_on_event_broadcast 0000000180033480 f   sfc_debug:sfc_api.obj
 0001:000324a0       sfc_api_break_on_state_entry 00000001800334a0 f   sfc_debug:sfc_api.obj
 0001:000324c0       sfc_api_set_watch          00000001800334c0 f   sfc_debug:sfc_api.obj
 0001:00032560       sfc_api_set_breakpoints    0000000180033560 f   sfc_debug:sfc_api.obj
 0001:00032600       sfc_api_set_eml_breakpoints 0000000180033600 f   sfc_debug:sfc_api.obj
 0001:00032680       sfc_api_set_script_breakpoints 0000000180033680 f   sfc_debug:sfc_api.obj
 0001:000326d0       sfc_api_add_script_breakpoints 00000001800336d0 f   sfc_debug:sfc_api.obj
 0001:00032720       sfc_api_clear_script_breakpoints 0000000180033720 f   sfc_debug:sfc_api.obj
 0001:00032770       sfc_api_query_script_breakpoints 0000000180033770 f   sfc_debug:sfc_api.obj
 0001:000327d0       sfc_api_get_script_id      00000001800337d0 f   sfc_debug:sfc_api.obj
 0001:00032890       sfc_api_get_active_states  0000000180033890 f   sfc_debug:sfc_api.obj
 0001:00032910       sfc_api_break_between_times 0000000180033910 f   sfc_debug:sfc_api.obj
 0001:00032970       sfc_api_get_instance_handle 0000000180033970 f   sfc_debug:sfc_api.obj
 0001:00032a20       sfc_api_get_coverage       0000000180033a20 f   sfc_debug:sfc_api.obj
 0001:00032aa0       sfc_api_set_animation      0000000180033aa0 f   sfc_debug:sfc_api.obj
 0001:00032af0       sfc_api_select_chart       0000000180033af0 f   sfc_debug:sfc_api.obj
 0001:00032b50       sfc_api_select_charts      0000000180033b50 f   sfc_debug:sfc_api.obj
 0001:00032b80       sfc_api_cycle_detection_check 0000000180033b80 f   sfc_debug:sfc_api.obj
 0001:00032bd0       sfc_api_data_range_check   0000000180033bd0 f   sfc_debug:sfc_api.obj
 0001:00032c20       sfc_api_transition_conflict_check 0000000180033c20 f   sfc_debug:sfc_api.obj
 0001:00032c70       sfc_api_state_consistency_check 0000000180033c70 f   sfc_debug:sfc_api.obj
 0001:00032cc0       sfc_api_set_instance_cv_ids 0000000180033cc0 f   sfc_debug:sfc_api.obj
 0001:00032dd0       sfc_api_set_script_cv_ids  0000000180033dd0 f   sfc_debug:sfc_api.obj
 0001:00032e70       sfc_api_get_current_machine_id 0000000180033e70 f   sfc_debug:sfc_api.obj
 0001:00032ea0       sfc_api_get_current_machine_number 0000000180033ea0 f   sfc_debug:sfc_api.obj
 0001:00032ed0       sfc_api_get_current_chart_number 0000000180033ed0 f   sfc_debug:sfc_api.obj
 0001:00032f00       sfc_api_get_current_instance_number 0000000180033f00 f   sfc_debug:sfc_api.obj
 0001:00032f30       sfc_api_get_current_instance_handle 0000000180033f30 f   sfc_debug:sfc_api.obj
 0001:00032f50       sfc_api_get_current_is_minor_time_step 0000000180033f50 f   sfc_debug:sfc_api.obj
 0001:00032f80       sfc_api_get_current_machine_name 0000000180033f80 f   sfc_debug:sfc_api.obj
 0001:00032fa0       sfc_api_get_current_chart_id 0000000180033fa0 f   sfc_debug:sfc_api.obj
 0001:00032fd0       sfc_api_get_current_object_type 0000000180033fd0 f   sfc_debug:sfc_api.obj
 0001:00033000       sfc_api_get_current_event_type 0000000180034000 f   sfc_debug:sfc_api.obj
 0001:00033030       sfc_api_get_current_object_id 0000000180034030 f   sfc_debug:sfc_api.obj
 0001:00033060       sfc_get_current_active_event_type 0000000180034060 f   sfc_debug:sfc_api.obj
 0001:00033090       sfc_api_get_current_active_event_id 0000000180034090 f   sfc_debug:sfc_api.obj
 0001:000330c0       sfc_api_get_current_simulation_time 00000001800340c0 f   sfc_debug:sfc_api.obj
 0001:000330e0       sfc_get_current_tag_type   00000001800340e0 f   sfc_debug:sfc_api.obj
 0001:00033110       sfc_get_current_coverage_percentage 0000000180034110 f   sfc_debug:sfc_api.obj
 0001:00033130       sfc_get_current_statement_context 0000000180034130 f   sfc_debug:sfc_api.obj
 0001:00033150       sfc_get_current_optional_integer 0000000180034150 f   sfc_debug:sfc_api.obj
 0001:00033170       sfc_get_current_statement_info 0000000180034170 f   sfc_debug:sfc_api.obj
 0001:00033210       sfc_api_get                0000000180034210 f   sfc_debug:sfc_api.obj
 0001:00033370       sf_debug_sm_is_using_unified_editors 0000000180034370 f   sfc_debug:sfdb_animation.obj
 0001:00033410       sf_debug_sm_is_chart_visible_in_unified_editors 0000000180034410 f   sfc_debug:sfdb_animation.obj
 0001:000334d0       sf_debug_sm_check_if_chart_is_visible 00000001800344d0 f   sfc_debug:sfdb_animation.obj
 0001:000340e0       sf_debug_sm_fill_state_activity_data 00000001800350e0 f   sfc_debug:sfdb_animation.obj
 0001:000366f0       sf_debug_hm_get_simulink_handle 00000001800376f0 f   sfc_debug:sfdb_handle_management.obj
 0001:000372e0       sf_debug_hm_initialize_globals 00000001800382e0 f   sfc_debug:sfdb_handle_management.obj
 0001:000373e0       sf_debug_hm_get_machine_debug_flag 00000001800383e0 f   sfc_debug:sfdb_handle_management.obj
 0001:00037550       sf_debug_hm_get_machine_id 0000000180038550 f   sfc_debug:sfdb_handle_management.obj
 0001:00037670       sf_debug_hm_get_chart_id   0000000180038670 f   sfc_debug:sfdb_handle_management.obj
 0001:00037810       sf_debug_hm_register_executing_SFunction 0000000180038810 f   sfc_debug:sfdb_handle_management.obj
 0001:000379a0       sf_debug_hm_get_chart_active_instance 00000001800389a0 f   sfc_debug:sfdb_handle_management.obj
 0001:00037b10       sf_debug_hm_get_chart_visibility 0000000180038b10 f   sfc_debug:sfdb_handle_management.obj
 0001:00037c60       sf_debug_hm_form_object_boolean_properties 0000000180038c60 f   sfc_debug:sfdb_handle_management.obj
 0001:00037f30       sf_debug_hm_form_object_properties 0000000180038f30 f   sfc_debug:sfdb_handle_management.obj
 0001:00038170       sf_debug_hm_terminate_charts 0000000180039170 f   sfc_debug:sfdb_handle_management.obj
 0001:000388b0       sf_debug_hm_terminate_machines 00000001800398b0 f   sfc_debug:sfdb_handle_management.obj
 0001:0003a3b0       void_ptr_stack_vector_free_total 000000018003b3b0 f   sfc_debug:sfdb_data_browse.obj
 0001:0003a440       sf_debug_st_terminate_machine 000000018003b440 f   sfc_debug:sfdb_data_browse.obj
 0001:0003a570       sf_debug_st_terminate_instance 000000018003b570 f   sfc_debug:sfdb_data_browse.obj
 0001:0003aa20       push_on_to_void_ptr_stack  000000018003ba20 f   sfc_debug:sfdb_data_browse.obj
 0001:0003abb0       pop_from_void_ptr_stack    000000018003bbb0 f   sfc_debug:sfdb_data_browse.obj
 0001:0003ace0       sf_debug_st_get_data_value 000000018003bce0 f   sfc_debug:sfdb_data_browse.obj
 0001:0003b210       mx_value                   000000018003c210 f   sfc_debug:sfdb_data_browse.obj
 0001:0003b250       sf_debug_st_fill_data_struct 000000018003c250 f   sfc_debug:sfdb_data_browse.obj
 0001:0003b590       data_type_format_strings   000000018003c590 f   sfc_debug:sfdb_data_browse.obj
 0001:0003b640       sf_debug_st_fill_data      000000018003c640 f   sfc_debug:sfdb_data_browse.obj
 0001:0003c8d0       sf_debug_ss_copy_dimension 000000018003d8d0 f   sfc_debug:sfdb_symbol_scope.obj
 0001:0003c990       sf_debug_ss_get_number_elements 000000018003d990 f   sfc_debug:sfdb_symbol_scope.obj
 0001:0003c9b0       sf_debug_ss_fill_data_struct 000000018003d9b0 f   sfc_debug:sfdb_symbol_scope.obj
 0001:0003cd00       sf_debug_ss_reset_data_info 000000018003dd00 f   sfc_debug:sfdb_symbol_scope.obj
 0001:0003cd60       sf_debug_fill_data_info_by_symbol_scope_entry 000000018003dd60 f   sfc_debug:sfdb_symbol_scope.obj
 0001:0003ce10       sf_debug_fill_data_info_by_data_vector 000000018003de10 f   sfc_debug:sfdb_symbol_scope.obj
 0001:0003d050       sf_debug_ss_get_data_info  000000018003e050 f   sfc_debug:sfdb_symbol_scope.obj
 0001:0003d480       sf_debug_ss_get_data_value 000000018003e480 f   sfc_debug:sfdb_symbol_scope.obj
 0001:0003d910       sf_debug_ss_data_bytes_string 000000018003e910 f   sfc_debug:sfdb_symbol_scope.obj
 0001:0003d9c0       sf_debug_ss_data_class_string 000000018003e9c0 f   sfc_debug:sfdb_symbol_scope.obj
 0001:0003dd50       sf_debug_ss_data_size_string 000000018003ed50 f   sfc_debug:sfdb_symbol_scope.obj
 0001:0003de30       sf_debug_ss_data_create_data_info_struct 000000018003ee30 f   sfc_debug:sfdb_symbol_scope.obj
 0001:0003e090       sf_debug_ss_data_create_name_value_pair 000000018003f090 f   sfc_debug:sfdb_symbol_scope.obj
 0001:0003e130       sf_debug_ss_data_get_whos_info 000000018003f130 f   sfc_debug:sfdb_symbol_scope.obj
 0001:0003e1f0       same_named_data_in_data_array 000000018003f1f0 f   sfc_debug:sfdb_symbol_scope.obj
 0001:0003fbf0       sf_debug_cc_terminate_chart 0000000180040bf0 f   sfc_debug:sfdb_coverage.obj
 0001:0003ff90       sf_debug_cc_terminate_instance 0000000180040f90 f   sfc_debug:sfdb_coverage.obj
 0001:00040b90       sf_debug_cc_mark_object_if_needed 0000000180041b90 f   sfc_debug:sfdb_coverage.obj
 0001:000412f0       sf_debug_cc_fill_transition_coverage_data 00000001800422f0 f   sfc_debug:sfdb_coverage.obj
 0001:00041480       sf_debug_cc_fill_transition_coverage_map 0000000180042480 f   sfc_debug:sfdb_coverage.obj
 0001:00041730       sf_debug_cc_fill_state_coverage_map 0000000180042730 f   sfc_debug:sfdb_coverage.obj
 0001:00041980       sf_debug_cc_fill_state_coverage_data 0000000180042980 f   sfc_debug:sfdb_coverage.obj
 0001:000425b0       sf_debug_bm_initialize_eml 00000001800435b0 f   sfc_debug:sfdb_breakpoints.obj
 0001:00043700       sf_debug_bm_map_debug_tag_to_breakpoint_tag 0000000180044700 f   sfc_debug:sfdb_breakpoints.obj
 0001:000437e0       sf_debug_bm_is_a_eml_breakpoint_impl 00000001800447e0 f   sfc_debug:sfdb_breakpoints.obj
 0001:00045440       sf_debug_sc_push_on_error_stack 0000000180046440 f   sfc_debug:sfdb_state_consistency.obj
 0001:00045570       sf_debug_sc_reset_error_stack 0000000180046570 f   sfc_debug:sfdb_state_consistency.obj
 0001:00045700       sf_debug_sc_is_state_inconsistent 0000000180046700 f   sfc_debug:sfdb_state_consistency.obj
 0001:00045a00       sf_debug_sc_fill_consistency_info 0000000180046a00 f   sfc_debug:sfdb_state_consistency.obj
 0001:00045fb0       void_assertion_fcn         0000000180046fb0 f   sfc_debug:sfdb_call_stack.obj
 0001:00046540       sf_debug_tm_fill_local_trace 0000000180047540 f   sfc_debug:sfdb_call_stack.obj
 0001:00046ae0       sf_debug_cd_terminate_instance 0000000180047ae0 f   sfc_debug:sfdb_cycle_detection.obj
 0001:00046b40       sf_debug_cd_free_checksum_stack 0000000180047b40 f   sfc_debug:sfdb_cycle_detection.obj
 0001:00046b90       sf_debug_cd_reset_pack_strings 0000000180047b90 f   sfc_debug:sfdb_cycle_detection.obj
 0001:00047250       md5file_clear              0000000180048250 f   sfc_debug:ckmd5.obj
 0001:00047280       Encode                     0000000180048280 f   sfc_debug:ckmd5.obj
 0001:000472d0       Decode                     00000001800482d0 f   sfc_debug:ckmd5.obj
 0001:00047370       MD5Transform               0000000180048370 f   sfc_debug:ckmd5.obj
 0001:00047bc0       md5file_addn               0000000180048bc0 f   sfc_debug:ckmd5.obj
 0001:00047c90       md5file_hash               0000000180048c90 f   sfc_debug:ckmd5.obj
 0001:00048478       pre_c_init                 0000000180049478 f   MSVCRT:crtdll.obj
 0001:00048734       __DllMainCRTStartup        0000000180049734 f   MSVCRT:crtdll.obj
 0001:00048dd0       __DllMainCRTStartup$filt$0 0000000180049dd0 f   MSVCRT:crtdll.obj
 0001:00048e00       __DllMainCRTStartup$fin$1  0000000180049e00 f   MSVCRT:crtdll.obj
 0001:00048e1a       _onexit$fin$0              0000000180049e1a f   MSVCRT:atonexit.obj
 0001:00048e40       _IsNonwritableInCurrentImage$filt$0 0000000180049e40 f   MSVCRT:pesect.obj
